 speed_controller_copy_slrt

 Timestamp is 6567e1aa (Wed Nov 29 17:13:14 2023)

 Preferred load address is 10000000

 Start         Length     Name                   Class
 0001:00000000 0006f19aH .text$mn                CODE
 0001:0006f19a 00001085H .text$x                 CODE
 0002:00000000 00000104H .CRT$XCA                DATA
 0002:00000104 00000104H .CRT$XCZ                DATA
 0002:00000208 00000104H .CRT$XIA                DATA
 0002:0000030c 00000110H .CRT$XIC                DATA
 0002:0000041c 00000104H .CRT$XIZ                DATA
 0002:00000520 00000104H .CRT$XPA                DATA
 0002:00000624 0000010cH .CRT$XPX                DATA
 0002:00000730 00000104H .CRT$XPXA               DATA
 0002:00000834 00000104H .CRT$XPZ                DATA
 0002:00000938 00000104H .CRT$XTA                DATA
 0002:00000a3c 00000104H .CRT$XTZ                DATA
 0002:00000b40 0000f9a0H .rdata                  DATA
 0002:000104e0 00000450H .rdata$r                DATA
 0002:00010930 00000128H .rdata$sxdata           DATA
 0002:00010a58 000001c4H .rdata$zzzdbg           DATA
 0002:00010c1c 00000104H .rtc$IAA                DATA
 0002:00010d20 00000104H .rtc$IZZ                DATA
 0002:00010e24 00000104H .rtc$TAA                DATA
 0002:00010f28 00000108H .rtc$TZZ                DATA
 0002:00011030 00000ce0H .xdata$x                DATA
 0002:00011d10 00000210H .edata                  DATA
 0003:00000000 000014dcH .data                   DATA
 0003:000014dc 00000264H .data$r                 DATA
 0003:00001740 000159fcH .bss                    DATA
 0004:00000000 000001b4H .idata$5                DATA
 0004:000001b4 00000014H .idata$2                DATA
 0004:000001c8 00000014H .idata$3                DATA
 0004:000001dc 000001b4H .idata$4                DATA
 0004:00000390 000007a2H .idata$6                DATA
 0005:00000000 00000104H .00cfg                  DATA

  Address         Publics by Value              Rva+Base       Lib:Object

 0000:00000000       ___guard_fids_table        00000000     <absolute>
 0000:00000000       ___hybrid_code_map         00000000     <absolute>
 0000:00000000       __except_list              00000000     <absolute>
 0000:00000000       ___hybrid_code_map_count   00000000     <absolute>
 0000:00000000       ___guard_longjmp_table     00000000     <absolute>
 0000:00000000       ___hybrid_auxiliary_iat    00000000     <absolute>
 0000:00000000       ___enclave_config          00000000     <absolute>
 0000:00000000       ___dynamic_value_reloc_table 00000000     <absolute>
 0000:00000000       ___guard_iat_count         00000000     <absolute>
 0000:00000000       ___guard_iat_table         00000000     <absolute>
 0000:00000000       ___guard_fids_count        00000000     <absolute>
 0000:00000000       ___guard_longjmp_count     00000000     <absolute>
 0000:00000008       ___safe_se_handler_count   00000008     <absolute>
 0000:00000100       ___guard_flags             00000100     <absolute>
 0000:00000000       ___ImageBase               10000000     <linker-defined>
 0001:00006390       _MdlInitialize             10007390 f   speed_controller_copy.obj
 0001:000063a0       _MdlInitializeSampleTimes  100073a0 f   speed_controller_copy.obj
 0001:000063b0       _MdlInitializeSizes        100073b0 f   speed_controller_copy.obj
 0001:000063c0       _MdlOutputs                100073c0 f   speed_controller_copy.obj
 0001:000063d0       _MdlStart                  100073d0 f   speed_controller_copy.obj
 0001:000063e0       _MdlTerminate              100073e0 f   speed_controller_copy.obj
 0001:00006440       _MdlUpdate                 10007440 f   speed_controller_copy.obj
 0001:000065a0       ___local_stdio_printf_options 100075a0 f i speed_controller_copy.obj
 0001:000065b0       __vfprintf_l               100075b0 f i speed_controller_copy.obj
 0001:000065e0       _printf                    100075e0 f i speed_controller_copy.obj
 0001:00006620       _speed_controller_copy     10007620 f   speed_controller_copy.obj
 0001:00008bb0       _rt_mxCreateCharMatrixFromStrings 10009bb0 f   rt_matrx.obj
 0001:00008d10       _rt_mxCreateDoubleMatrix   10009d10 f   rt_matrx.obj
 0001:00008d70       _rt_mxCreateNumericArray   10009d70 f   rt_matrx.obj
 0001:00008de0       _rt_mxCreateString         10009de0 f   rt_matrx.obj
 0001:00008e70       _rt_mxDuplicateArray       10009e70 f   rt_matrx.obj
 0001:00008ed0       _rt_mxGetDimensions        10009ed0 f   rt_matrx.obj
 0001:00008f10       _rt_mxGetEps               10009f10 f   rt_matrx.obj
 0001:00008f20       _rt_mxGetString            10009f20 f   rt_matrx.obj
 0001:00008fa0       _rtPrintfNoOp              10009fa0 f   rt_printf.obj
 0001:00008fb0       __vsnprintf_l              10009fb0 f i rt_logging.obj
 0001:00008ff0       __vsprintf_l               10009ff0 f i rt_logging.obj
 0001:00009030       _fprintf                   1000a030 f i rt_logging.obj
 0001:00009530       _rt_CreateLogVar           1000a530 f   rt_logging.obj
 0001:000095c0       _rt_CreateLogVarWithConvert 1000a5c0 f   rt_logging.obj
 0001:00009ef0       _rt_CreateStructLogVar     1000aef0 f   rt_logging.obj
 0001:0000ac70       _rt_GetMxIdFromDTypeId     1000bc70 f   rt_logging.obj
 0001:0000aca0       _rt_GetMxIdFromDTypeIdForRSim 1000bca0 f   rt_logging.obj
 0001:0000d850       _rt_StartDataLogging       1000e850 f   rt_logging.obj
 0001:0000dd10       _rt_StartDataLoggingWithStartTime 1000ed10 f   rt_logging.obj
 0001:0000e180       _rt_StopDataLogging        1000f180 f   rt_logging.obj
 0001:0000e1a0       _rt_StopDataLoggingImpl    1000f1a0 f   rt_logging.obj
 0001:0000e5c0       _rt_UpdateLogVar           1000f5c0 f   rt_logging.obj
 0001:0000f730       _rt_UpdateStructLogVar     10010730 f   rt_logging.obj
 0001:0000f7c0       _rt_UpdateTXXFYLogVars     100107c0 f   rt_logging.obj
 0001:0000fc20       _rt_UpdateTXYLogVars       10010c20 f   rt_logging.obj
 0001:0000fe60       _rt_getTempMemory          10010e60 f   rt_logging.obj
 0001:0000feb0       _sprintf                   10010eb0 f i rt_logging.obj
 0001:0000fef0       _rtGetInf                  10010ef0 f   rtGetInf.obj
 0001:0000ff20       _rtGetInfF                 10010f20 f   rtGetInf.obj
 0001:0000ff40       _rtGetMinusInf             10010f40 f   rtGetInf.obj
 0001:0000ff70       _rtGetMinusInfF            10010f70 f   rtGetInf.obj
 0001:0000ff90       _rtGetNaN                  10010f90 f   rtGetNaN.obj
 0001:0000ffc0       _rtGetNaNF                 10010fc0 f   rtGetNaN.obj
 0001:0000ffe0       _rtIsInf                   10010fe0 f   rt_nonfinite.obj
 0001:00010020       _rtIsInfF                  10011020 f   rt_nonfinite.obj
 0001:00010060       _rtIsNaN                   10011060 f   rt_nonfinite.obj
 0001:00010070       _rtIsNaNF                  10011070 f   rt_nonfinite.obj
 0001:00010080       _rt_InitInfAndNaN          10011080 f   rt_nonfinite.obj
 0001:000100e0       _speed_controller_copy_GetCAPIStaticMap 100110e0 f   speed_controller_copy_capi.obj
 0001:000100f0       _speed_controller_copy_InitializeDataMapInfo 100110f0 f   speed_controller_copy_capi.obj
 0001:000101c0       _mdlXcp_GetMdlXcpInfo      100111c0 f   speed_controller_copy_xcp.obj
 0001:000101d0       _SLRT_update_TET           100111d0 f   speed_controller_copy_xcp_TET.obj
 0001:000102a0       _rt_CleanUpForStateLogWithMMI 100112a0 f   rt_logging_mmi.obj
 0001:000103b0       _rt_FillStateSigInfoFromMMI 100113b0 f   rt_logging_mmi.obj
 0001:00010750       _rtwCAPI_CountSysRan       10011750 f   rtw_modelmap_utils.obj
 0001:000107f0       _rtwCAPI_EncodePath        100117f0 f   rtw_modelmap_utils.obj
 0001:00010900       _rtwCAPI_FillSysRan        10011900 f   rtw_modelmap_utils.obj
 0001:000109f0       _rtwCAPI_FreeFullPaths     100119f0 f   rtw_modelmap_utils.obj
 0001:00010a80       _rtwCAPI_GetFullStateBlockPath 10011a80 f   rtw_modelmap_utils.obj
 0001:00010c10       _rtwCAPI_GetNumContStateRecords 10011c10 f   rtw_modelmap_utils.obj
 0001:00010cd0       _rtwCAPI_GetNumSigLogRecords 10011cd0 f   rtw_modelmap_utils.obj
 0001:00010d20       _rtwCAPI_GetNumSigLogRecordsForRTWLogging 10011d20 f   rtw_modelmap_utils.obj
 0001:00010dc0       _rtwCAPI_GetNumStateRecords 10011dc0 f   rtw_modelmap_utils.obj
 0001:00010e10       _rtwCAPI_GetNumStateRecordsForRTWLogging 10011e10 f   rtw_modelmap_utils.obj
 0001:00010eb0       _rtwCAPI_GetSigAddrFromMap 10011eb0 f   rtw_modelmap_utils.obj
 0001:00010f70       _rtwCAPI_GetSigLogRecordInfo 10011f70 f   rtw_modelmap_utils.obj
 0001:000113a0       _rtwCAPI_GetStateRecordInfo 100123a0 f   rtw_modelmap_utils.obj
 0001:00011860       _rtwCAPI_GetStateWidth     10012860 f   rtw_modelmap_utils.obj
 0001:000118c0       _rtwCAPI_HasStates         100128c0 f   rtw_modelmap_utils.obj
 0001:00011920       _rtwCAPI_UpdateFullPaths   10012920 f   rtw_modelmap_utils.obj
 0001:00011b00       _timestamp_x86             10012b00 f   host_timer_x86.obj
 0001:00011b10       _taskTimeEnd               10012b10 f   xpc_code_profiling_utility_functions.obj
 0001:00011b20       _taskTimeEnd_              10012b20 f   xpc_code_profiling_utility_functions.obj
 0001:00011b30       _taskTimeStart             10012b30 f   xpc_code_profiling_utility_functions.obj
 0001:00011b40       _taskTimeStart_            10012b40 f   xpc_code_profiling_utility_functions.obj
 0001:00011b50       _xilProfilingTimerFreeze   10012b50 f   xpc_code_profiling_utility_functions.obj
 0001:00011b60       _xilProfilingTimerUnFreeze 10012b60 f   xpc_code_profiling_utility_functions.obj
 0001:00011b70       _xilUploadProfilingData    10012b70 f   xpc_code_profiling_utility_functions.obj
 0001:00011b80       _DllMain@12                10012b80 f   xpctarget.obj
 0001:00011b90       _SLRTSetErrorStatus        10012b90 f   xpctarget.obj
 0001:00011bb0       _changeStepSize            10012bb0 f   xpctarget.obj
 0001:00011c00       _getDLMVersion             10012c00 f   xpctarget.obj
 0001:00011c10       _getRefMdlPath             10012c10 f   xpctarget.obj
 0001:00011c90       _getRefMdlSignalNumber     10012c90 f   xpctarget.obj
 0001:00011d40       _getrlmdlinfo              10012d40 f   xpctarget.obj
 0001:00011ea0       _speed_controller_copy_ChangeStepSize 10012ea0 f   xpctarget.obj
 0001:00011ef0       _updateDiscreteEvents      10012ef0 f   xpctarget.obj
 0001:00011f00       _getNumRef                 10012f00 f   appmappingData.obj
 0001:00011f10       _vprintf                   10012f10 f i legacy_stdio.obj
 0001:00012780       _sg_IO101_da_s             10013780 f   sg_IO101_da_s.obj
 0001:00012d00       _sg_IO101_setup_s          10013d00 f   sg_IO101_setup_s.obj
 0001:00013330       _sg_IO106_ad_s             10014330 f   sg_IO106_ad_s.obj
 0001:000138f0       _sg_IO106_setup_s          100148f0 f   sg_IO106_setup_s.obj
 0001:00013940       _sg_findPciDevice          10014940 f   sglibc_MSVC140_vc:sglibc.obj
 0001:00013b40       _sg_module_get             10014b40 f   sglibc_MSVC140_vc:sglibc.obj
 0001:00013c00       _sg_module_register        10014c00 f   sglibc_MSVC140_vc:sglibc.obj
 0001:00013cc0       _sg_module_unregister      10014cc0 f   sglibc_MSVC140_vc:sglibc.obj
 0001:00013d50       _sg_wait_ns                10014d50 f   sglibc_MSVC140_vc:sglibc.obj
 0001:00013db0       _GetPCIDeviceFull          10014db0 f   xpcruntime:xpcimports.obj
 0001:00013f20       _GetPCIDeviceFunction      10014f20 f   xpcruntime:xpcimports.obj
 0001:00014090       _ShowPCIDevice             10015090 f   xpcruntime:xpcimports.obj
 0001:000146c0       _slrtGetPciConfigAtFunction 100156c0 f   xpcruntime:xpcimports.obj
 0001:00014a30       _xpcGetPciConfigAtSlot     10015a30 f   xpcruntime:xpcimports.obj
 0001:00014a50       _xpcInitProcs              10015a50 f   xpcruntime:xpcimports.obj
 0001:00015f80       _xpceuploadevent           10016f80 f   xpcruntime:xpcimports.obj
 0001:00015f90       _restoreInterrupts         10016f90 f   xpcruntime:xpcPCFunctions.obj
 0001:00015fa0       _rl32eGetTicksDouble       10016fa0 f   xpcruntime:xpcPCFunctions.obj
 0001:00016020       _saveAndDisableInterrupts  10017020 f   xpcruntime:xpcPCFunctions.obj
 0001:00016040       _xPCSubtractTime           10017040 f   xpcruntime:xpcPCFunctions.obj
 0001:00016070       _xpcSubtractTime           10017070 f   xpcruntime:xpcPCFunctions.obj
 0001:00016150       __ftoui3                   10017150 f   LIBCMT:_ftol3_.obj
 0001:0001615f       __ftoul3                   1001715f f   LIBCMT:_ftol3_.obj
 0001:0001616e       __ftol3                    1001716e f   LIBCMT:_ftol3_.obj
 0001:0001617b       __ftol3_NaN                1001717b f   LIBCMT:_ftol3_.obj
 0001:00016193       __ftol3_work               10017193 f   LIBCMT:_ftol3_.obj
 0001:00016219       __ftol3_common             10017219 f   LIBCMT:_ftol3_.obj
 0001:000162db       __ftol3_arg_error          100172db f   LIBCMT:_ftol3_.obj
 0001:000162ed       __ftol3_except             100172ed f   LIBCMT:_ftol3_.obj
 0001:00016331       __dtoui3                   10017331 f   LIBCMT:_ftol3_.obj
 0001:00016340       __dtoul3                   10017340 f   LIBCMT:_ftol3_.obj
 0001:0001634f       __dtol3                    1001734f f   LIBCMT:_ftol3_.obj
 0001:0001635c       __dtol3_NaN                1001735c f   LIBCMT:_ftol3_.obj
 0001:00016379       __dtol3_work               10017379 f   LIBCMT:_ftol3_.obj
 0001:00016460       __ultod3                   10017460 f   LIBCMT:_ftol3_.obj
 0001:000164a0       __ltod3                    100174a0 f   LIBCMT:_ftol3_.obj
 0001:000165a4       ___raise_securityfailure   100175a4 f   LIBCMT:gs_report.obj
 0001:000165d6       ___report_gsfailure        100175d6 f   LIBCMT:gs_report.obj
 0001:0001670f       ___report_rangecheckfailure 1001770f f   LIBCMT:gs_report.obj
 0001:0001671e       ___report_securityfailure  1001771e f   LIBCMT:gs_report.obj
 0001:00016822       ___report_securityfailureEx 10017822 f   LIBCMT:gs_report.obj
 0001:0001697d       @__security_check_cookie@4 1001797d f   LIBCMT:_secchk_.obj
 0001:00016992       ___isa_available_init      10017992 f   LIBCMT:_cpu_disp_.obj
 0001:00016f93       __CRT_INIT@12              10017f93 f   LIBCMT:dll_dllmain.obj
 0001:00016f9e       __DllMainCRTStartup@12     10017f9e f   LIBCMT:dll_dllmain.obj
 0001:0001702b       ___security_init_cookie    1001802b f   LIBCMT:gs_support.obj
 0001:00017088       ?__scrt_initialize_type_info@@YAXXZ 10018088 f   LIBCMT:tncleanup.obj
 0001:00017097       ?__scrt_uninitialize_type_info@@YAXXZ 10018097 f   LIBCMT:tncleanup.obj
 0001:000170a6       ___local_stdio_scanf_options 100180a6 f i LIBCMT:default_local_stdio_options.obj
 0001:000170ac       ___scrt_initialize_default_local_stdio_options 100180ac f   LIBCMT:default_local_stdio_options.obj
 0001:000170d0       ??$__crt_fast_decode_pointer@PAP6AXXZ@@YAPAP6AXXZQAP6AXXZ@Z 100180d0 f i LIBCMT:utility.obj
 0001:000170e9       ??$__crt_fast_encode_pointer@PAP6AXXZ@@YAPAP6AXXZQAP6AXXZ@Z 100180e9 f i LIBCMT:utility.obj
 0001:0001710d       ?__crt_rotate_pointer_value@@YAIIH@Z 1001810d f i LIBCMT:utility.obj
 0001:0001711d       ?configure_argv@__scrt_narrow_argv_policy@@SAHXZ 1001811d f i LIBCMT:utility.obj
 0001:00017182       ?initialize_environment@__scrt_narrow_environment_policy@@SAHXZ 10018182 f i LIBCMT:utility.obj
 0001:000171c8       _NtCurrentTeb              100181c8 f i LIBCMT:utility.obj
 0001:000171cf       ___scrt_acquire_startup_lock 100181cf f   LIBCMT:utility.obj
 0001:0001720d       ___scrt_dllmain_after_initialize_c 1001820d f   LIBCMT:utility.obj
 0001:00017242       ___scrt_dllmain_before_initialize_c 10018242 f   LIBCMT:utility.obj
 0001:00017253       ___scrt_dllmain_crt_thread_attach 10018253 f   LIBCMT:utility.obj
 0001:00017279       ___scrt_dllmain_crt_thread_detach 10018279 f   LIBCMT:utility.obj
 0001:00017289       ___scrt_dllmain_exception_filter 10018289 f   LIBCMT:utility.obj
 0001:000172ca       ___scrt_dllmain_uninitialize_c 100182ca f   LIBCMT:utility.obj
 0001:000172f5       ___scrt_dllmain_uninitialize_critical 100182f5 f   LIBCMT:utility.obj
 0001:00017305       ___scrt_initialize_crt     10018305 f   LIBCMT:utility.obj
 0001:0001734c       ___scrt_initialize_onexit_tables 1001834c f   LIBCMT:utility.obj
 0001:00017420       ___scrt_is_nonwritable_in_current_image 10018420 f   LIBCMT:utility.obj
 0001:000174cc       ___scrt_release_startup_lock 100184cc f   LIBCMT:utility.obj
 0001:000174f0       ___scrt_uninitialize_crt   100184f0 f   LIBCMT:utility.obj
 0001:00017522       __onexit                   10018522 f   LIBCMT:utility.obj
 0001:0001756b       _at_quick_exit             1001856b f   LIBCMT:utility.obj
 0001:000175a8       _atexit                    100185a8 f   LIBCMT:utility.obj
 0001:000175c2       ___scrt_get_dyn_tls_init_callback 100185c2 f   LIBCMT:dyn_tls_init.obj
 0001:000175c8       ___scrt_fastfail           100185c8 f   LIBCMT:utility_desktop.obj
 0001:0001772b       ___scrt_get_show_window_mode 1001872b f   LIBCMT:utility_desktop.obj
 0001:0001776a       ___scrt_initialize_winrt   1001876a f   LIBCMT:utility_desktop.obj
 0001:0001776d       ___scrt_is_managed_app     1001876d f   LIBCMT:utility_desktop.obj
 0001:000177c0       ___scrt_set_unhandled_exception_filter 100187c0 f   LIBCMT:utility_desktop.obj
 0001:000177cf       ___scrt_unhandled_exception_filter@4 100187cf f   LIBCMT:utility_desktop.obj
 0001:00017820       __crt_debugger_hook        10018820 f   LIBCMT:utility_desktop.obj
 0001:0001782a       __RTC_Initialize           1001882a f   LIBCMT:_initsect_.obj
 0001:00017861       __RTC_Terminate            10018861 f   LIBCMT:_initsect_.obj
 0001:000178a0       __SEH_prolog4              100188a0 f   LIBCMT:_sehprolg4_.obj
 0001:000178e6       __SEH_epilog4              100188e6 f   LIBCMT:_sehprolg4_.obj
 0001:00017911       @_guard_check_icall_nop@4  10018911 f i LIBCMT:guard_support.obj
 0001:00017912       _ReadNoFence               10018912 f i LIBCMT:guard_support.obj
 0001:0001791e       _ReadPointerNoFence        1001891e f i LIBCMT:guard_support.obj
 0001:0001792a       __guard_icall_checks_enforced 1001892a f i LIBCMT:guard_support.obj
 0001:00017940       __get_startup_argv_mode    10018940 f   LIBCMT:argv_mode.obj
 0001:00017944       ___scrt_is_ucrt_dll_in_use 10018944 f   LIBCMT:ucrt_detection.obj
 0001:00017953       _GetModuleHandleA@4        10018953 f   kernel32:KERNEL32.dll
 0001:00017959       _GetProcAddress@8          10018959 f   kernel32:KERNEL32.dll
 0001:0001795f       _UnhandledExceptionFilter@4 1001895f f   kernel32:KERNEL32.dll
 0001:00017965       _SetUnhandledExceptionFilter@4 10018965 f   kernel32:KERNEL32.dll
 0001:0001796b       _GetCurrentProcess@0       1001896b f   kernel32:KERNEL32.dll
 0001:00017971       _TerminateProcess@8        10018971 f   kernel32:KERNEL32.dll
 0001:00017977       _IsProcessorFeaturePresent@4 10018977 f   kernel32:KERNEL32.dll
 0001:0001797d       _QueryPerformanceCounter@4 1001897d f   kernel32:KERNEL32.dll
 0001:00017983       _GetCurrentProcessId@0     10018983 f   kernel32:KERNEL32.dll
 0001:00017989       _GetCurrentThreadId@0      10018989 f   kernel32:KERNEL32.dll
 0001:0001798f       _GetSystemTimeAsFileTime@4 1001898f f   kernel32:KERNEL32.dll
 0001:00017995       _InitializeSListHead@4     10018995 f   kernel32:KERNEL32.dll
 0001:0001799b       _IsDebuggerPresent@0       1001899b f   kernel32:KERNEL32.dll
 0001:000179a1       _GetStartupInfoW@4         100189a1 f   kernel32:KERNEL32.dll
 0001:000179a7       _GetModuleHandleW@4        100189a7 f   kernel32:KERNEL32.dll
 0001:000179b0       _memset                    100189b0 f   libvcruntime:memset.obj
 0001:00017b60       _memcpy                    10018b60 f   libvcruntime:memcpy.obj
 0001:00018240       _strchr                    10019240 f   libvcruntime:strchr.obj
 0001:000182ae       ___from_strstr_to_strchr   100192ae     libvcruntime:strchr.obj
 0001:000183c0       _memmove                   100193c0 f   libvcruntime:memmove.obj
 0001:00018ae0       __except_handler4          10019ae0 f   libvcruntime:_chandler4_.obj
 0001:00018c9c       ??$?RD@__crt_internal_free_policy@@QBEXQBD@Z 10019c9c f i libvcruntime:std_type_info.obj
 0001:00018cb0       ??$?RX@__crt_internal_free_policy@@QBEXQBX@Z 10019cb0 f i libvcruntime:std_type_info.obj
 0001:00018cc4       ??$__crt_interlocked_compare_exchange_pointer@$$CBDPAD$$T@@YAPBDPDSBDQAD$$T@Z 10019cc4 f i libvcruntime:std_type_info.obj
 0001:00018cda       ??$__crt_interlocked_read_pointer@$$CBD@@YAPBDPDSBD@Z 10019cda f i libvcruntime:std_type_info.obj
 0001:00018ce6       ??0?$__crt_unique_heap_ptr@DU__crt_internal_free_policy@@@@QAE@QAD@Z 10019ce6 f i libvcruntime:std_type_info.obj
 0001:00018cf7       ??0?$__crt_unique_heap_ptr@XU__crt_internal_free_policy@@@@QAE@QAX@Z 10019cf7 f i libvcruntime:std_type_info.obj
 0001:00018d08       ??1?$__crt_unique_heap_ptr@DU__crt_internal_free_policy@@@@QAE@XZ 10019d08 f i libvcruntime:std_type_info.obj
 0001:00018d1c       ??1?$__crt_unique_heap_ptr@XU__crt_internal_free_policy@@@@QAE@XZ 10019d1c f i libvcruntime:std_type_info.obj
 0001:00018d3c       ??B?$__crt_unique_heap_ptr@DU__crt_internal_free_policy@@@@QBE_NXZ 10019d3c f i libvcruntime:std_type_info.obj
 0001:00018d43       ??B?$__crt_unique_heap_ptr@XU__crt_internal_free_policy@@@@QBE_NXZ 10019d43 f i libvcruntime:std_type_info.obj
 0001:00018d72       ?__crt_interlocked_read_32@@YAHPDH@Z 10019d72 f i libvcruntime:std_type_info.obj
 0001:00018d7e       ?detach@?$__crt_unique_heap_ptr@XU__crt_internal_free_policy@@@@QAEPAXXZ 10019d7e f i libvcruntime:std_type_info.obj
 0001:00018d84       ?get@?$__crt_unique_heap_ptr@DU__crt_internal_free_policy@@@@QBEPADXZ 10019d84 f i libvcruntime:std_type_info.obj
 0001:00018d87       ?get@?$__crt_unique_heap_ptr@XU__crt_internal_free_policy@@@@QBEPAXXZ 10019d87 f i libvcruntime:std_type_info.obj
 0001:00018d8a       ?is_valid@?$__crt_unique_heap_ptr@DU__crt_internal_free_policy@@@@QBE_NXZ 10019d8a f i libvcruntime:std_type_info.obj
 0001:00018d91       ?is_valid@?$__crt_unique_heap_ptr@XU__crt_internal_free_policy@@@@QBE_NXZ 10019d91 f i libvcruntime:std_type_info.obj
 0001:00018d98       ?release@?$__crt_unique_heap_ptr@DU__crt_internal_free_policy@@@@QAEXXZ 10019d98 f i libvcruntime:std_type_info.obj
 0001:00018dac       ?release@?$__crt_unique_heap_ptr@XU__crt_internal_free_policy@@@@QAEXXZ 10019dac f i libvcruntime:std_type_info.obj
 0001:00018dc0       ___std_type_info_compare   10019dc0 f   libvcruntime:std_type_info.obj
 0001:00018e0b       ___std_type_info_destroy_list 10019e0b f   libvcruntime:std_type_info.obj
 0001:00018e36       ___std_type_info_hash      10019e36 f   libvcruntime:std_type_info.obj
 0001:00018e65       ___std_type_info_name      10019e65 f   libvcruntime:std_type_info.obj
 0001:00018f5b       ___vcrt_initialize         10019f5b f   libvcruntime:initialization.obj
 0001:00018f8e       ___vcrt_thread_attach      10019f8e f   libvcruntime:initialization.obj
 0001:00018f9b       ___vcrt_thread_detach      10019f9b f   libvcruntime:initialization.obj
 0001:00018fa8       ___vcrt_uninitialize       10019fa8 f   libvcruntime:initialization.obj
 0001:00018fce       ___vcrt_uninitialize_critical 10019fce f   libvcruntime:initialization.obj
 0001:00018fe0       __local_unwind4            10019fe0 f   libvcruntime:_exsup4_.obj
 0001:000190b8       __seh_longjmp_unwind4@4    1001a0b8 f   libvcruntime:_exsup4_.obj
 0001:000190e0       @_EH4_CallFilterFunc@8     1001a0e0 f   libvcruntime:_exsup4_.obj
 0001:000190f8       @_EH4_TransferToHandler@8  1001a0f8 f   libvcruntime:_exsup4_.obj
 0001:00019114       @_EH4_GlobalUnwind2@8      1001a114 f   libvcruntime:_exsup4_.obj
 0001:00019130       @_EH4_LocalUnwind@16       1001a130 f   libvcruntime:_exsup4_.obj
 0001:000191ad       ___except_validate_context_record 1001a1ad f   libvcruntime:jbcxrval.obj
 0001:000191e9       ___except_validate_jump_buffer 1001a1e9 f   libvcruntime:jbcxrval.obj
 0001:00019221       ___except_validate_jump_buffer_common 1001a221 f i libvcruntime:jbcxrval.obj
 0001:00019268       ??0Block@_HeapManager@@QAE@XZ 1001a268 f i libvcruntime:undname.obj
 0001:0001926e       ??0DName@@QAE@AAPBDD@Z     1001a26e f   libvcruntime:undname.obj
 0001:0001934c       ??0DName@@QAE@ABV0@@Z      1001a34c f i libvcruntime:undname.obj
 0001:00019367       ??0DName@@QAE@D@Z          1001a367 f   libvcruntime:undname.obj
 0001:00019395       ??0DName@@QAE@PAV0@@Z      1001a395 f   libvcruntime:undname.obj
 0001:000193ef       ??0DName@@QAE@PBD@Z        1001a3ef f   libvcruntime:undname.obj
 0001:0001942e       ??0DName@@QAE@W4DNameStatus@@@Z 1001a42e f   libvcruntime:undname.obj
 0001:0001946b       ??0DName@@QAE@XZ           1001a46b f i libvcruntime:undname.obj
 0001:00019477       ??0DName@@QAE@_J@Z         1001a477 f   libvcruntime:undname.obj
 0001:00019528       ??0DName@@QAE@_K@Z         1001a528 f   libvcruntime:undname.obj
 0001:000195aa       ??0DNameNode@@IAE@XZ       1001a5aa f i libvcruntime:undname.obj
 0001:000195b5       ??0Replicator@@QAE@XZ      1001a5b5 f i libvcruntime:undname.obj
 0001:000195c6       ??0UnDecorator@@QAE@PBDP6APADJ@ZK@Z 1001a5c6 f i libvcruntime:undname.obj
 0001:00019625       ??0charNode@@QAE@D@Z       1001a625 f i libvcruntime:undname.obj
 0001:0001963f       ??0pDNameNode@@QAE@PAVDName@@@Z 1001a63f f   libvcruntime:undname.obj
 0001:00019671       ??0pairNode@@QAE@PBVDNameNode@@0@Z 1001a671 f i libvcruntime:undname.obj
 0001:00019697       ??0pcharNode@@QAE@PBDH@Z   1001a697 f   libvcruntime:undname.obj
 0001:0001970d       ??2@YAPAXIAAV_HeapManager@@H@Z 1001a70d f i libvcruntime:undname.obj
 0001:00019727       ??4DName@@QAEAAV0@ABV0@@Z  1001a727 f   libvcruntime:undname.obj
 0001:00019742       ??4DName@@QAEAAV0@D@Z      1001a742 f i libvcruntime:undname.obj
 0001:00019770       ??4DName@@QAEAAV0@PAV0@@Z  1001a770 f   libvcruntime:undname.obj
 0001:000197c2       ??4DName@@QAEAAV0@PBD@Z    1001a7c2 f   libvcruntime:undname.obj
 0001:000197f7       ??4DName@@QAEAAV0@W4DNameStatus@@@Z 1001a7f7 f   libvcruntime:undname.obj
 0001:00019820       ??AReplicator@@QBE?AVDName@@H@Z 1001a820 f   libvcruntime:undname.obj
 0001:0001986b       ??H@YA?AVDName@@DABV0@@Z   1001a86b f i libvcruntime:undname.obj
 0001:00019898       ??H@YA?AVDName@@PBDABV0@@Z 1001a898 f i libvcruntime:undname.obj
 0001:000198c5       ??H@YA?AVDName@@W4DNameStatus@@ABV0@@Z 1001a8c5 f i libvcruntime:undname.obj
 0001:000198f2       ??HDName@@QBE?AV0@ABV0@@Z  1001a8f2 f   libvcruntime:undname.obj
 0001:0001991c       ??HDName@@QBE?AV0@D@Z      1001a91c f   libvcruntime:undname.obj
 0001:00019946       ??HDName@@QBE?AV0@PAV0@@Z  1001a946 f   libvcruntime:undname.obj
 0001:00019970       ??HDName@@QBE?AV0@PBD@Z    1001a970 f   libvcruntime:undname.obj
 0001:0001999a       ??HDName@@QBE?AV0@W4DNameStatus@@@Z 1001a99a f   libvcruntime:undname.obj
 0001:000199c4       ??YDName@@QAEAAV0@ABV0@@Z  1001a9c4 f   libvcruntime:undname.obj
 0001:00019a15       ??YDName@@QAEAAV0@D@Z      1001aa15 f   libvcruntime:undname.obj
 0001:00019a79       ??YDName@@QAEAAV0@PAV0@@Z  1001aa79 f   libvcruntime:undname.obj
 0001:00019af7       ??YDName@@QAEAAV0@PBD@Z    1001aaf7 f   libvcruntime:undname.obj
 0001:00019b70       ??YDName@@QAEAAV0@W4DNameStatus@@@Z 1001ab70 f   libvcruntime:undname.obj
 0001:00019bcd       ??YReplicator@@QAEAAV0@ABVDName@@@Z 1001abcd f   libvcruntime:undname.obj
 0001:00019c29       ??_5DName@@QAEAAV0@ABV0@@Z 1001ac29 f   libvcruntime:undname.obj
 0001:00019c4c       ?Constructor@_HeapManager@@QAEXP6APAXI@ZP6AXPAX@Z@Z 1001ac4c f i libvcruntime:undname.obj
 0001:00019c70       ?Destructor@_HeapManager@@QAEXXZ 1001ac70 f i libvcruntime:undname.obj
 0001:00019cb6       ?UScore@UnDecorator@@SAPBDW4Tokens@@@Z 1001acb6 f   libvcruntime:undname.obj
 0001:00019cda       ?append@DName@@AAEXPBVDNameNode@@@Z 1001acda f   libvcruntime:undname.obj
 0001:00019d31       ?composeDeclaration@UnDecorator@@CA?AVDName@@ABV2@@Z 1001ad31 f i libvcruntime:undname.obj
 0001:0001add1       ?doAccessSpecifiers@UnDecorator@@SAHXZ 1001bdd1 f i libvcruntime:undname.obj
 0001:0001ade2       ?doAllocationLanguage@UnDecorator@@SAHXZ 1001bde2 f i libvcruntime:undname.obj
 0001:0001adf3       ?doAllocationModel@UnDecorator@@SAHXZ 1001bdf3 f i libvcruntime:undname.obj
 0001:0001ae04       ?doEcsu@UnDecorator@@SAHXZ 1001be04 f i libvcruntime:undname.obj
 0001:0001ae15       ?doEllipsis@UnDecorator@@SAHXZ 1001be15 f i libvcruntime:undname.obj
 0001:0001ae26       ?doFunctionReturns@UnDecorator@@SAHXZ 1001be26 f i libvcruntime:undname.obj
 0001:0001ae37       ?doMSKeywords@UnDecorator@@SAHXZ 1001be37 f i libvcruntime:undname.obj
 0001:0001ae47       ?doMemberTypes@UnDecorator@@SAHXZ 1001be47 f i libvcruntime:undname.obj
 0001:0001ae58       ?doNameOnly@UnDecorator@@SAHXZ 1001be58 f i libvcruntime:undname.obj
 0001:0001ae65       ?doNoIdentCharCheck@UnDecorator@@SAHXZ 1001be65 f i libvcruntime:undname.obj
 0001:0001ae72       ?doPchar@DName@@AAEXPBDH@Z 1001be72 f   libvcruntime:undname.obj
 0001:0001af19       ?doPtr64@UnDecorator@@SAHXZ 1001bf19 f i libvcruntime:undname.obj
 0001:0001af2a       ?doRestrictionSpec@UnDecorator@@SAHXZ 1001bf2a f i libvcruntime:undname.obj
 0001:0001af3b       ?doThisTypes@UnDecorator@@SAHXZ 1001bf3b f i libvcruntime:undname.obj
 0001:0001af51       ?doThrowTypes@UnDecorator@@SAHXZ 1001bf51 f i libvcruntime:undname.obj
 0001:0001af62       ?doTypeOnly@UnDecorator@@SAHXZ 1001bf62 f i libvcruntime:undname.obj
 0001:0001af6f       ?doUnderScore@UnDecorator@@SAHXZ 1001bf6f f i libvcruntime:undname.obj
 0001:0001af7c       ?getArgumentList@UnDecorator@@CA?AVDName@@XZ 1001bf7c f   libvcruntime:undname.obj
 0001:0001b0b2       ?getArgumentTypes@UnDecorator@@CA?AVDName@@XZ 1001c0b2 f   libvcruntime:undname.obj
 0001:0001b1ac       ?getArrayType@UnDecorator@@CA?AVDName@@ABV2@@Z 1001c1ac f i libvcruntime:undname.obj
 0001:0001b41e       ?getBasedType@UnDecorator@@CA?AVDName@@XZ 1001c41e f   libvcruntime:undname.obj
 0001:0001b4eb       ?getBasicDataType@UnDecorator@@CA?AVDName@@ABV2@@Z 1001c4eb f   libvcruntime:undname.obj
 0001:0001b9a8       ?getCHPEName@UnDecorator@@QAEPADPADH@Z 1001c9a8 f i libvcruntime:undname.obj
 0001:0001bac1       ?getCallIndex@UnDecorator@@CA?AVDName@@XZ 1001cac1 f i libvcruntime:undname.obj
 0001:0001bada       ?getCallingConvention@UnDecorator@@CA?AVDName@@XZ 1001cada f   libvcruntime:undname.obj
 0001:0001bbfe       ?getDataIndirectType@UnDecorator@@CA?AVDName@@ABV2@PBD0H@Z 1001cbfe f   libvcruntime:undname.obj
 0001:0001c3d0       ?getDataIndirectType@UnDecorator@@CA?AVDName@@XZ 1001d3d0 f i libvcruntime:undname.obj
 0001:0001c411       ?getDataType@UnDecorator@@CA?AVDName@@PAV2@@Z 1001d411 f   libvcruntime:undname.obj
 0001:0001c512       ?getDecoratedName@UnDecorator@@CA?AVDName@@XZ 1001d512 f   libvcruntime:undname.obj
 0001:0001c802       ?getDimension@UnDecorator@@CA?AVDName@@_N@Z 1001d802 f   libvcruntime:undname.obj
 0001:0001c953       ?getDispatchTarget@UnDecorator@@CA?AVDName@@XZ 1001d953 f   libvcruntime:undname.obj
 0001:0001c9ba       ?getDisplacement@UnDecorator@@CA?AVDName@@XZ 1001d9ba f i libvcruntime:undname.obj
 0001:0001c9d3       ?getECSUDataType@UnDecorator@@CA?AVDName@@XZ 1001d9d3 f   libvcruntime:undname.obj
 0001:0001cb2d       ?getECSUName@UnDecorator@@CA?AVDName@@XZ 1001db2d f i libvcruntime:undname.obj
 0001:0001cb42       ?getEnumType@UnDecorator@@CA?AVDName@@XZ 1001db42 f i libvcruntime:undname.obj
 0001:0001cc64       ?getExtendedDataIndirectType@UnDecorator@@CA?AVDName@@AAPBDAA_NH@Z 1001dc64 f   libvcruntime:undname.obj
 0001:0001ce88       ?getExternalDataType@UnDecorator@@CA?AVDName@@ABV2@@Z 1001de88 f i libvcruntime:undname.obj
 0001:0001cf16       ?getFunctionIndirectType@UnDecorator@@CA?AVDName@@ABV2@@Z 1001df16 f   libvcruntime:undname.obj
 0001:0001d400       ?getGuardNumber@UnDecorator@@CA?AVDName@@XZ 1001e400 f i libvcruntime:undname.obj
 0001:0001d419       ?getLastChar@DName@@QBEDXZ 1001e419 f i libvcruntime:undname.obj
 0001:0001d441       ?getLastChar@DNameStatusNode@@UBEDXZ 1001e441 f i libvcruntime:undname.obj
 0001:0001d450       ?getLastChar@charNode@@UBEDXZ 1001e450 f i libvcruntime:undname.obj
 0001:0001d454       ?getLastChar@pDNameNode@@UBEDXZ 1001e454 f i libvcruntime:undname.obj
 0001:0001d484       ?getLastChar@pairNode@@UBEDXZ 1001e484 f i libvcruntime:undname.obj
 0001:0001d4c6       ?getLastChar@pcharNode@@UBEDXZ 1001e4c6 f i libvcruntime:undname.obj
 0001:0001d4dc       ?getLexicalFrame@UnDecorator@@CA?AVDName@@XZ 1001e4dc f i libvcruntime:undname.obj
 0001:0001d528       ?getMemory@_HeapManager@@QAEPAXIH@Z 1001e528 f   libvcruntime:undname.obj
 0001:0001d5d0       ?getNoexcept@UnDecorator@@CA?AVDName@@XZ 1001e5d0 f   libvcruntime:undname.obj
 0001:0001d626       ?getNumberOfDimensions@UnDecorator@@CAHXZ 1001e626 f   libvcruntime:undname.obj
 0001:0001d69f       ?getOperatorName@UnDecorator@@CA?AVDName@@_NPA_N@Z 1001e69f f i libvcruntime:undname.obj
 0001:0001de83       ?getPointerType@UnDecorator@@CA?AVDName@@ABV2@0@Z 1001ee83 f i libvcruntime:undname.obj
 0001:0001dea8       ?getPointerTypeArray@UnDecorator@@CA?AVDName@@ABV2@0@Z 1001eea8 f i libvcruntime:undname.obj
 0001:0001decd       ?getPrimaryDataType@UnDecorator@@CA?AVDName@@ABV2@@Z 1001eecd f   libvcruntime:undname.obj
 0001:0001e127       ?getPtrRefDataType@UnDecorator@@CA?AVDName@@ABV2@H@Z 1001f127 f   libvcruntime:undname.obj
 0001:0001e2a6       ?getPtrRefType@UnDecorator@@CA?AVDName@@ABV2@0PBD@Z 1001f2a6 f   libvcruntime:undname.obj
 0001:0001e3e1       ?getReferenceType@UnDecorator@@CA?AVDName@@ABV2@0PBD@Z 1001f3e1 f i libvcruntime:undname.obj
 0001:0001e404       ?getRestrictionSpec@UnDecorator@@CA?AVDName@@XZ 1001f404 f   libvcruntime:undname.obj
 0001:0001e54c       ?getReturnType@UnDecorator@@CA?AVDName@@PAV2@@Z 1001f54c f   libvcruntime:undname.obj
 0001:0001e586       ?getScope@UnDecorator@@CA?AVDName@@XZ 1001f586 f   libvcruntime:undname.obj
 0001:0001ea24       ?getScopedName@UnDecorator@@CA?AVDName@@XZ 1001fa24 f   libvcruntime:undname.obj
 0001:0001eb37       ?getSignedDimension@UnDecorator@@CA?AVDName@@XZ 1001fb37 f   libvcruntime:undname.obj
 0001:0001eb9e       ?getStorageConvention@UnDecorator@@CA?AVDName@@XZ 1001fb9e f i libvcruntime:undname.obj
 0001:0001ebb3       ?getString@DName@@QBEPADPAD0@Z 1001fbb3 f i libvcruntime:undname.obj
 0001:0001ebeb       ?getString@DName@@QBEPADPADH@Z 1001fbeb f i libvcruntime:undname.obj
 0001:0001ec66       ?getString@DNameStatusNode@@UBEPADPAD0@Z 1001fc66 f i libvcruntime:undname.obj
 0001:0001ec96       ?getString@charNode@@UBEPADPAD0@Z 1001fc96 f i libvcruntime:undname.obj
 0001:0001ecb0       ?getString@pDNameNode@@UBEPADPAD0@Z 1001fcb0 f i libvcruntime:undname.obj
 0001:0001eccc       ?getString@pairNode@@UBEPADPAD0@Z 1001fccc f i libvcruntime:undname.obj
 0001:0001ed23       ?getString@pcharNode@@UBEPADPAD0@Z 1001fd23 f i libvcruntime:undname.obj
 0001:0001ed44       ?getStringEncoding@UnDecorator@@CA?AVDName@@PBDH@Z 1001fd44 f   libvcruntime:undname.obj
 0001:0001ee13       ?getStringHelper@@YAPADPADPBD1H@Z 1001fe13 f i libvcruntime:undname.obj
 0001:0001ee57       ?getSymbolName@UnDecorator@@CA?AVDName@@XZ 1001fe57 f i libvcruntime:undname.obj
 0001:0001eeb1       ?getTemplateArgumentList@UnDecorator@@CA?AVDName@@XZ 1001feb1 f   libvcruntime:undname.obj
 0001:0001f215       ?getTemplateConstant@UnDecorator@@CA?AVDName@@XZ 10020215 f   libvcruntime:undname.obj
 0001:0001f622       ?getTemplateName@UnDecorator@@CA?AVDName@@_N@Z 10020622 f   libvcruntime:undname.obj
 0001:0001f7f6       ?getThisType@UnDecorator@@CA?AVDName@@XZ 100207f6 f i libvcruntime:undname.obj
 0001:0001f838       ?getThrowTypes@UnDecorator@@CA?AVDName@@XZ 10020838 f   libvcruntime:undname.obj
 0001:0001f863       ?getTypeEncoding@UnDecorator@@CAHXZ 10020863 f i libvcruntime:undname.obj
 0001:0001fc2d       ?getUndecoratedName@UnDecorator@@QAEPADPADH@Z 10020c2d f i libvcruntime:undname.obj
 0001:0001fd3c       ?getVCallThunkType@UnDecorator@@CA?AVDName@@XZ 10020d3c f i libvcruntime:undname.obj
 0001:0001fd85       ?getVbTableType@UnDecorator@@CA?AVDName@@ABV2@@Z 10020d85 f i libvcruntime:undname.obj
 0001:0001fd9f       ?getVdispMapType@UnDecorator@@CA?AVDName@@ABV2@@Z 10020d9f f i libvcruntime:undname.obj
 0001:0001fe0a       ?getVfTableType@UnDecorator@@CA?AVDName@@ABV2@@Z 10020e0a f i libvcruntime:undname.obj
 0001:0001ffe7       ?getZName@UnDecorator@@CA?AVDName@@_N0@Z 10020fe7 f   libvcruntime:undname.obj
 0001:00020277       ?haveTemplateParameters@UnDecorator@@SAHXZ 10021277 f i libvcruntime:undname.obj
 0001:00020284       ?isArray@DName@@QBEHXZ     10021284 f i libvcruntime:undname.obj
 0001:00020290       ?isComArray@DName@@QBEHXZ  10021290 f i libvcruntime:undname.obj
 0001:0002029c       ?isEmpty@DName@@QBEHXZ     1002129c f i libvcruntime:undname.obj
 0001:000202a6       ?isFull@Replicator@@QBEHXZ 100212a6 f i libvcruntime:undname.obj
 0001:000202b1       ?isNoTE@DName@@QBEHXZ      100212b1 f i libvcruntime:undname.obj
 0001:000202bd       ?isPinPtr@DName@@QBEHXZ    100212bd f i libvcruntime:undname.obj
 0001:000202c9       ?isPtrRef@DName@@QBEHXZ    100212c9 f i libvcruntime:undname.obj
 0001:000202d5       ?isUDC@DName@@QBEHXZ       100212d5 f i libvcruntime:undname.obj
 0001:000202ea       ?isUDTThunk@DName@@QBEHXZ  100212ea f i libvcruntime:undname.obj
 0001:000202ff       ?isVCallThunk@DName@@QBEHXZ 100212ff f i libvcruntime:undname.obj
 0001:0002030b       ?isValid@DName@@QBEHXZ     1002130b f i libvcruntime:undname.obj
 0001:00020317       ?length@DName@@QBEHXZ      10021317 f i libvcruntime:undname.obj
 0001:0002033d       ?length@DNameStatusNode@@UBEHXZ 1002133d f i libvcruntime:undname.obj
 0001:00020341       ?length@charNode@@UBEHXZ   10021341 f i libvcruntime:undname.obj
 0001:00020345       ?length@pDNameNode@@UBEHXZ 10021345 f i libvcruntime:undname.obj
 0001:00020374       ?length@pairNode@@UBEHXZ   10021374 f i libvcruntime:undname.obj
 0001:000203ce       ?length@pcharNode@@UBEHXZ  100213ce f i libvcruntime:undname.obj
 0001:000203d2       ?make@DNameStatusNode@@SAPBV1@W4DNameStatus@@@Z 100213d2 f i libvcruntime:undname.obj
 0001:000203f5       ?parseDecoratedName@UnDecorator@@CA?AVDName@@XZ 100213f5 f   libvcruntime:undname.obj
 0001:00020518       ?setIsArray@DName@@QAEXXZ  10021518 f i libvcruntime:undname.obj
 0001:00020522       ?setIsComArray@DName@@QAEXXZ 10021522 f i libvcruntime:undname.obj
 0001:0002052c       ?setIsNoTE@DName@@QAEXXZ   1002152c f i libvcruntime:undname.obj
 0001:00020536       ?setIsPinPtr@DName@@QAEXXZ 10021536 f i libvcruntime:undname.obj
 0001:00020540       ?setIsUDC@DName@@QAEXXZ    10021540 f i libvcruntime:undname.obj
 0001:00020550       ?setIsVCallThunk@DName@@QAEXXZ 10021550 f i libvcruntime:undname.obj
 0001:0002055a       ?setPtrRef@DName@@QAEAAV1@XZ 1002155a f i libvcruntime:undname.obj
 0001:00020566       ?status@DName@@QBE?AW4DNameStatus@@XZ 10021566 f i libvcruntime:undname.obj
 0001:000205eb       ___unDName                 100215eb f   libvcruntime:undname.obj
 0001:00020616       ___unDNameEx               10021616 f   libvcruntime:undname.obj
 0001:000206d0       __vsprintf_s_l             100216d0 f i libvcruntime:undname.obj
 0001:00020708       _sprintf_s                 10021708 f i libvcruntime:undname.obj
 0001:0002072b       _unDNameGenerateCHPE       1002172b f   libvcruntime:undname.obj
 0001:0002079e       ??$?RU__vcrt_ptd@@@__crt_internal_free_policy@@QBEXQBU__vcrt_ptd@@@Z 1002179e f i libvcruntime:per_thread_data.obj
 0001:000207b2       ??0?$__crt_unique_heap_ptr@U__vcrt_ptd@@U__crt_internal_free_policy@@@@QAE@QAU__vcrt_ptd@@@Z 100217b2 f i libvcruntime:per_thread_data.obj
 0001:000207d5       ??1?$__crt_unique_heap_ptr@U__vcrt_ptd@@U__crt_internal_free_policy@@@@QAE@XZ 100217d5 f i libvcruntime:per_thread_data.obj
 0001:000207f4       ??B?$__crt_unique_heap_ptr@U__vcrt_ptd@@U__crt_internal_free_policy@@@@QBE_NXZ 100217f4 f i libvcruntime:per_thread_data.obj
 0001:000207fb       ?detach@?$__crt_unique_heap_ptr@U__vcrt_ptd@@U__crt_internal_free_policy@@@@QAEPAU__vcrt_ptd@@XZ 100217fb f i libvcruntime:per_thread_data.obj
 0001:00020801       ?get@?$__crt_unique_heap_ptr@U__vcrt_ptd@@U__crt_internal_free_policy@@@@QBEPAU__vcrt_ptd@@XZ 10021801 f i libvcruntime:per_thread_data.obj
 0001:00020804       ?is_valid@?$__crt_unique_heap_ptr@U__vcrt_ptd@@U__crt_internal_free_policy@@@@QBE_NXZ 10021804 f i libvcruntime:per_thread_data.obj
 0001:0002080b       ?release@?$__crt_unique_heap_ptr@U__vcrt_ptd@@U__crt_internal_free_policy@@@@QAEXXZ 1002180b f i libvcruntime:per_thread_data.obj
 0001:0002083f       ___vcrt_freefls@4          1002183f f   libvcruntime:per_thread_data.obj
 0001:00020862       ___vcrt_freeptd            10021862 f   libvcruntime:per_thread_data.obj
 0001:000208b5       ___vcrt_getptd             100218b5 f   libvcruntime:per_thread_data.obj
 0001:000208c6       ___vcrt_getptd_noexit      100218c6 f   libvcruntime:per_thread_data.obj
 0001:0002097c       ___vcrt_getptd_noinit      1002197c f   libvcruntime:per_thread_data.obj
 0001:000209c0       ___vcrt_initialize_ptd     100219c0 f   libvcruntime:per_thread_data.obj
 0001:00020a15       ___vcrt_uninitialize_ptd   10021a15 f   libvcruntime:per_thread_data.obj
 0001:00020a36       ___vcrt_initialize_locks   10021a36 f   libvcruntime:locks.obj
 0001:00020a81       ___vcrt_lock               10021a81 f   libvcruntime:locks.obj
 0001:00020a9b       ___vcrt_uninitialize_locks 10021a9b f   libvcruntime:locks.obj
 0001:00020ad5       ___vcrt_unlock             10021ad5 f   libvcruntime:locks.obj
 0001:00020aef       ??$?BX@__crt_fast_encoded_nullptr_t@@QBEPAXXZ 10021aef f i libvcruntime:winapi_downlevel.obj
 0001:00020af5       ??$__crt_fast_decode_pointer@PAX@@YAPAXQAX@Z 10021af5 f i libvcruntime:winapi_downlevel.obj
 0001:00020b0e       ??$__crt_fast_encode_pointer@PAX@@YAPAXQAX@Z 10021b0e f i libvcruntime:winapi_downlevel.obj
 0001:00020b32       ??$__crt_interlocked_exchange_pointer@UHINSTANCE__@@PAU1@@@YAPAUHINSTANCE__@@PDSAU0@QAU0@@Z 10021b32 f i libvcruntime:winapi_downlevel.obj
 0001:00020b42       ??$__crt_interlocked_exchange_pointer@UHINSTANCE__@@PAX@@YAPAUHINSTANCE__@@PDSAU0@QAX@Z 10021b42 f i libvcruntime:winapi_downlevel.obj
 0001:00020b52       ??$__crt_interlocked_exchange_pointer@XPAX@@YAPAXPDSAXQAX@Z 10021b52 f i libvcruntime:winapi_downlevel.obj
 0001:00020b62       ??$__crt_interlocked_read_pointer@UHINSTANCE__@@@@YAPAUHINSTANCE__@@PDSAU0@@Z 10021b62 f i libvcruntime:winapi_downlevel.obj
 0001:00020b6e       ??$__crt_interlocked_read_pointer@X@@YAPAXPDSAX@Z 10021b6e f i libvcruntime:winapi_downlevel.obj
 0001:00020b7a       ?__crt_fast_encode_pointer@@YA?AU__crt_fast_encoded_nullptr_t@@$$T@Z 10021b7a f i libvcruntime:winapi_downlevel.obj
 0001:00020eb1       ___vcrt_FlsAlloc           10021eb1 f   libvcruntime:winapi_downlevel.obj
 0001:00020efa       ___vcrt_FlsFree            10021efa f   libvcruntime:winapi_downlevel.obj
 0001:00020f43       ___vcrt_FlsGetValue        10021f43 f   libvcruntime:winapi_downlevel.obj
 0001:00020f8c       ___vcrt_FlsSetValue        10021f8c f   libvcruntime:winapi_downlevel.obj
 0001:00020fd9       ___vcrt_InitializeCriticalSectionEx 10021fd9 f   libvcruntime:winapi_downlevel.obj
 0001:00021031       ___vcrt_initialize_winapi_thunks 10022031 f   libvcruntime:winapi_downlevel.obj
 0001:00021064       ___vcrt_uninitialize_winapi_thunks 10022064 f   libvcruntime:winapi_downlevel.obj
 0001:000210a2       ??$?B$$A6AXXZ@__crt_fast_encoded_nullptr_t@@QBEP6AXXZXZ 100220a2 f i libvcruntime:purevirt_data.obj
 0001:000210a8       ??$__crt_fast_encode_pointer@P6AXXZ@@YAP6AXXZQ6AXXZ@Z 100220a8 f i libvcruntime:purevirt_data.obj
 0001:000210cc       ___vcrt_initialize_pure_virtual_call_handler 100220cc f   libvcruntime:purevirt_data.obj
 0001:000210e0       __global_unwind2           100220e0 f   libvcruntime:_exsup_.obj
 0001:00021146       __local_unwind2            10022146 f   libvcruntime:_exsup_.obj
 0001:000211ca       __abnormal_termination     100221ca f   libvcruntime:_exsup_.obj
 0001:000211f0       __NLG_Notify1              100221f0 f   libvcruntime:_exsup_.obj
 0001:000211fc       __NLG_Notify               100221fc f   libvcruntime:_exsup_.obj
 0001:00021213       __NLG_Dispatch             10022213     libvcruntime:_exsup_.obj
 0001:00021213       __NLG_Dispatch2            10022213     libvcruntime:_exsup_.obj
 0001:0002121b       __NLG_Call                 1002221b f   libvcruntime:_exsup_.obj
 0001:0002121d       __NLG_Return2              1002221d     libvcruntime:_exsup_.obj
 0001:0002126d       ??$__crt_fast_decode_pointer@P6AXXZ@@YAP6AXXZQ6AXXZ@Z 1002226d f i libvcruntime:purevirt.obj
 0001:00021286       ??$__crt_interlocked_exchange_pointer@$$A6AXXZP6AXXZ@@YAP6AXXZPDS6AXXZQ6AXXZ@Z 10022286 f i libvcruntime:purevirt.obj
 0001:00021296       ??$__crt_interlocked_read_pointer@$$A6AXXZ@@YAP6AXXZPDS6AXXZ@Z 10022296 f i libvcruntime:purevirt.obj
 0001:000212a2       __get_purecall_handler     100222a2 f   libvcruntime:purevirt.obj
 0001:000212bc       __purecall                 100222bc f   libvcruntime:purevirt.obj
 0001:000212ef       __set_purecall_handler     100222ef f   libvcruntime:purevirt.obj
 0001:0002131d       ?_CallCatchBlock2@@YAPAXPAUEHRegistrationNode@@PBU_s_FuncInfo@@PAXHK@Z 1002231d f   libvcruntime:trnsctrl.obj
 0001:00021395       ?_CallSETranslator@@YAHPAUEHExceptionRecord@@PAUEHRegistrationNode@@PAX2PBU_s_FuncInfo@@H1@Z 10022395 f   libvcruntime:trnsctrl.obj
 0001:000214a9       ?_GetRangeOfTrysToCheck@@YAPBU_s_TryBlockMapEntry@@PBU_s_FuncInfo@@HHPAI1@Z 100224a9 f   libvcruntime:trnsctrl.obj
 0001:0002153f       ?_JumpToContinuation@@YGXPAXPAUEHRegistrationNode@@@Z 1002253f f   libvcruntime:trnsctrl.obj
 0001:0002157d       ?_UnwindNestedFrames@@YGXPAUEHRegistrationNode@@PAUEHExceptionRecord@@@Z 1002257d f   libvcruntime:trnsctrl.obj
 0001:000215e7       __CatchGuardHandler        100225e7 f   libvcruntime:trnsctrl.obj
 0001:00021624       __CreateFrameInfo          10022624 f   libvcruntime:trnsctrl.obj
 0001:00021651       __FindAndUnlinkFrame       10022651 f   libvcruntime:trnsctrl.obj
 0001:000216a7       __TranslatorGuardHandler   100226a7 f   libvcruntime:trnsctrl.obj
 0001:0002176d       ___CxxFrameHandler         1002276d f   libvcruntime:trnsctrl.obj
 0001:000217b0       ___CxxFrameHandler2        100227b0 f   libvcruntime:trnsctrl.obj
 0001:000217f3       ___CxxFrameHandler3        100227f3 f   libvcruntime:trnsctrl.obj
 0001:00021836       ___CxxLongjmpUnwind@4      10022836 f   libvcruntime:trnsctrl.obj
 0001:00021870       __CallSettingFrame@12      10022870 f   libvcruntime:lowhelpr.obj
 0001:00021897       __NLG_Return               10022897     libvcruntime:lowhelpr.obj
 0001:000218cf       ??0bad_exception@std@@QAE@ABV01@@Z 100228cf f i libvcruntime:frame.obj
 0001:000218f0       ??0bad_exception@std@@QAE@XZ 100228f0 f i libvcruntime:frame.obj
 0001:0002190e       ??0exception@std@@QAE@ABV01@@Z 1002290e f i libvcruntime:frame.obj
 0001:00021945       ??0exception@std@@QAE@QBDH@Z 10022945 f i libvcruntime:frame.obj
 0001:00021969       ??1bad_exception@std@@UAE@XZ 10022969 f i libvcruntime:frame.obj
 0001:0002197e       ??1exception@std@@UAE@XZ   1002297e f i libvcruntime:frame.obj
 0001:00021993       ??8type_info@@QBE_NABV0@@Z 10022993 f i libvcruntime:frame.obj
 0001:000219b9       ??_Ebad_exception@std@@UAEPAXI@Z 100229b9 f i libvcruntime:frame.obj
 0001:000219b9       ??_Gbad_exception@std@@UAEPAXI@Z 100229b9 f i libvcruntime:frame.obj
 0001:000219f1       ??_Gexception@std@@UAEPAXI@Z 100229f1 f i libvcruntime:frame.obj
 0001:000219f1       ??_Eexception@std@@UAEPAXI@Z 100229f1 f i libvcruntime:frame.obj
 0001:0002245b       ?_CallMemberFunction1@@YGXQAX00@Z 1002345b f i libvcruntime:frame.obj
 0001:0002246f       ?_CallMemberFunction2@@YGXQAX00H@Z 1002346f f i libvcruntime:frame.obj
 0001:00022486       ?_ValidateExecute@@YA_NP6GHXZ@Z 10023486 f i libvcruntime:frame.obj
 0001:00022495       ?_ValidateRead@@YA_NPBXI@Z 10023495 f i libvcruntime:frame.obj
 0001:000224a4       ?_ValidateWrite@@YA_NPAXI@Z 100234a4 f i libvcruntime:frame.obj
 0001:000224b3       ?what@exception@std@@UBEPBDXZ 100234b3 f i libvcruntime:frame.obj
 0001:000224c3       ___BuildCatchObject        100234c3 f   libvcruntime:frame.obj
 0001:00022575       ___BuildCatchObjectHelper  10023575 f   libvcruntime:frame.obj
 0001:000226f6       ___FrameUnwindToState      100236f6 f   libvcruntime:frame.obj
 0001:000227f6       ___InternalCxxFrameHandler 100237f6 f   libvcruntime:frame.obj
 0001:00022932       ___TypeMatch               10023932 f   libvcruntime:frame.obj
 0001:000229e3       ___vcrt_EncodePointer      100239e3 f i libvcruntime:frame.obj
 0001:00022a0d       __get_unexpected           10023a0d f   libvcruntime:unexpected.obj
 0001:00022a23       _set_unexpected            10023a23 f   libvcruntime:unexpected.obj
 0001:00022a48       _unexpected                10023a48 f   libvcruntime:unexpected.obj
 0001:00022a6c       ___DestructExceptionObject 10023a6c f   libvcruntime:ehhelpers.obj
 0001:00022b27       ?_CallMemberFunction0@@YGXQAX0@Z 10023b27 f i libvcruntime:ehhelpers.obj
 0001:00022b37       ?raw_name@type_info@@QBEPBDXZ 10023b37 f i libvcruntime:ehhelpers.obj
 0001:00022b3b       __IsExceptionObjectToBeDestroyed 10023b3b f   libvcruntime:ehhelpers.obj
 0001:00022b6a       __SetWinRTOutOfMemoryExceptionCallback 10023b6a f   libvcruntime:ehhelpers.obj
 0001:00022b7a       ___AdjustPointer           10023b7a f   libvcruntime:ehhelpers.obj
 0001:00022ba8       ___FrameUnwindFilter       10023ba8 f   libvcruntime:ehhelpers.obj
 0001:00022bfe       ___GetPlatformExceptionInfo 10023bfe f   libvcruntime:ehhelpers.obj
 0001:00022c5f       ___current_exception       10023c5f f   libvcruntime:ehhelpers.obj
 0001:00022c6a       ___current_exception_context 10023c6a f   libvcruntime:ehhelpers.obj
 0001:00022c75       ___processing_throw        10023c75 f   libvcruntime:ehhelpers.obj
 0001:00022c80       ___std_terminate           10023c80 f   libvcruntime:ehhelpers.obj
 0001:00022c85       __is_exception_typeof      10023c85 f   libvcruntime:ehhelpers.obj
 0001:00022d52       ??$?RD@__crt_public_free_policy@@QBEXQBD@Z 10023d52 f i libvcruntime:std_exception.obj
 0001:00022d66       ??0?$__crt_unique_heap_ptr@DU__crt_public_free_policy@@@@QAE@QAD@Z 10023d66 f i libvcruntime:std_exception.obj
 0001:00022d77       ??1?$__crt_unique_heap_ptr@DU__crt_public_free_policy@@@@QAE@XZ 10023d77 f i libvcruntime:std_exception.obj
 0001:00022d8b       ??B?$__crt_unique_heap_ptr@DU__crt_public_free_policy@@@@QBE_NXZ 10023d8b f i libvcruntime:std_exception.obj
 0001:00022d92       ?detach@?$__crt_unique_heap_ptr@DU__crt_public_free_policy@@@@QAEPADXZ 10023d92 f i libvcruntime:std_exception.obj
 0001:00022d98       ?get@?$__crt_unique_heap_ptr@DU__crt_public_free_policy@@@@QBEPADXZ 10023d98 f i libvcruntime:std_exception.obj
 0001:00022d9b       ?is_valid@?$__crt_unique_heap_ptr@DU__crt_public_free_policy@@@@QBE_NXZ 10023d9b f i libvcruntime:std_exception.obj
 0001:00022da2       ?release@?$__crt_unique_heap_ptr@DU__crt_public_free_policy@@@@QAEXXZ 10023da2 f i libvcruntime:std_exception.obj
 0001:00022db6       ___std_exception_copy      10023db6 f   libvcruntime:std_exception.obj
 0001:00022e31       ___std_exception_destroy   10023e31 f   libvcruntime:std_exception.obj
 0001:00022e57       __CxxThrowException@8      10023e57 f   libvcruntime:throw.obj
 0001:00022ee1       _malloc                    10023ee1 f   libucrt:malloc.obj
 0001:00022eee       ??$?RPAU__crt_stdio_stream_data@@@__crt_internal_free_policy@@QBEXQBQAU__crt_stdio_stream_data@@@Z 10023eee f i libucrt:_file.obj
 0001:00022f04       ??0?$__crt_unique_heap_ptr@PAU__crt_stdio_stream_data@@U__crt_internal_free_policy@@@@QAE@QAPAU__crt_stdio_stream_data@@@Z 10023f04 f i libucrt:_file.obj
 0001:00022f18       ??0__crt_stdio_stream@@QAE@QAU_iobuf@@@Z 10023f18 f i libucrt:_file.obj
 0001:00022f2c       ??1?$__crt_unique_heap_ptr@PAU__crt_stdio_stream_data@@U__crt_internal_free_policy@@@@QAE@XZ 10023f2c f i libucrt:_file.obj
 0001:00022f42       ??C__crt_stdio_stream@@QBEPAU__crt_stdio_stream_data@@XZ 10023f42 f i libucrt:_file.obj
 0001:00022f45       ?detach@?$__crt_unique_heap_ptr@PAU__crt_stdio_stream_data@@U__crt_internal_free_policy@@@@QAEPAPAU__crt_stdio_stream_data@@XZ 10023f45 f i libucrt:_file.obj
 0001:00022f4b       ?release@?$__crt_unique_heap_ptr@PAU__crt_stdio_stream_data@@U__crt_internal_free_policy@@@@QAEXXZ 10023f4b f i libucrt:_file.obj
 0001:00022f61       ___acrt_initialize_stdio   10023f61 f   libucrt:_file.obj
 0001:0002305b       ___acrt_iob_func           1002405b f   libucrt:_file.obj
 0001:0002306f       ___acrt_uninitialize_stdio 1002406f f   libucrt:_file.obj
 0001:000230ce       __get_stream_buffer_pointers 100240ce f   libucrt:_file.obj
 0001:00023125       __lock_file                10024125 f   libucrt:_file.obj
 0001:0002313e       __unlock_file              1002413e f   libucrt:_file.obj
 0001:00023157       ??$?0ABV?$stream_output_adapter@D@__crt_stdio_output@@AB_KABQBDABQAU__crt_locale_pointers@@ABQAD@?$format_validation_base@DV?$stream_output_adapter@D@__crt_stdio_output@@@__crt_stdio_output@@IAE@ABV?$stream_output_adapter@D@1@AB_KABQBDABQAU__crt_locale_pointers@@ABQAD@Z 10024157 f i libucrt:output.obj
 0001:00023182       ??$?0ABV?$stream_output_adapter@D@__crt_stdio_output@@AB_KABQBDABQAU__crt_locale_pointers@@ABQAD@?$positional_parameter_base@DV?$stream_output_adapter@D@__crt_stdio_output@@@__crt_stdio_output@@IAE@ABV?$stream_output_adapter@D@1@AB_KABQBDABQAU__crt_locale_pointers@@ABQAD@Z 10024182 f i libucrt:output.obj
 0001:000231dc       ??$?0ABV?$stream_output_adapter@D@__crt_stdio_output@@AB_KABQBDABQAU__crt_locale_pointers@@ABQAD@?$standard_base@DV?$stream_output_adapter@D@__crt_stdio_output@@@__crt_stdio_output@@IAE@ABV?$stream_output_adapter@D@1@AB_KABQBDABQAU__crt_locale_pointers@@ABQAD@Z 100241dc f i libucrt:output.obj
 0001:0002321e       ??$?0ABV?$stream_output_adapter@_W@__crt_stdio_output@@AB_KABQB_WABQAU__crt_locale_pointers@@ABQAD@?$format_validation_base@_WV?$stream_output_adapter@_W@__crt_stdio_output@@@__crt_stdio_output@@IAE@ABV?$stream_output_adapter@_W@1@AB_KABQB_WABQAU__crt_locale_pointers@@ABQAD@Z 1002421e f i libucrt:output.obj
 0001:00023249       ??$?0ABV?$stream_output_adapter@_W@__crt_stdio_output@@AB_KABQB_WABQAU__crt_locale_pointers@@ABQAD@?$positional_parameter_base@_WV?$stream_output_adapter@_W@__crt_stdio_output@@@__crt_stdio_output@@IAE@ABV?$stream_output_adapter@_W@1@AB_KABQB_WABQAU__crt_locale_pointers@@ABQAD@Z 10024249 f i libucrt:output.obj
 0001:000232a3       ??$?0ABV?$stream_output_adapter@_W@__crt_stdio_output@@AB_KABQB_WABQAU__crt_locale_pointers@@ABQAD@?$standard_base@_WV?$stream_output_adapter@_W@__crt_stdio_output@@@__crt_stdio_output@@IAE@ABV?$stream_output_adapter@_W@1@AB_KABQB_WABQAU__crt_locale_pointers@@ABQAD@Z 100242a3 f i libucrt:output.obj
 0001:000232e5       ??$?0ABV?$string_output_adapter@D@__crt_stdio_output@@AB_KABQBDABQAU__crt_locale_pointers@@ABQAD@?$format_validation_base@DV?$string_output_adapter@D@__crt_stdio_output@@@__crt_stdio_output@@IAE@ABV?$string_output_adapter@D@1@AB_KABQBDABQAU__crt_locale_pointers@@ABQAD@Z 100242e5 f i libucrt:output.obj
 0001:00023310       ??$?0ABV?$string_output_adapter@D@__crt_stdio_output@@AB_KABQBDABQAU__crt_locale_pointers@@ABQAD@?$positional_parameter_base@DV?$string_output_adapter@D@__crt_stdio_output@@@__crt_stdio_output@@IAE@ABV?$string_output_adapter@D@1@AB_KABQBDABQAU__crt_locale_pointers@@ABQAD@Z 10024310 f i libucrt:output.obj
 0001:0002336a       ??$?0ABV?$string_output_adapter@D@__crt_stdio_output@@AB_KABQBDABQAU__crt_locale_pointers@@ABQAD@?$standard_base@DV?$string_output_adapter@D@__crt_stdio_output@@@__crt_stdio_output@@IAE@ABV?$string_output_adapter@D@1@AB_KABQBDABQAU__crt_locale_pointers@@ABQAD@Z 1002436a f i libucrt:output.obj
 0001:000233ac       ??$?0ABV?$string_output_adapter@_W@__crt_stdio_output@@AB_KABQB_WABQAU__crt_locale_pointers@@ABQAD@?$format_validation_base@_WV?$string_output_adapter@_W@__crt_stdio_output@@@__crt_stdio_output@@IAE@ABV?$string_output_adapter@_W@1@AB_KABQB_WABQAU__crt_locale_pointers@@ABQAD@Z 100243ac f i libucrt:output.obj
 0001:000233d7       ??$?0ABV?$string_output_adapter@_W@__crt_stdio_output@@AB_KABQB_WABQAU__crt_locale_pointers@@ABQAD@?$positional_parameter_base@_WV?$string_output_adapter@_W@__crt_stdio_output@@@__crt_stdio_output@@IAE@ABV?$string_output_adapter@_W@1@AB_KABQB_WABQAU__crt_locale_pointers@@ABQAD@Z 100243d7 f i libucrt:output.obj
 0001:00023431       ??$?0ABV?$string_output_adapter@_W@__crt_stdio_output@@AB_KABQB_WABQAU__crt_locale_pointers@@ABQAD@?$standard_base@_WV?$string_output_adapter@_W@__crt_stdio_output@@@__crt_stdio_output@@IAE@ABV?$string_output_adapter@_W@1@AB_KABQB_WABQAU__crt_locale_pointers@@ABQAD@Z 10024431 f i libucrt:output.obj
 0001:000237fd       ??$__crt_interlocked_read@J@@YAJPDJ@Z 100247fd f i libucrt:output.obj
 0001:00024a66       ??$count@D@formatting_buffer@__crt_stdio_output@@QBEIXZ 10025a66 f i libucrt:output.obj
 0001:00024a84       ??$count@_W@formatting_buffer@__crt_stdio_output@@QBEIXZ 10025a84 f i libucrt:output.obj
 0001:00024aa3       ??$data@D@formatting_buffer@__crt_stdio_output@@QAEPADXZ 10025aa3 f i libucrt:output.obj
 0001:00024ab3       ??$data@_W@formatting_buffer@__crt_stdio_output@@QAEPA_WXZ 10025ab3 f i libucrt:output.obj
 0001:00024ac3       ??$ensure_buffer_is_big_enough@D@formatting_buffer@__crt_stdio_output@@QAE_NI@Z 10025ac3 f i libucrt:output.obj
 0001:00024b61       ??$ensure_buffer_is_big_enough@_W@formatting_buffer@__crt_stdio_output@@QAE_NI@Z 10025b61 f i libucrt:output.obj
 0001:00024c01       ??$extract_argument_from_va_list@C_J@?$positional_parameter_base@DV?$stream_output_adapter@D@__crt_stdio_output@@@__crt_stdio_output@@IAE_NAA_J@Z 10025c01 f i libucrt:output.obj
 0001:00024c98       ??$extract_argument_from_va_list@C_J@?$positional_parameter_base@DV?$string_output_adapter@D@__crt_stdio_output@@@__crt_stdio_output@@IAE_NAA_J@Z 10025c98 f i libucrt:output.obj
 0001:00024d2f       ??$extract_argument_from_va_list@C_J@?$positional_parameter_base@_WV?$stream_output_adapter@_W@__crt_stdio_output@@@__crt_stdio_output@@IAE_NAA_J@Z 10025d2f f i libucrt:output.obj
 0001:00024dc6       ??$extract_argument_from_va_list@C_J@?$positional_parameter_base@_WV?$string_output_adapter@_W@__crt_stdio_output@@@__crt_stdio_output@@IAE_NAA_J@Z 10025dc6 f i libucrt:output.obj
 0001:00024e5d       ??$extract_argument_from_va_list@C_J@?$standard_base@DV?$stream_output_adapter@D@__crt_stdio_output@@@__crt_stdio_output@@IAE_NAA_J@Z 10025e5d f i libucrt:output.obj
 0001:00024e83       ??$extract_argument_from_va_list@C_J@?$standard_base@DV?$string_output_adapter@D@__crt_stdio_output@@@__crt_stdio_output@@IAE_NAA_J@Z 10025e83 f i libucrt:output.obj
 0001:00024ea9       ??$extract_argument_from_va_list@C_J@?$standard_base@_WV?$stream_output_adapter@_W@__crt_stdio_output@@@__crt_stdio_output@@IAE_NAA_J@Z 10025ea9 f i libucrt:output.obj
 0001:00024ecf       ??$extract_argument_from_va_list@C_J@?$standard_base@_WV?$string_output_adapter@_W@__crt_stdio_output@@@__crt_stdio_output@@IAE_NAA_J@Z 10025ecf f i libucrt:output.obj
 0001:00024ef5       ??$extract_argument_from_va_list@E_J@?$positional_parameter_base@DV?$stream_output_adapter@D@__crt_stdio_output@@@__crt_stdio_output@@IAE_NAA_J@Z 10025ef5 f i libucrt:output.obj
 0001:00024f8c       ??$extract_argument_from_va_list@E_J@?$positional_parameter_base@DV?$string_output_adapter@D@__crt_stdio_output@@@__crt_stdio_output@@IAE_NAA_J@Z 10025f8c f i libucrt:output.obj
 0001:00025023       ??$extract_argument_from_va_list@E_J@?$positional_parameter_base@_WV?$stream_output_adapter@_W@__crt_stdio_output@@@__crt_stdio_output@@IAE_NAA_J@Z 10026023 f i libucrt:output.obj
 0001:000250ba       ??$extract_argument_from_va_list@E_J@?$positional_parameter_base@_WV?$string_output_adapter@_W@__crt_stdio_output@@@__crt_stdio_output@@IAE_NAA_J@Z 100260ba f i libucrt:output.obj
 0001:00025151       ??$extract_argument_from_va_list@E_J@?$standard_base@DV?$stream_output_adapter@D@__crt_stdio_output@@@__crt_stdio_output@@IAE_NAA_J@Z 10026151 f i libucrt:output.obj
 0001:00025177       ??$extract_argument_from_va_list@E_J@?$standard_base@DV?$string_output_adapter@D@__crt_stdio_output@@@__crt_stdio_output@@IAE_NAA_J@Z 10026177 f i libucrt:output.obj
 0001:0002519d       ??$extract_argument_from_va_list@E_J@?$standard_base@_WV?$stream_output_adapter@_W@__crt_stdio_output@@@__crt_stdio_output@@IAE_NAA_J@Z 1002619d f i libucrt:output.obj
 0001:000251c3       ??$extract_argument_from_va_list@E_J@?$standard_base@_WV?$string_output_adapter@_W@__crt_stdio_output@@@__crt_stdio_output@@IAE_NAA_J@Z 100261c3 f i libucrt:output.obj
 0001:000251e9       ??$extract_argument_from_va_list@F_J@?$positional_parameter_base@DV?$stream_output_adapter@D@__crt_stdio_output@@@__crt_stdio_output@@IAE_NAA_J@Z 100261e9 f i libucrt:output.obj
 0001:00025280       ??$extract_argument_from_va_list@F_J@?$positional_parameter_base@DV?$string_output_adapter@D@__crt_stdio_output@@@__crt_stdio_output@@IAE_NAA_J@Z 10026280 f i libucrt:output.obj
 0001:00025317       ??$extract_argument_from_va_list@F_J@?$positional_parameter_base@_WV?$stream_output_adapter@_W@__crt_stdio_output@@@__crt_stdio_output@@IAE_NAA_J@Z 10026317 f i libucrt:output.obj
 0001:000253ae       ??$extract_argument_from_va_list@F_J@?$positional_parameter_base@_WV?$string_output_adapter@_W@__crt_stdio_output@@@__crt_stdio_output@@IAE_NAA_J@Z 100263ae f i libucrt:output.obj
 0001:00025445       ??$extract_argument_from_va_list@F_J@?$standard_base@DV?$stream_output_adapter@D@__crt_stdio_output@@@__crt_stdio_output@@IAE_NAA_J@Z 10026445 f i libucrt:output.obj
 0001:0002546b       ??$extract_argument_from_va_list@F_J@?$standard_base@DV?$string_output_adapter@D@__crt_stdio_output@@@__crt_stdio_output@@IAE_NAA_J@Z 1002646b f i libucrt:output.obj
 0001:00025491       ??$extract_argument_from_va_list@F_J@?$standard_base@_WV?$stream_output_adapter@_W@__crt_stdio_output@@@__crt_stdio_output@@IAE_NAA_J@Z 10026491 f i libucrt:output.obj
 0001:000254b7       ??$extract_argument_from_va_list@F_J@?$standard_base@_WV?$string_output_adapter@_W@__crt_stdio_output@@@__crt_stdio_output@@IAE_NAA_J@Z 100264b7 f i libucrt:output.obj
 0001:000254dd       ??$extract_argument_from_va_list@GD@?$positional_parameter_base@DV?$stream_output_adapter@D@__crt_stdio_output@@@__crt_stdio_output@@IAE_NAAD@Z 100264dd f i libucrt:output.obj
 0001:00025573       ??$extract_argument_from_va_list@GD@?$positional_parameter_base@DV?$string_output_adapter@D@__crt_stdio_output@@@__crt_stdio_output@@IAE_NAAD@Z 10026573 f i libucrt:output.obj
 0001:00025609       ??$extract_argument_from_va_list@GD@?$standard_base@DV?$stream_output_adapter@D@__crt_stdio_output@@@__crt_stdio_output@@IAE_NAAD@Z 10026609 f i libucrt:output.obj
 0001:00025629       ??$extract_argument_from_va_list@GD@?$standard_base@DV?$string_output_adapter@D@__crt_stdio_output@@@__crt_stdio_output@@IAE_NAAD@Z 10026629 f i libucrt:output.obj
 0001:00025649       ??$extract_argument_from_va_list@G_J@?$positional_parameter_base@DV?$stream_output_adapter@D@__crt_stdio_output@@@__crt_stdio_output@@IAE_NAA_J@Z 10026649 f i libucrt:output.obj
 0001:000256e0       ??$extract_argument_from_va_list@G_J@?$positional_parameter_base@DV?$string_output_adapter@D@__crt_stdio_output@@@__crt_stdio_output@@IAE_NAA_J@Z 100266e0 f i libucrt:output.obj
 0001:00025777       ??$extract_argument_from_va_list@G_J@?$positional_parameter_base@_WV?$stream_output_adapter@_W@__crt_stdio_output@@@__crt_stdio_output@@IAE_NAA_J@Z 10026777 f i libucrt:output.obj
 0001:0002580e       ??$extract_argument_from_va_list@G_J@?$positional_parameter_base@_WV?$string_output_adapter@_W@__crt_stdio_output@@@__crt_stdio_output@@IAE_NAA_J@Z 1002680e f i libucrt:output.obj
 0001:000258a5       ??$extract_argument_from_va_list@G_J@?$standard_base@DV?$stream_output_adapter@D@__crt_stdio_output@@@__crt_stdio_output@@IAE_NAA_J@Z 100268a5 f i libucrt:output.obj
 0001:000258cb       ??$extract_argument_from_va_list@G_J@?$standard_base@DV?$string_output_adapter@D@__crt_stdio_output@@@__crt_stdio_output@@IAE_NAA_J@Z 100268cb f i libucrt:output.obj
 0001:000258f1       ??$extract_argument_from_va_list@G_J@?$standard_base@_WV?$stream_output_adapter@_W@__crt_stdio_output@@@__crt_stdio_output@@IAE_NAA_J@Z 100268f1 f i libucrt:output.obj
 0001:00025917       ??$extract_argument_from_va_list@G_J@?$standard_base@_WV?$string_output_adapter@_W@__crt_stdio_output@@@__crt_stdio_output@@IAE_NAA_J@Z 10026917 f i libucrt:output.obj
 0001:0002593d       ??$extract_argument_from_va_list@H_J@?$positional_parameter_base@DV?$stream_output_adapter@D@__crt_stdio_output@@@__crt_stdio_output@@IAE_NAA_J@Z 1002693d f i libucrt:output.obj
 0001:000259d1       ??$extract_argument_from_va_list@H_J@?$positional_parameter_base@DV?$string_output_adapter@D@__crt_stdio_output@@@__crt_stdio_output@@IAE_NAA_J@Z 100269d1 f i libucrt:output.obj
 0001:00025a65       ??$extract_argument_from_va_list@H_J@?$positional_parameter_base@_WV?$stream_output_adapter@_W@__crt_stdio_output@@@__crt_stdio_output@@IAE_NAA_J@Z 10026a65 f i libucrt:output.obj
 0001:00025af9       ??$extract_argument_from_va_list@H_J@?$positional_parameter_base@_WV?$string_output_adapter@_W@__crt_stdio_output@@@__crt_stdio_output@@IAE_NAA_J@Z 10026af9 f i libucrt:output.obj
 0001:00025b8d       ??$extract_argument_from_va_list@H_J@?$standard_base@DV?$stream_output_adapter@D@__crt_stdio_output@@@__crt_stdio_output@@IAE_NAA_J@Z 10026b8d f i libucrt:output.obj
 0001:00025bb2       ??$extract_argument_from_va_list@H_J@?$standard_base@DV?$string_output_adapter@D@__crt_stdio_output@@@__crt_stdio_output@@IAE_NAA_J@Z 10026bb2 f i libucrt:output.obj
 0001:00025bd7       ??$extract_argument_from_va_list@H_J@?$standard_base@_WV?$stream_output_adapter@_W@__crt_stdio_output@@@__crt_stdio_output@@IAE_NAA_J@Z 10026bd7 f i libucrt:output.obj
 0001:00025bfc       ??$extract_argument_from_va_list@H_J@?$standard_base@_WV?$string_output_adapter@_W@__crt_stdio_output@@@__crt_stdio_output@@IAE_NAA_J@Z 10026bfc f i libucrt:output.obj
 0001:00025c21       ??$extract_argument_from_va_list@I_J@?$positional_parameter_base@DV?$stream_output_adapter@D@__crt_stdio_output@@@__crt_stdio_output@@IAE_NAA_J@Z 10026c21 f i libucrt:output.obj
 0001:00025cc1       ??$extract_argument_from_va_list@I_J@?$positional_parameter_base@DV?$string_output_adapter@D@__crt_stdio_output@@@__crt_stdio_output@@IAE_NAA_J@Z 10026cc1 f i libucrt:output.obj
 0001:00025d61       ??$extract_argument_from_va_list@I_J@?$positional_parameter_base@_WV?$stream_output_adapter@_W@__crt_stdio_output@@@__crt_stdio_output@@IAE_NAA_J@Z 10026d61 f i libucrt:output.obj
 0001:00025e01       ??$extract_argument_from_va_list@I_J@?$positional_parameter_base@_WV?$string_output_adapter@_W@__crt_stdio_output@@@__crt_stdio_output@@IAE_NAA_J@Z 10026e01 f i libucrt:output.obj
 0001:00025ea1       ??$extract_argument_from_va_list@I_J@?$standard_base@DV?$stream_output_adapter@D@__crt_stdio_output@@@__crt_stdio_output@@IAE_NAA_J@Z 10026ea1 f i libucrt:output.obj
 0001:00025ec6       ??$extract_argument_from_va_list@I_J@?$standard_base@DV?$string_output_adapter@D@__crt_stdio_output@@@__crt_stdio_output@@IAE_NAA_J@Z 10026ec6 f i libucrt:output.obj
 0001:00025eeb       ??$extract_argument_from_va_list@I_J@?$standard_base@_WV?$stream_output_adapter@_W@__crt_stdio_output@@@__crt_stdio_output@@IAE_NAA_J@Z 10026eeb f i libucrt:output.obj
 0001:00025f10       ??$extract_argument_from_va_list@I_J@?$standard_base@_WV?$string_output_adapter@_W@__crt_stdio_output@@@__crt_stdio_output@@IAE_NAA_J@Z 10026f10 f i libucrt:output.obj
 0001:00025f35       ??$extract_argument_from_va_list@PADPAD@?$positional_parameter_base@DV?$stream_output_adapter@D@__crt_stdio_output@@@__crt_stdio_output@@IAE_NAAPAD@Z 10026f35 f i libucrt:output.obj
 0001:00025fcb       ??$extract_argument_from_va_list@PADPAD@?$positional_parameter_base@DV?$string_output_adapter@D@__crt_stdio_output@@@__crt_stdio_output@@IAE_NAAPAD@Z 10026fcb f i libucrt:output.obj
 0001:00026061       ??$extract_argument_from_va_list@PADPAD@?$positional_parameter_base@_WV?$stream_output_adapter@_W@__crt_stdio_output@@@__crt_stdio_output@@IAE_NAAPAD@Z 10027061 f i libucrt:output.obj
 0001:000260f7       ??$extract_argument_from_va_list@PADPAD@?$positional_parameter_base@_WV?$string_output_adapter@_W@__crt_stdio_output@@@__crt_stdio_output@@IAE_NAAPAD@Z 100270f7 f i libucrt:output.obj
 0001:0002618d       ??$extract_argument_from_va_list@PADPAD@?$standard_base@DV?$stream_output_adapter@D@__crt_stdio_output@@@__crt_stdio_output@@IAE_NAAPAD@Z 1002718d f i libucrt:output.obj
 0001:000261ad       ??$extract_argument_from_va_list@PADPAD@?$standard_base@DV?$string_output_adapter@D@__crt_stdio_output@@@__crt_stdio_output@@IAE_NAAPAD@Z 100271ad f i libucrt:output.obj
 0001:000261cd       ??$extract_argument_from_va_list@PADPAD@?$standard_base@_WV?$stream_output_adapter@_W@__crt_stdio_output@@@__crt_stdio_output@@IAE_NAAPAD@Z 100271cd f i libucrt:output.obj
 0001:000261ed       ??$extract_argument_from_va_list@PADPAD@?$standard_base@_WV?$string_output_adapter@_W@__crt_stdio_output@@@__crt_stdio_output@@IAE_NAAPAD@Z 100271ed f i libucrt:output.obj
 0001:000265e5       ??$extract_argument_from_va_list@PAXPAX@?$positional_parameter_base@DV?$stream_output_adapter@D@__crt_stdio_output@@@__crt_stdio_output@@IAE_NAAPAX@Z 100275e5 f i libucrt:output.obj
 0001:0002667b       ??$extract_argument_from_va_list@PAXPAX@?$positional_parameter_base@DV?$string_output_adapter@D@__crt_stdio_output@@@__crt_stdio_output@@IAE_NAAPAX@Z 1002767b f i libucrt:output.obj
 0001:00026711       ??$extract_argument_from_va_list@PAXPAX@?$positional_parameter_base@_WV?$stream_output_adapter@_W@__crt_stdio_output@@@__crt_stdio_output@@IAE_NAAPAX@Z 10027711 f i libucrt:output.obj
 0001:000267a7       ??$extract_argument_from_va_list@PAXPAX@?$positional_parameter_base@_WV?$string_output_adapter@_W@__crt_stdio_output@@@__crt_stdio_output@@IAE_NAAPAX@Z 100277a7 f i libucrt:output.obj
 0001:0002683d       ??$extract_argument_from_va_list@PAXPAX@?$standard_base@DV?$stream_output_adapter@D@__crt_stdio_output@@@__crt_stdio_output@@IAE_NAAPAX@Z 1002783d f i libucrt:output.obj
 0001:0002685d       ??$extract_argument_from_va_list@PAXPAX@?$standard_base@DV?$string_output_adapter@D@__crt_stdio_output@@@__crt_stdio_output@@IAE_NAAPAX@Z 1002785d f i libucrt:output.obj
 0001:0002687d       ??$extract_argument_from_va_list@PAXPAX@?$standard_base@_WV?$stream_output_adapter@_W@__crt_stdio_output@@@__crt_stdio_output@@IAE_NAAPAX@Z 1002787d f i libucrt:output.obj
 0001:0002689d       ??$extract_argument_from_va_list@PAXPAX@?$standard_base@_WV?$string_output_adapter@_W@__crt_stdio_output@@@__crt_stdio_output@@IAE_NAAPAX@Z 1002789d f i libucrt:output.obj
 0001:000268bd       ??$extract_argument_from_va_list@U_CRT_DOUBLE@@U1@@?$positional_parameter_base@DV?$stream_output_adapter@D@__crt_stdio_output@@@__crt_stdio_output@@IAE_NAAU_CRT_DOUBLE@@@Z 100278bd f i libucrt:output.obj
 0001:00026964       ??$extract_argument_from_va_list@U_CRT_DOUBLE@@U1@@?$positional_parameter_base@DV?$string_output_adapter@D@__crt_stdio_output@@@__crt_stdio_output@@IAE_NAAU_CRT_DOUBLE@@@Z 10027964 f i libucrt:output.obj
 0001:00026a0b       ??$extract_argument_from_va_list@U_CRT_DOUBLE@@U1@@?$positional_parameter_base@_WV?$stream_output_adapter@_W@__crt_stdio_output@@@__crt_stdio_output@@IAE_NAAU_CRT_DOUBLE@@@Z 10027a0b f i libucrt:output.obj
 0001:00026ab2       ??$extract_argument_from_va_list@U_CRT_DOUBLE@@U1@@?$positional_parameter_base@_WV?$string_output_adapter@_W@__crt_stdio_output@@@__crt_stdio_output@@IAE_NAAU_CRT_DOUBLE@@@Z 10027ab2 f i libucrt:output.obj
 0001:00026b59       ??$extract_argument_from_va_list@U_CRT_DOUBLE@@U1@@?$standard_base@DV?$stream_output_adapter@D@__crt_stdio_output@@@__crt_stdio_output@@IAE_NAAU_CRT_DOUBLE@@@Z 10027b59 f i libucrt:output.obj
 0001:00026b81       ??$extract_argument_from_va_list@U_CRT_DOUBLE@@U1@@?$standard_base@DV?$string_output_adapter@D@__crt_stdio_output@@@__crt_stdio_output@@IAE_NAAU_CRT_DOUBLE@@@Z 10027b81 f i libucrt:output.obj
 0001:00026ba9       ??$extract_argument_from_va_list@U_CRT_DOUBLE@@U1@@?$standard_base@_WV?$stream_output_adapter@_W@__crt_stdio_output@@@__crt_stdio_output@@IAE_NAAU_CRT_DOUBLE@@@Z 10027ba9 f i libucrt:output.obj
 0001:00026bd1       ??$extract_argument_from_va_list@U_CRT_DOUBLE@@U1@@?$standard_base@_WV?$string_output_adapter@_W@__crt_stdio_output@@@__crt_stdio_output@@IAE_NAAU_CRT_DOUBLE@@@Z 10027bd1 f i libucrt:output.obj
 0001:00026bf9       ??$extract_argument_from_va_list@_J_J@?$positional_parameter_base@DV?$stream_output_adapter@D@__crt_stdio_output@@@__crt_stdio_output@@IAE_NAA_J@Z 10027bf9 f i libucrt:output.obj
 0001:00026ca0       ??$extract_argument_from_va_list@_J_J@?$positional_parameter_base@DV?$string_output_adapter@D@__crt_stdio_output@@@__crt_stdio_output@@IAE_NAA_J@Z 10027ca0 f i libucrt:output.obj
 0001:00026d47       ??$extract_argument_from_va_list@_J_J@?$positional_parameter_base@_WV?$stream_output_adapter@_W@__crt_stdio_output@@@__crt_stdio_output@@IAE_NAA_J@Z 10027d47 f i libucrt:output.obj
 0001:00026dee       ??$extract_argument_from_va_list@_J_J@?$positional_parameter_base@_WV?$string_output_adapter@_W@__crt_stdio_output@@@__crt_stdio_output@@IAE_NAA_J@Z 10027dee f i libucrt:output.obj
 0001:00026e95       ??$extract_argument_from_va_list@_J_J@?$standard_base@DV?$stream_output_adapter@D@__crt_stdio_output@@@__crt_stdio_output@@IAE_NAA_J@Z 10027e95 f i libucrt:output.obj
 0001:00026ebd       ??$extract_argument_from_va_list@_J_J@?$standard_base@DV?$string_output_adapter@D@__crt_stdio_output@@@__crt_stdio_output@@IAE_NAA_J@Z 10027ebd f i libucrt:output.obj
 0001:00026ee5       ??$extract_argument_from_va_list@_J_J@?$standard_base@_WV?$stream_output_adapter@_W@__crt_stdio_output@@@__crt_stdio_output@@IAE_NAA_J@Z 10027ee5 f i libucrt:output.obj
 0001:00026f0d       ??$extract_argument_from_va_list@_J_J@?$standard_base@_WV?$string_output_adapter@_W@__crt_stdio_output@@@__crt_stdio_output@@IAE_NAA_J@Z 10027f0d f i libucrt:output.obj
 0001:00026f35       ??$extract_argument_from_va_list@_K_J@?$positional_parameter_base@DV?$stream_output_adapter@D@__crt_stdio_output@@@__crt_stdio_output@@IAE_NAA_J@Z 10027f35 f i libucrt:output.obj
 0001:00026fdc       ??$extract_argument_from_va_list@_K_J@?$positional_parameter_base@DV?$string_output_adapter@D@__crt_stdio_output@@@__crt_stdio_output@@IAE_NAA_J@Z 10027fdc f i libucrt:output.obj
 0001:00027083       ??$extract_argument_from_va_list@_K_J@?$positional_parameter_base@_WV?$stream_output_adapter@_W@__crt_stdio_output@@@__crt_stdio_output@@IAE_NAA_J@Z 10028083 f i libucrt:output.obj
 0001:0002712a       ??$extract_argument_from_va_list@_K_J@?$positional_parameter_base@_WV?$string_output_adapter@_W@__crt_stdio_output@@@__crt_stdio_output@@IAE_NAA_J@Z 1002812a f i libucrt:output.obj
 0001:000271d1       ??$extract_argument_from_va_list@_K_J@?$standard_base@DV?$stream_output_adapter@D@__crt_stdio_output@@@__crt_stdio_output@@IAE_NAA_J@Z 100281d1 f i libucrt:output.obj
 0001:000271f9       ??$extract_argument_from_va_list@_K_J@?$standard_base@DV?$string_output_adapter@D@__crt_stdio_output@@@__crt_stdio_output@@IAE_NAA_J@Z 100281f9 f i libucrt:output.obj
 0001:00027221       ??$extract_argument_from_va_list@_K_J@?$standard_base@_WV?$stream_output_adapter@_W@__crt_stdio_output@@@__crt_stdio_output@@IAE_NAA_J@Z 10028221 f i libucrt:output.obj
 0001:00027249       ??$extract_argument_from_va_list@_K_J@?$standard_base@_WV?$string_output_adapter@_W@__crt_stdio_output@@@__crt_stdio_output@@IAE_NAA_J@Z 10028249 f i libucrt:output.obj
 0001:00027271       ??$extract_argument_from_va_list@_W_W@?$positional_parameter_base@DV?$stream_output_adapter@D@__crt_stdio_output@@@__crt_stdio_output@@IAE_NAA_W@Z 10028271 f i libucrt:output.obj
 0001:0002730c       ??$extract_argument_from_va_list@_W_W@?$positional_parameter_base@DV?$string_output_adapter@D@__crt_stdio_output@@@__crt_stdio_output@@IAE_NAA_W@Z 1002830c f i libucrt:output.obj
 0001:000273a7       ??$extract_argument_from_va_list@_W_W@?$positional_parameter_base@_WV?$stream_output_adapter@_W@__crt_stdio_output@@@__crt_stdio_output@@IAE_NAA_W@Z 100283a7 f i libucrt:output.obj
 0001:00027442       ??$extract_argument_from_va_list@_W_W@?$positional_parameter_base@_WV?$string_output_adapter@_W@__crt_stdio_output@@@__crt_stdio_output@@IAE_NAA_W@Z 10028442 f i libucrt:output.obj
 0001:000274dd       ??$extract_argument_from_va_list@_W_W@?$standard_base@DV?$stream_output_adapter@D@__crt_stdio_output@@@__crt_stdio_output@@IAE_NAA_W@Z 100284dd f i libucrt:output.obj
 0001:00027500       ??$extract_argument_from_va_list@_W_W@?$standard_base@DV?$string_output_adapter@D@__crt_stdio_output@@@__crt_stdio_output@@IAE_NAA_W@Z 10028500 f i libucrt:output.obj
 0001:00027523       ??$extract_argument_from_va_list@_W_W@?$standard_base@_WV?$stream_output_adapter@_W@__crt_stdio_output@@@__crt_stdio_output@@IAE_NAA_W@Z 10028523 f i libucrt:output.obj
 0001:00027546       ??$extract_argument_from_va_list@_W_W@?$standard_base@_WV?$string_output_adapter@_W@__crt_stdio_output@@@__crt_stdio_output@@IAE_NAA_W@Z 10028546 f i libucrt:output.obj
 0001:00027569       ??$get_parameter_type@D@?$positional_parameter_base@DV?$stream_output_adapter@D@__crt_stdio_output@@@__crt_stdio_output@@CA?AW4parameter_type@01@PAD@Z 10028569 f i libucrt:output.obj
 0001:0002756d       ??$get_parameter_type@D@?$positional_parameter_base@DV?$string_output_adapter@D@__crt_stdio_output@@@__crt_stdio_output@@CA?AW4parameter_type@01@PAD@Z 1002856d f i libucrt:output.obj
 0001:00027571       ??$get_parameter_type@D@?$positional_parameter_base@_WV?$stream_output_adapter@_W@__crt_stdio_output@@@__crt_stdio_output@@CA?AW4parameter_type@01@PAD@Z 10028571 f i libucrt:output.obj
 0001:00027575       ??$get_parameter_type@D@?$positional_parameter_base@_WV?$string_output_adapter@_W@__crt_stdio_output@@@__crt_stdio_output@@CA?AW4parameter_type@01@PAD@Z 10028575 f i libucrt:output.obj
 0001:00027589       ??$get_parameter_type@X@?$positional_parameter_base@DV?$stream_output_adapter@D@__crt_stdio_output@@@__crt_stdio_output@@CA?AW4parameter_type@01@PAX@Z 10028589 f i libucrt:output.obj
 0001:0002758d       ??$get_parameter_type@X@?$positional_parameter_base@DV?$string_output_adapter@D@__crt_stdio_output@@@__crt_stdio_output@@CA?AW4parameter_type@01@PAX@Z 1002858d f i libucrt:output.obj
 0001:00027591       ??$get_parameter_type@X@?$positional_parameter_base@_WV?$stream_output_adapter@_W@__crt_stdio_output@@@__crt_stdio_output@@CA?AW4parameter_type@01@PAX@Z 10028591 f i libucrt:output.obj
 0001:00027595       ??$get_parameter_type@X@?$positional_parameter_base@_WV?$string_output_adapter@_W@__crt_stdio_output@@@__crt_stdio_output@@CA?AW4parameter_type@01@PAX@Z 10028595 f i libucrt:output.obj
 0001:00027599       ??$is_character_specifier@D@?$positional_parameter_base@DV?$stream_output_adapter@D@__crt_stdio_output@@@__crt_stdio_output@@CA_ND@Z 10028599 f i libucrt:output.obj
 0001:000275b7       ??$is_character_specifier@D@?$positional_parameter_base@DV?$string_output_adapter@D@__crt_stdio_output@@@__crt_stdio_output@@CA_ND@Z 100285b7 f i libucrt:output.obj
 0001:000275d5       ??$is_character_specifier@_W@?$positional_parameter_base@_WV?$stream_output_adapter@_W@__crt_stdio_output@@@__crt_stdio_output@@CA_N_W@Z 100285d5 f i libucrt:output.obj
 0001:000275f6       ??$is_character_specifier@_W@?$positional_parameter_base@_WV?$string_output_adapter@_W@__crt_stdio_output@@@__crt_stdio_output@@CA_N_W@Z 100285f6 f i libucrt:output.obj
[...]
 0002:00011468       __sehtable$??$?RV<lambda_69a2805e680e0e292e8ba93315fe43a8>@@AAV<lambda_f03950bc5685219e0bcd2087efbe011e>@@V<lambda_03fcd07e894ec930e3f35da366ca99d6>@@@?$__crt_seh_guarded_call@H@@QAEH$$QAV<lambda_69a2805e680e0e292e8ba93315fe43a8>@@AAV<lambda_f03950bc5685219e0bcd2087efbe011e>@@$$QAV<lambda_03fcd07e894ec930e3f35da366ca99d6>@@@Z 10083468     libucrt:onexit.obj
 0002:00011488       __sehtable$_terminate      10083488     libucrt:terminate.obj
 0002:000114a8       __sehtable$??$?RV<lambda_93797fb4802c957ba6a7f08e1250235b>@@AAV<lambda_1f3ce6bd48e0aa2e72a71c02eee379d3>@@V<lambda_56cae30c9364c9b6c15aeaac05d0418e>@@@?$__crt_seh_guarded_call@H@@QAEH$$QAV<lambda_93797fb4802c957ba6a7f08e1250235b>@@AAV<lambda_1f3ce6bd48e0aa2e72a71c02eee379d3>@@$$QAV<lambda_56cae30c9364c9b6c15aeaac05d0418e>@@@Z 100834a8     libucrt:winapi_thunks.obj
 0002:000114c8       __sehtable$__fcloseall     100834c8     libucrt:closeall.obj
 0002:000114e8       __sehtable$??$?RV<lambda_2866be3712abc81a800a822484c830d8>@@AAV<lambda_39ca0ed439415581b5b15c265174cece>@@V<lambda_2b24c74d71094a6cd0cb82e44167d71b>@@@?$__crt_seh_guarded_call@X@@QAEX$$QAV<lambda_2866be3712abc81a800a822484c830d8>@@AAV<lambda_39ca0ed439415581b5b15c265174cece>@@$$QAV<lambda_2b24c74d71094a6cd0cb82e44167d71b>@@@Z 100834e8     libucrt:fflush.obj
 0002:00011508       __sehtable$??$?RV<lambda_2cc53f568c5a2bb6f192f930a45d44ea>@@AAV<lambda_ab61a845afdef5b7c387490eaf3616ee>@@V<lambda_c2ffc0b7726aa6be21d5f0026187e748>@@@?$__crt_seh_guarded_call@X@@QAEX$$QAV<lambda_2cc53f568c5a2bb6f192f930a45d44ea>@@AAV<lambda_ab61a845afdef5b7c387490eaf3616ee>@@$$QAV<lambda_c2ffc0b7726aa6be21d5f0026187e748>@@@Z 10083508     libucrt:fflush.obj
 0002:00011528       __sehtable$??$?RV<lambda_6d20deecaf4856105ebacbad442d1079>@@AAV<lambda_9a32fed5bf61b6b509b2d3f6003082a1>@@V<lambda_63ea2239ed67c638ddbae41947fdf875>@@@?$__crt_seh_guarded_call@H@@QAEH$$QAV<lambda_6d20deecaf4856105ebacbad442d1079>@@AAV<lambda_9a32fed5bf61b6b509b2d3f6003082a1>@@$$QAV<lambda_63ea2239ed67c638ddbae41947fdf875>@@@Z 10083528     libucrt:fflush.obj
 0002:00011548       __sehtable$___acrt_initialize_lowio 10083548     libucrt:ioinit.obj
 0002:00011568       __sehtable$??$?RV<lambda_15ade71b0218206bbe3333a0c9b79046>@@AAV<lambda_da44e0f8b0f19ba52fefafb335991732>@@V<lambda_207f2d024fc103971653565357d6cd41>@@@?$__crt_seh_guarded_call@X@@QAEX$$QAV<lambda_15ade71b0218206bbe3333a0c9b79046>@@AAV<lambda_da44e0f8b0f19ba52fefafb335991732>@@$$QAV<lambda_207f2d024fc103971653565357d6cd41>@@@Z 10083568     libucrt:per_thread_data.obj
 0002:00011588       __sehtable$??$?RV<lambda_a7e850c220f1c8d1e6efeecdedd162c6>@@AAV<lambda_46720907175c18b6c9d2717bc0d2d362>@@V<lambda_9048902d66e8d99359bc9897bbb930a8>@@@?$__crt_seh_guarded_call@X@@QAEX$$QAV<lambda_a7e850c220f1c8d1e6efeecdedd162c6>@@AAV<lambda_46720907175c18b6c9d2717bc0d2d362>@@$$QAV<lambda_9048902d66e8d99359bc9897bbb930a8>@@@Z 10083588     libucrt:per_thread_data.obj
 0002:000115a8       __sehtable$??$?RV<lambda_38edbb1296d33220d7e4dd0ed76b244a>@@AAV<lambda_5ce1d447e08cb34b2473517608e21441>@@V<lambda_fb385d3da700c9147fc39e65dd577a8c>@@@?$__crt_seh_guarded_call@X@@QAEX$$QAV<lambda_38edbb1296d33220d7e4dd0ed76b244a>@@AAV<lambda_5ce1d447e08cb34b2473517608e21441>@@$$QAV<lambda_fb385d3da700c9147fc39e65dd577a8c>@@@Z 100835a8     libucrt:per_thread_data.obj
 0002:000115c8       __sehtable$??$?RV<lambda_6affb1475c98b40b75cdec977db92e3c>@@AAV<lambda_b8d4b9c228a6ecc3f80208dbb4b4a104>@@V<lambda_608742c3c92a14382c1684fc64f96c88>@@@?$__crt_seh_guarded_call@X@@QAEX$$QAV<lambda_6affb1475c98b40b75cdec977db92e3c>@@AAV<lambda_b8d4b9c228a6ecc3f80208dbb4b4a104>@@$$QAV<lambda_608742c3c92a14382c1684fc64f96c88>@@@Z 100835c8     libucrt:per_thread_data.obj
 0002:000115e8       __sehtable$_fputwc         100835e8     libucrt:fputwc.obj
 0002:00011608       __sehtable$_fputc          10083608     libucrt:fputc.obj
 0002:00011628       __sehtable$__free_locale   10083628     libucrt:wsetlocale.obj
 0002:00011658       __sehtable$??$?RV<lambda_e5124f882df8998aaf41531e079ba474>@@AAV<lambda_3e16ef9562a7dcce91392c22ab16ea36>@@V<lambda_e25ca0880e6ef98be67edffd8c599615>@@@?$__crt_seh_guarded_call@X@@QAEX$$QAV<lambda_e5124f882df8998aaf41531e079ba474>@@AAV<lambda_3e16ef9562a7dcce91392c22ab16ea36>@@$$QAV<lambda_e25ca0880e6ef98be67edffd8c599615>@@@Z 10083658     libucrt:wsetlocale.obj
 0002:00011678       __sehtable$??$?RV<lambda_82aef432098b982f9ede325b418aa67a>@@AAV<lambda_862e9a3f04921db6ca1ce3faa2bf3edf>@@V<lambda_ffabc152e504b53d7492b9889b10c020>@@@?$__crt_seh_guarded_call@X@@QAEX$$QAV<lambda_82aef432098b982f9ede325b418aa67a>@@AAV<lambda_862e9a3f04921db6ca1ce3faa2bf3edf>@@$$QAV<lambda_ffabc152e504b53d7492b9889b10c020>@@@Z 10083678     libucrt:wsetlocale.obj
 0002:00011698       __sehtable$??$?RV<lambda_6673f7c4c09a5d469d0c27ae364621ce>@@AAV<lambda_ebab98244f73a74f49db879bf13fa982>@@V<lambda_be20789b7a146653eab82509ec35b419>@@@?$__crt_seh_guarded_call@X@@QAEX$$QAV<lambda_6673f7c4c09a5d469d0c27ae364621ce>@@AAV<lambda_ebab98244f73a74f49db879bf13fa982>@@$$QAV<lambda_be20789b7a146653eab82509ec35b419>@@@Z 10083698     libucrt:wsetlocale.obj
 0002:000116b8       __sehtable$??$?RV<lambda_4fdada1b837b2abbf20876fac97688ad>@@AAV<lambda_b57350f2640456a0859d250846f69caf>@@V<lambda_eed5e4f92b5b7d55fa22c48c484aaa54>@@@?$__crt_seh_guarded_call@X@@QAEX$$QAV<lambda_4fdada1b837b2abbf20876fac97688ad>@@AAV<lambda_b57350f2640456a0859d250846f69caf>@@$$QAV<lambda_eed5e4f92b5b7d55fa22c48c484aaa54>@@@Z 100836b8     libucrt:wsetlocale.obj
 0002:000116d8       __sehtable$??$?RV<lambda_135d2772fca65dc1248eeaa1b56e886a>@@AAV<lambda_2a444430fde8c29194d880d93eed5e8f>@@AAV<lambda_8dff2cf36a5417162780cd64fa2883ef>@@@?$__crt_seh_guarded_call@X@@QAEX$$QAV<lambda_135d2772fca65dc1248eeaa1b56e886a>@@AAV<lambda_2a444430fde8c29194d880d93eed5e8f>@@AAV<lambda_8dff2cf36a5417162780cd64fa2883ef>@@@Z 100836d8     libucrt:wsetlocale.obj
 0002:000116f8       __sehtable$??$?RV<lambda_218ce3db14220d0be481dae8ef3383b6>@@AAV<lambda_628dfdc04ba53c8bfc02c9951375f3f5>@@V<lambda_57dc472bd5c9d5f3b2cbca59b8a843ae>@@@?$__crt_seh_guarded_call@H@@QAEH$$QAV<lambda_218ce3db14220d0be481dae8ef3383b6>@@AAV<lambda_628dfdc04ba53c8bfc02c9951375f3f5>@@$$QAV<lambda_57dc472bd5c9d5f3b2cbca59b8a843ae>@@@Z 100836f8     libucrt:close.obj
 0002:00011718       __sehtable$?__acrt_stdio_allocate_stream@@YA?AV__crt_stdio_stream@@XZ 10083718     libucrt:stream.obj
 0002:00011738       __sehtable$__read          10083738     libucrt:read.obj
 0002:00011758       __sehtable$__write         10083758     libucrt:write.obj
 0002:00011778       __sehtable$??$common_lseek@J@@YAJHJH@Z 10083778     libucrt:lseek.obj
 0002:00011798       __sehtable$??$common_lseek@_J@@YA_JH_JH@Z 10083798     libucrt:lseek.obj
 0002:000117b8       __sehtable$___set_fpsr_sse2 100837b8     libucrt:fpctrl.obj
 0002:000117d8       __sehtable$??$?RV<lambda_70c0770dcc4f6ec6272bb01dc82d3c91>@@AAV<lambda_ca71763b3c0644891230e4f79ea54fa6>@@V<lambda_ca266f0f09348b8765c113e3a39a2bc1>@@@?$__crt_seh_guarded_call@H@@QAEH$$QAV<lambda_70c0770dcc4f6ec6272bb01dc82d3c91>@@AAV<lambda_ca71763b3c0644891230e4f79ea54fa6>@@$$QAV<lambda_ca266f0f09348b8765c113e3a39a2bc1>@@@Z 100837d8     libucrt:setvbuf.obj
 0002:000117f8       __sehtable$_signal         100837f8     libucrt:signal.obj
 0002:00011818       __sehtable$_raise          10083818     libucrt:signal.obj
 0002:00011838       __sehtable$?ctrlevent_capture@@YGHK@Z 10083838     libucrt:signal.obj
 0002:00011858       __sehtable$??$?RV<lambda_cbab9ec6f41b0180b23cc171c22676b0>@@AAV<lambda_44731a7d0e6d81c3e6aa82d741081786>@@V<lambda_4b292cb8dd18144e164572427af410ab>@@@?$__crt_seh_guarded_call@P6AXH@Z@@QAEP6AXH@Z$$QAV<lambda_cbab9ec6f41b0180b23cc171c22676b0>@@AAV<lambda_44731a7d0e6d81c3e6aa82d741081786>@@$$QAV<lambda_4b292cb8dd18144e164572427af410ab>@@@Z 10083858     libucrt:signal.obj
 0002:00011878       __sehtable$?update_thread_multibyte_data_internal@@YAPAU__crt_multibyte_data@@QAU__acrt_ptd@@QAPAU1@@Z 10083878     libucrt:mbctype.obj
 0002:00011898       __sehtable$??$?RV<lambda_ceb1ee4838e85a9d631eb091e2fbe199>@@AAV<lambda_ae742caa10f662c28703da3d2ea5e57e>@@V<lambda_cd08b5d6af4937fe54fc07d0c9bf6b37>@@@?$__crt_seh_guarded_call@X@@QAEX$$QAV<lambda_ceb1ee4838e85a9d631eb091e2fbe199>@@AAV<lambda_ae742caa10f662c28703da3d2ea5e57e>@@$$QAV<lambda_cd08b5d6af4937fe54fc07d0c9bf6b37>@@@Z 10083898     libucrt:mbctype.obj
 0002:000118b8       __sehtable$__query_new_handler 100838b8     libucrt:new_handler.obj
 0002:000118d8       __sehtable$__set_new_handler 100838d8     libucrt:new_handler.obj
 0002:000118f8       __sehtable$??$?RV<lambda_9e9de3de5fa147e2223d7db92bc10aa6>@@AAV<lambda_38ce7e780aa69e748d6df282ebc68efe>@@V<lambda_8ca6da459f0f6780f1cff60fdc3d00e5>@@@?$__crt_seh_guarded_call@H@@QAEH$$QAV<lambda_9e9de3de5fa147e2223d7db92bc10aa6>@@AAV<lambda_38ce7e780aa69e748d6df282ebc68efe>@@$$QAV<lambda_8ca6da459f0f6780f1cff60fdc3d00e5>@@@Z 100838f8     libucrt:commit.obj
 0002:00011918       __sehtable$__open_osfhandle 10083918     libucrt:osfinfo.obj
 0002:00011938       __sehtable$__alloc_osfhnd  10083938     libucrt:osfinfo.obj
 0002:00011958       __sehtable$___acrt_lowio_ensure_fh_exists 10083958     libucrt:osfinfo.obj
 0002:00011978       __sehtable$___acrt_update_thread_locale_data 10083978     libucrt:locale_refcounting.obj
 0002:00011998       __sehtable$??$common_open@D@@YAHQBDHH@Z 10083998     libucrt:open.obj
 0002:000119b8       __sehtable$??$common_open@_W@@YAHQB_WHH@Z 100839b8     libucrt:open.obj
 0002:000119d8       __sehtable$??$common_sopen_dispatch@D@@YAHQBDHHHQAHH@Z 100839d8     libucrt:open.obj
 0002:000119f8       __sehtable$??$common_sopen_dispatch@_W@@YAHQB_WHHHQAHH@Z 100839f8     libucrt:open.obj
 0002:00011a18       __sehtable$??$?RV<lambda_f828341fbe69b7c0d4c527b01f22877f>@@AAV<lambda_9e0b6ab72a5b3ae37ad997d08b519f50>@@V<lambda_f01deac0a8d65d6e0411edf7e0af5775>@@@?$__crt_seh_guarded_call@G@@QAEG$$QAV<lambda_f828341fbe69b7c0d4c527b01f22877f>@@AAV<lambda_9e0b6ab72a5b3ae37ad997d08b519f50>@@$$QAV<lambda_f01deac0a8d65d6e0411edf7e0af5775>@@@Z 10083a18     libucrt:putwch.obj
 0002:00011a38       __sehtable$__setmode       10083a38     libucrt:setmode.obj
 0002:00011a58       __sehtable$??$?RV<lambda_3b12a17125e8c5b5e6e6f6c6050db0c1>@@AAV<lambda_522ac1b1e1a1180d6f374a882b81d1c8>@@V<lambda_e92b96cac182f562f30acc9fb7872857>@@@?$__crt_seh_guarded_call@H@@QAEH$$QAV<lambda_3b12a17125e8c5b5e6e6f6c6050db0c1>@@AAV<lambda_522ac1b1e1a1180d6f374a882b81d1c8>@@$$QAV<lambda_e92b96cac182f562f30acc9fb7872857>@@@Z 10083a58     libucrt:chsize.obj
 0002:00011a78       __unwindtable$?_wcstombs_l_helper@@YAIPADPB_WIPAU__crt_locale_pointers@@@Z 10083a78     libucrt:wcstombs.obj
 0002:00011a80       __ehfuncinfo$?_wcstombs_l_helper@@YAIPADPB_WIPAU__crt_locale_pointers@@@Z 10083a80     libucrt:wcstombs.obj
 0002:00011aa8       __sehtable$__IsNonwritableInCurrentImage 10083aa8     LIBCMT:pesect.obj
 0002:00011d10       .edata                     10083d10     speed_controller_copy_slrt.exp
 0002:00011d38       rgpv                       10083d38     speed_controller_copy_slrt.exp
 0002:00011d54       rgszName                   10083d54     speed_controller_copy_slrt.exp
 0002:00011d70       rgwOrd                     10083d70     speed_controller_copy_slrt.exp
 0002:00011d7e       szName                     10083d7e     speed_controller_copy_slrt.exp
 0002:00011d9d       $N00001                    10083d9d     speed_controller_copy_slrt.exp
 0002:00011da8       $N00002                    10083da8     speed_controller_copy_slrt.exp
 0002:00011db1       $N00003                    10083db1     speed_controller_copy_slrt.exp
 0002:00011dbe       $N00004                    10083dbe     speed_controller_copy_slrt.exp
 0002:00011dc8       $N00005                    10083dc8     speed_controller_copy_slrt.exp
 0002:00011dd8       $N00006                    10083dd8     speed_controller_copy_slrt.exp
 0002:00011de6       $N00007                    10083de6     speed_controller_copy_slrt.exp
 0003:00000000       _rtDataAddrMap             10084000     speed_controller_copy_capi.obj
 0003:000001d8       _mmiStatic                 100841d8     speed_controller_copy_capi.obj
 0003:00000820       _rtwCAPI_mallocError       10084820     rtw_modelmap_utils.obj
 0003:00000838       _mdlInfo                   10084838     xpctarget.obj
 0003:00000980       ?__vcrt_flsindex@@3KA      10084980     libvcruntime:per_thread_data.obj
 0003:00000a84       ?errno_no_memory@@3HA      10084a84     libucrt:errno.obj
 0003:00000a88       ?doserrno_no_memory@@3KA   10084a88     libucrt:errno.obj
 0003:00000acc       ?__acrt_flsindex@@3KA      10084acc     libucrt:per_thread_data.obj
 0003:00000ad0       __ctype_loc_style          10084ad0     libucrt:wsetlocale.obj
 0003:00000cfc       ?__DAZ_ENABLED@?1??__set_fpsr_sse2@@9@9 10084cfc     libucrt:fpctrl.obj
 0003:00000f90       __mbctypes                 10084f90     libucrt:mbctype.obj
 0003:000010c8       __mbcasemaps               100850c8     libucrt:mbctype.obj
 0003:000011fc       ?__rgctypeflag@@3PADA      100851fc     libucrt:mbctype.obj
 0003:00001200       ?__rgcode_page_info@@3PAUcode_page_info@@A 10085200     libucrt:mbctype.obj
 0003:000013a0       ?__dcrt_lowio_console_output_handle@@3PAXA 100853a0     libucrt:initcon.obj
 0003:00001740       ?rt_DataLoggingInfo@?4??speed_controller_copy@@9@9 10085740     speed_controller_copy.obj
 0003:00001798       ?dims@?1??rt_mxGetDimensions@@9@9 10085798     rt_matrx.obj
 0003:000017a8       _rtVarDimsAddrMap          100857a8     speed_controller_copy_capi.obj
 0003:00001820       _rtm                       10085820     xpctarget.obj
 0003:00001838       _msg                       10085838     sg_IO101_da_s.obj
 0003:00001970       _msg                       10085970     sg_IO101_setup_s.obj
 0003:00001aa8       _msg                       10085aa8     sg_IO106_ad_s.obj
 0003:00001be0       _msg                       10085be0     sg_IO106_setup_s.obj
 0003:00001d14       _registered_modules        10085d14     sglibc_MSVC140_vc:sglibc.obj
 0003:00001d18       _GS_ExceptionRecord        10085d18     LIBCMT:gs_report.obj
 0003:00001d68       _GS_ContextRecord          10085d68     LIBCMT:gs_report.obj
 0003:000020e0       ?__proc_attached@@3HA      100860e0     LIBCMT:dll_dllmain.obj
 0003:00002114       ?module_local_atexit_table@@3U_onexit_table_t@@A 10086114     LIBCMT:utility.obj
 0003:00002120       ?module_local_at_quick_exit_table@@3U_onexit_table_t@@A 10086120     LIBCMT:utility.obj
 0003:0000212c       ?module_local_atexit_table_initialized@@3_NA 1008612c     LIBCMT:utility.obj
 0003:00002138       ?is_initialized_as_dll@@3_NA 10086138     LIBCMT:utility.obj
 0003:0000216c       ?heap@@3V_HeapManager@@A   1008616c     libvcruntime:undname.obj
 0003:0000218c       ?__vcrt_startup_thread_ptd@@3U__vcrt_ptd@@A 1008618c     libvcruntime:per_thread_data.obj
 0003:000021bc       ___vcrt_lock_table         100861bc     libvcruntime:locks.obj
 0003:000021d4       ___vcrt_locks_initialized  100861d4     libvcruntime:locks.obj
 0003:000021e0       ?module_handles@@3PAPAUHINSTANCE__@@A 100861e0     libvcruntime:winapi_downlevel.obj
 0003:000021ec       ?encoded_function_pointers@@3PAPAXA 100861ec     libvcruntime:winapi_downlevel.obj
 0003:00002220       ?c_termination_complete@@3JA 10086220     libucrt:exit.obj
 0003:00002224       ?thread_local_exit_callback_func@@3P6GXPAXK0@ZA 10086224     libucrt:exit.obj
 0003:00002230       ?program_name@?1???$common_configure_argv@D@@YAHW4_crt_argv_mode@@@Z@4PADA 10086230     libucrt:argv_parsing.obj
 0003:00002370       ?program_name@?1???$common_configure_argv@_W@@YAHW4_crt_argv_mode@@@Z@4PA_WA 10086370     libucrt:argv_parsing.obj
 0003:00002618       ?__acrt_invalid_parameter_handler@@3V?$dual_state_global@P6AXPB_W00II@Z@__crt_state_management@@A 10086618     libucrt:invalid_parameter.obj
 0003:00002620       ?module_handles@@3PAPAUHINSTANCE__@@A 10086620     libucrt:winapi_thunks.obj
 0003:00002670       ?encoded_function_pointers@@3PAPAXA 10086670     libucrt:winapi_thunks.obj
 0003:00002724       ?static_enum_proc@?1??enum_system_locales_ex_nolock@@YAHQ6GHPA_WKJ@Z@Z@4P6GH0KJ@ZA 10086724     libucrt:winapi_thunks.obj
 0003:00002994       ?internal_state@?1??_mbtowc_l@@9@4U_Mbstatet@@A 10086994     libucrt:mbtowc.obj
 0003:000029a0       ?enable_percent_n@@3IA     100869a0     libucrt:printf_count_output.obj
 0003:000029b8       ?__acrt_lock_table@@3PAU_RTL_CRITICAL_SECTION@@A 100869b8     libucrt:locks.obj
 0003:00002b08       ?__acrt_locks_initialized@@3IA 10086b08     libucrt:locks.obj
 0003:00002b50       ?state_cache@?1???$get_cached_win_policy@Ubegin_thread_init_policy_properties@?1??__acrt_get_begin_thread_init_policy@@YA?AW4begin_thread_init_policy@@XZ@@@YA?AW4begin_thread_init_policy@@W4AppPolicyThreadInitializationType@@@Z@4JA 10086b50     libucrt:win_policies.obj
 0003:00002b54       ?state_cache@?1???$get_cached_win_policy@Udeveloper_information_policy_properties@?1??__acrt_get_developer_information_policy@@YA?AW4developer_information_policy@@XZ@@@YA?AW4developer_information_policy@@W4AppPolicyShowDeveloperDiagnostic@@@Z@4JA 10086b54     libucrt:win_policies.obj
 0003:00002b58       ?state_cache@?1???$get_cached_win_policy@Uwindowing_model_policy_properties@?1??__acrt_get_windowing_model_policy@@YA?AW4windowing_model_policy@@XZ@@@YA?AW4windowing_model_policy@@W4AppPolicyWindowingModel@@@Z@4JA 10086b58     libucrt:win_policies.obj
 0003:00002b5c       ?__acrt_app_type@@3W4_crt_app_type@@A 10086b5c     libucrt:report_runtime_error.obj
 0003:00002b60       ?outmsg@?9??__acrt_report_runtime_error@@9@4PA_WA 10086b60     libucrt:report_runtime_error.obj
 0003:000032c4       ___acrt_error_mode         100872c4     libucrt:set_error_mode.obj
 0003:000032c8       ?console_ctrl_handler_installed@@3_NA 100872c8     libucrt:signal.obj
 0003:000032cc       ?ctrlc_action@@3V?$dual_state_global@P6AXH@Z@__crt_state_management@@A 100872cc     libucrt:signal.obj
 0003:000032d0       ?ctrlbreak_action@@3V?$dual_state_global@P6AXH@Z@__crt_state_management@@A 100872d0     libucrt:signal.obj
 0003:000032d4       ?abort_action@@3V?$dual_state_global@P6AXH@Z@__crt_state_management@@A 100872d4     libucrt:signal.obj
 0003:000032d8       ?term_action@@3V?$dual_state_global@P6AXH@Z@__crt_state_management@@A 100872d8     libucrt:signal.obj
 0003:000032e0       ?user_matherr@@3V?$dual_state_global@P6AHPAU_exception@@@Z@__crt_state_management@@A 100872e0     libucrt:matherr.obj
 0003:000032f0       ?fSystemSet@@3HA           100872f0     libucrt:mbctype.obj
 0003:000032f7       ?initialized@?1??__acrt_initialize_multibyte@@9@4_NA 100872f7     libucrt:mbctype.obj
 0003:00003318       ?__acrt_new_handler@@3V?$dual_state_global@P6AHI@Z@__crt_state_management@@A 10087318     libucrt:new_handler.obj
 0003:0000331c       ?__acrt_global_new_mode@@3V?$dual_state_global@J@__crt_state_management@@A 1008731c     libucrt:new_mode.obj
 0003:00003320       ?mbst@?1??mbrlen@@9@4U_Mbstatet@@A 10087320     libucrt:mbrtowc.obj
 0003:0000332c       ?mbst@?1??mbrtowc@@9@4U_Mbstatet@@A 1008732c     libucrt:mbrtowc.obj
 0003:00003338       ?mbst@?1??_mbsrtowcs_helper@@YAIPA_WPAPBDIPAU_Mbstatet@@@Z@4U2@A 10087338     libucrt:mbrtowc.obj
 0003:0000334c       ?internal_pst@?1??__mbrtoc32_utf8@__crt_mbstring@@YAIPA_UPBDIPAU_Mbstatet@@@Z@4U3@A 1008734c     libucrt:mbrtoc32.obj
 0003:00003360       __pmatherr_set             10087360     libucrt:libm_error.obj
 0003:00003368       ?internal_pst@?1??__c16rtomb_utf8@__crt_mbstring@@YAIPAD_SPAU_Mbstatet@@@Z@4U3@A 10087368     libucrt:c16rtomb.obj
 0004:000004e4       .idata$6                   1009c4e4     kernel32:KERNEL32.dll
