 speed_controllerDec10_slrt

 Timestamp is 65765bd4 (Sun Dec 10 16:46:12 2023)

 Preferred load address is 10000000

 Start         Length     Name                   Class
 0001:00000000 0006fc7dH .text$mn                CODE
 0001:0006fc7d 00001085H .text$x                 CODE
 0002:00000000 00000104H .CRT$XCA                DATA
 0002:00000104 00000104H .CRT$XCZ                DATA
 0002:00000208 00000104H .CRT$XIA                DATA
 0002:0000030c 00000110H .CRT$XIC                DATA
 0002:0000041c 00000104H .CRT$XIZ                DATA
 0002:00000520 00000104H .CRT$XPA                DATA
 0002:00000624 0000010cH .CRT$XPX                DATA
 0002:00000730 00000104H .CRT$XPXA               DATA
 0002:00000834 00000104H .CRT$XPZ                DATA
 0002:00000938 00000104H .CRT$XTA                DATA
 0002:00000a3c 00000104H .CRT$XTZ                DATA
 0002:00000b40 0000fe5cH .rdata                  DATA
 0002:0001099c 00000444H .rdata$r                DATA
 0002:00010de0 00000128H .rdata$sxdata           DATA
 0002:00010f08 000001c4H .rdata$zzzdbg           DATA
 0002:000110cc 00000104H .rtc$IAA                DATA
 0002:000111d0 00000104H .rtc$IZZ                DATA
 0002:000112d4 00000104H .rtc$TAA                DATA
 0002:000113d8 00000108H .rtc$TZZ                DATA
 0002:000114e0 00000ce0H .xdata$x                DATA
 0002:000121c0 00000210H .edata                  DATA
 0003:00000000 0000157cH .data                   DATA
 0003:0000157c 00000264H .data$r                 DATA
 0003:000017e0 00015a7cH .bss                    DATA
 0004:00000000 000001b4H .idata$5                DATA
 0004:000001b4 00000014H .idata$2                DATA
 0004:000001c8 00000014H .idata$3                DATA
 0004:000001dc 000001b4H .idata$4                DATA
 0004:00000390 000007a2H .idata$6                DATA
 0005:00000000 00000104H .00cfg                  DATA

  Address         Publics by Value              Rva+Base       Lib:Object

 0000:00000000       ___guard_longjmp_count     00000000     <absolute>
 0000:00000000       ___dynamic_value_reloc_table 00000000     <absolute>
 0000:00000000       ___hybrid_code_map         00000000     <absolute>
 0000:00000000       ___hybrid_auxiliary_iat    00000000     <absolute>
 0000:00000000       ___guard_iat_table         00000000     <absolute>
 0000:00000000       ___guard_fids_count        00000000     <absolute>
 0000:00000000       ___enclave_config          00000000     <absolute>
 0000:00000000       ___hybrid_code_map_count   00000000     <absolute>
 0000:00000000       ___guard_fids_table        00000000     <absolute>
 0000:00000000       __except_list              00000000     <absolute>
 0000:00000000       ___guard_longjmp_table     00000000     <absolute>
 0000:00000000       ___guard_iat_count         00000000     <absolute>
 0000:00000008       ___safe_se_handler_count   00000008     <absolute>
 0000:00000100       ___guard_flags             00000100     <absolute>
 0000:00000000       ___ImageBase               10000000     <linker-defined>
 0001:00006390       _MdlInitialize             10007390 f   speed_controllerDec10.obj
 0001:000063a0       _MdlInitializeSampleTimes  100073a0 f   speed_controllerDec10.obj
 0001:000063b0       _MdlInitializeSizes        100073b0 f   speed_controllerDec10.obj
 0001:000063c0       _MdlOutputs                100073c0 f   speed_controllerDec10.obj
 0001:000063d0       _MdlStart                  100073d0 f   speed_controllerDec10.obj
 0001:000063e0       _MdlTerminate              100073e0 f   speed_controllerDec10.obj
 0001:00006440       _MdlUpdate                 10007440 f   speed_controllerDec10.obj
 0001:000065a0       ___local_stdio_printf_options 100075a0 f i speed_controllerDec10.obj
 0001:000065b0       __vfprintf_l               100075b0 f i speed_controllerDec10.obj
 0001:000065e0       _printf                    100075e0 f i speed_controllerDec10.obj
 0001:00006620       _speed_controllerDec10     10007620 f   speed_controllerDec10.obj
 0001:00009690       _rt_mxCreateCharMatrixFromStrings 1000a690 f   rt_matrx.obj
 0001:000097f0       _rt_mxCreateDoubleMatrix   1000a7f0 f   rt_matrx.obj
 0001:00009850       _rt_mxCreateNumericArray   1000a850 f   rt_matrx.obj
 0001:000098c0       _rt_mxCreateString         1000a8c0 f   rt_matrx.obj
 0001:00009950       _rt_mxDuplicateArray       1000a950 f   rt_matrx.obj
 0001:000099b0       _rt_mxGetDimensions        1000a9b0 f   rt_matrx.obj
 0001:000099f0       _rt_mxGetEps               1000a9f0 f   rt_matrx.obj
 0001:00009a00       _rt_mxGetString            1000aa00 f   rt_matrx.obj
 0001:00009a80       _rtPrintfNoOp              1000aa80 f   rt_printf.obj
 0001:00009a90       __vsnprintf_l              1000aa90 f i rt_logging.obj
 0001:00009ad0       __vsprintf_l               1000aad0 f i rt_logging.obj
 0001:00009b10       _fprintf                   1000ab10 f i rt_logging.obj
 0001:0000a010       _rt_CreateLogVar           1000b010 f   rt_logging.obj
 0001:0000a0a0       _rt_CreateLogVarWithConvert 1000b0a0 f   rt_logging.obj
 0001:0000a9d0       _rt_CreateStructLogVar     1000b9d0 f   rt_logging.obj
 0001:0000b750       _rt_GetMxIdFromDTypeId     1000c750 f   rt_logging.obj
 0001:0000b780       _rt_GetMxIdFromDTypeIdForRSim 1000c780 f   rt_logging.obj
 0001:0000e330       _rt_StartDataLogging       1000f330 f   rt_logging.obj
 0001:0000e7f0       _rt_StartDataLoggingWithStartTime 1000f7f0 f   rt_logging.obj
 0001:0000ec60       _rt_StopDataLogging        1000fc60 f   rt_logging.obj
 0001:0000ec80       _rt_StopDataLoggingImpl    1000fc80 f   rt_logging.obj
 0001:0000f0a0       _rt_UpdateLogVar           100100a0 f   rt_logging.obj
 0001:00010210       _rt_UpdateStructLogVar     10011210 f   rt_logging.obj
 0001:000102a0       _rt_UpdateTXXFYLogVars     100112a0 f   rt_logging.obj
 0001:00010700       _rt_UpdateTXYLogVars       10011700 f   rt_logging.obj
 0001:00010940       _rt_getTempMemory          10011940 f   rt_logging.obj
 0001:00010990       _sprintf                   10011990 f i rt_logging.obj
 0001:000109d0       _rtGetInf                  100119d0 f   rtGetInf.obj
 0001:00010a00       _rtGetInfF                 10011a00 f   rtGetInf.obj
 0001:00010a20       _rtGetMinusInf             10011a20 f   rtGetInf.obj
 0001:00010a50       _rtGetMinusInfF            10011a50 f   rtGetInf.obj
 0001:00010a70       _rtGetNaN                  10011a70 f   rtGetNaN.obj
 0001:00010aa0       _rtGetNaNF                 10011aa0 f   rtGetNaN.obj
 0001:00010ac0       _rtIsInf                   10011ac0 f   rt_nonfinite.obj
 0001:00010b00       _rtIsInfF                  10011b00 f   rt_nonfinite.obj
 0001:00010b40       _rtIsNaN                   10011b40 f   rt_nonfinite.obj
 0001:00010b50       _rtIsNaNF                  10011b50 f   rt_nonfinite.obj
 0001:00010b60       _rt_InitInfAndNaN          10011b60 f   rt_nonfinite.obj
 0001:00010bc0       _speed_controllerDec10_GetCAPIStaticMap 10011bc0 f   speed_controllerDec10_capi.obj
 0001:00010bd0       _speed_controllerDec10_InitializeDataMapInfo 10011bd0 f   speed_controllerDec10_capi.obj
 0001:00010ca0       _mdlXcp_GetMdlXcpInfo      10011ca0 f   speed_controllerDec10_xcp.obj
 0001:00010cb0       _SLRT_update_TET           10011cb0 f   speed_controllerDec10_xcp_TET.obj
 0001:00010d80       _rt_CleanUpForStateLogWithMMI 10011d80 f   rt_logging_mmi.obj
 0001:00010e90       _rt_FillStateSigInfoFromMMI 10011e90 f   rt_logging_mmi.obj
 0001:00011230       _rtwCAPI_CountSysRan       10012230 f   rtw_modelmap_utils.obj
 0001:000112d0       _rtwCAPI_EncodePath        100122d0 f   rtw_modelmap_utils.obj
 0001:000113e0       _rtwCAPI_FillSysRan        100123e0 f   rtw_modelmap_utils.obj
 0001:000114d0       _rtwCAPI_FreeFullPaths     100124d0 f   rtw_modelmap_utils.obj
 0001:00011560       _rtwCAPI_GetFullStateBlockPath 10012560 f   rtw_modelmap_utils.obj
 0001:000116f0       _rtwCAPI_GetNumContStateRecords 100126f0 f   rtw_modelmap_utils.obj
 0001:000117b0       _rtwCAPI_GetNumSigLogRecords 100127b0 f   rtw_modelmap_utils.obj
 0001:00011800       _rtwCAPI_GetNumSigLogRecordsForRTWLogging 10012800 f   rtw_modelmap_utils.obj
 0001:000118a0       _rtwCAPI_GetNumStateRecords 100128a0 f   rtw_modelmap_utils.obj
 0001:000118f0       _rtwCAPI_GetNumStateRecordsForRTWLogging 100128f0 f   rtw_modelmap_utils.obj
 0001:00011990       _rtwCAPI_GetSigAddrFromMap 10012990 f   rtw_modelmap_utils.obj
 0001:00011a50       _rtwCAPI_GetSigLogRecordInfo 10012a50 f   rtw_modelmap_utils.obj
 0001:00011e80       _rtwCAPI_GetStateRecordInfo 10012e80 f   rtw_modelmap_utils.obj
 0001:00012340       _rtwCAPI_GetStateWidth     10013340 f   rtw_modelmap_utils.obj
 0001:000123a0       _rtwCAPI_HasStates         100133a0 f   rtw_modelmap_utils.obj
 0001:00012400       _rtwCAPI_UpdateFullPaths   10013400 f   rtw_modelmap_utils.obj
 0001:000125e0       _timestamp_x86             100135e0 f   host_timer_x86.obj
 0001:000125f0       _taskTimeEnd               100135f0 f   xpc_code_profiling_utility_functions.obj
 0001:00012600       _taskTimeEnd_              10013600 f   xpc_code_profiling_utility_functions.obj
 0001:00012610       _taskTimeStart             10013610 f   xpc_code_profiling_utility_functions.obj
 0001:00012620       _taskTimeStart_            10013620 f   xpc_code_profiling_utility_functions.obj
 0001:00012630       _xilProfilingTimerFreeze   10013630 f   xpc_code_profiling_utility_functions.obj
 0001:00012640       _xilProfilingTimerUnFreeze 10013640 f   xpc_code_profiling_utility_functions.obj
 0001:00012650       _xilUploadProfilingData    10013650 f   xpc_code_profiling_utility_functions.obj
 0001:00012660       _DllMain@12                10013660 f   xpctarget.obj
 0001:00012670       _SLRTSetErrorStatus        10013670 f   xpctarget.obj
 0001:00012690       _changeStepSize            10013690 f   xpctarget.obj
 0001:000126e0       _getDLMVersion             100136e0 f   xpctarget.obj
 0001:000126f0       _getRefMdlPath             100136f0 f   xpctarget.obj
 0001:00012770       _getRefMdlSignalNumber     10013770 f   xpctarget.obj
 0001:00012820       _getrlmdlinfo              10013820 f   xpctarget.obj
 0001:00012980       _speed_controllerDec10_ChangeStepSize 10013980 f   xpctarget.obj
 0001:000129d0       _updateDiscreteEvents      100139d0 f   xpctarget.obj
 0001:000129e0       _getNumRef                 100139e0 f   appmappingData.obj
 0001:000129f0       _vprintf                   100139f0 f i legacy_stdio.obj
 0001:00013260       _sg_IO101_da_s             10014260 f   sg_IO101_da_s.obj
 0001:000137e0       _sg_IO101_setup_s          100147e0 f   sg_IO101_setup_s.obj
 0001:00013e10       _sg_IO106_ad_s             10014e10 f   sg_IO106_ad_s.obj
 0001:000143d0       _sg_IO106_setup_s          100153d0 f   sg_IO106_setup_s.obj
 0001:00014420       _sg_findPciDevice          10015420 f   sglibc_MSVC140_vc:sglibc.obj
 0001:00014620       _sg_module_get             10015620 f   sglibc_MSVC140_vc:sglibc.obj
 0001:000146e0       _sg_module_register        100156e0 f   sglibc_MSVC140_vc:sglibc.obj
 0001:000147a0       _sg_module_unregister      100157a0 f   sglibc_MSVC140_vc:sglibc.obj
 0001:00014830       _sg_wait_ns                10015830 f   sglibc_MSVC140_vc:sglibc.obj
 0001:00014890       _GetPCIDeviceFull          10015890 f   xpcruntime:xpcimports.obj
 0001:00014a00       _GetPCIDeviceFunction      10015a00 f   xpcruntime:xpcimports.obj
 0001:00014b70       _ShowPCIDevice             10015b70 f   xpcruntime:xpcimports.obj
 0001:000151a0       _slrtGetPciConfigAtFunction 100161a0 f   xpcruntime:xpcimports.obj
 0001:00015510       _xpcGetPciConfigAtSlot     10016510 f   xpcruntime:xpcimports.obj
 0001:00015530       _xpcInitProcs              10016530 f   xpcruntime:xpcimports.obj
 0001:00016a60       _xpceuploadevent           10017a60 f   xpcruntime:xpcimports.obj
 0001:00016a70       _restoreInterrupts         10017a70 f   xpcruntime:xpcPCFunctions.obj
 0001:00016a80       _rl32eGetTicksDouble       10017a80 f   xpcruntime:xpcPCFunctions.obj
 0001:00016b00       _saveAndDisableInterrupts  10017b00 f   xpcruntime:xpcPCFunctions.obj
 0001:00016b20       _xPCSubtractTime           10017b20 f   xpcruntime:xpcPCFunctions.obj
 0001:00016b50       _xpcSubtractTime           10017b50 f   xpcruntime:xpcPCFunctions.obj
 0001:00016c2a       @__security_check_cookie@4 10017c2a f   LIBCMT:_secchk_.obj
 0001:00016c40       __ftoui3                   10017c40 f   LIBCMT:_ftol3_.obj
 0001:00016c4f       __ftoul3                   10017c4f f   LIBCMT:_ftol3_.obj
 0001:00016c5e       __ftol3                    10017c5e f   LIBCMT:_ftol3_.obj
 0001:00016c6b       __ftol3_NaN                10017c6b f   LIBCMT:_ftol3_.obj
 0001:00016c83       __ftol3_work               10017c83 f   LIBCMT:_ftol3_.obj
 0001:00016d09       __ftol3_common             10017d09 f   LIBCMT:_ftol3_.obj
 0001:00016dcb       __ftol3_arg_error          10017dcb f   LIBCMT:_ftol3_.obj
 0001:00016ddd       __ftol3_except             10017ddd f   LIBCMT:_ftol3_.obj
 0001:00016e21       __dtoui3                   10017e21 f   LIBCMT:_ftol3_.obj
 0001:00016e30       __dtoul3                   10017e30 f   LIBCMT:_ftol3_.obj
 0001:00016e3f       __dtol3                    10017e3f f   LIBCMT:_ftol3_.obj
 0001:00016e4c       __dtol3_NaN                10017e4c f   LIBCMT:_ftol3_.obj
 0001:00016e69       __dtol3_work               10017e69 f   LIBCMT:_ftol3_.obj
 0001:00016f50       __ultod3                   10017f50 f   LIBCMT:_ftol3_.obj
 0001:00016f90       __ltod3                    10017f90 f   LIBCMT:_ftol3_.obj
 0001:00017094       ___raise_securityfailure   10018094 f   LIBCMT:gs_report.obj
 0001:000170c6       ___report_gsfailure        100180c6 f   LIBCMT:gs_report.obj
 0001:000171ff       ___report_rangecheckfailure 100181ff f   LIBCMT:gs_report.obj
 0001:0001720e       ___report_securityfailure  1001820e f   LIBCMT:gs_report.obj
 0001:00017312       ___report_securityfailureEx 10018312 f   LIBCMT:gs_report.obj
 0001:0001746d       ___isa_available_init      1001846d f   LIBCMT:_cpu_disp_.obj
 0001:00017a6e       __CRT_INIT@12              10018a6e f   LIBCMT:dll_dllmain.obj
 0001:00017a79       __DllMainCRTStartup@12     10018a79 f   LIBCMT:dll_dllmain.obj
 0001:00017b06       ___security_init_cookie    10018b06 f   LIBCMT:gs_support.obj
 0001:00017b63       ?__scrt_initialize_type_info@@YAXXZ 10018b63 f   LIBCMT:tncleanup.obj
 0001:00017b72       ?__scrt_uninitialize_type_info@@YAXXZ 10018b72 f   LIBCMT:tncleanup.obj
 0001:00017b81       ___local_stdio_scanf_options 10018b81 f i LIBCMT:default_local_stdio_options.obj
 0001:00017b87       ___scrt_initialize_default_local_stdio_options 10018b87 f   LIBCMT:default_local_stdio_options.obj
 0001:00017bab       ??$__crt_fast_decode_pointer@PAP6AXXZ@@YAPAP6AXXZQAP6AXXZ@Z 10018bab f i LIBCMT:utility.obj
 0001:00017bc4       ??$__crt_fast_encode_pointer@PAP6AXXZ@@YAPAP6AXXZQAP6AXXZ@Z 10018bc4 f i LIBCMT:utility.obj
 0001:00017be8       ?__crt_rotate_pointer_value@@YAIIH@Z 10018be8 f i LIBCMT:utility.obj
 0001:00017bf8       ?configure_argv@__scrt_narrow_argv_policy@@SAHXZ 10018bf8 f i LIBCMT:utility.obj
 0001:00017c5d       ?initialize_environment@__scrt_narrow_environment_policy@@SAHXZ 10018c5d f i LIBCMT:utility.obj
 0001:00017ca3       _NtCurrentTeb              10018ca3 f i LIBCMT:utility.obj
 0001:00017caa       ___scrt_acquire_startup_lock 10018caa f   LIBCMT:utility.obj
 0001:00017ce8       ___scrt_dllmain_after_initialize_c 10018ce8 f   LIBCMT:utility.obj
 0001:00017d1d       ___scrt_dllmain_before_initialize_c 10018d1d f   LIBCMT:utility.obj
 0001:00017d2e       ___scrt_dllmain_crt_thread_attach 10018d2e f   LIBCMT:utility.obj
 0001:00017d54       ___scrt_dllmain_crt_thread_detach 10018d54 f   LIBCMT:utility.obj
 0001:00017d64       ___scrt_dllmain_exception_filter 10018d64 f   LIBCMT:utility.obj
 0001:00017da5       ___scrt_dllmain_uninitialize_c 10018da5 f   LIBCMT:utility.obj
 0001:00017dd0       ___scrt_dllmain_uninitialize_critical 10018dd0 f   LIBCMT:utility.obj
 0001:00017de0       ___scrt_initialize_crt     10018de0 f   LIBCMT:utility.obj
 0001:00017e27       ___scrt_initialize_onexit_tables 10018e27 f   LIBCMT:utility.obj
 0001:00017efb       ___scrt_is_nonwritable_in_current_image 10018efb f   LIBCMT:utility.obj
 0001:00017fa7       ___scrt_release_startup_lock 10018fa7 f   LIBCMT:utility.obj
 0001:00017fcb       ___scrt_uninitialize_crt   10018fcb f   LIBCMT:utility.obj
 0001:00017ffd       __onexit                   10018ffd f   LIBCMT:utility.obj
 0001:00018046       _at_quick_exit             10019046 f   LIBCMT:utility.obj
 0001:00018083       _atexit                    10019083 f   LIBCMT:utility.obj
 0001:0001809d       ___scrt_get_dyn_tls_init_callback 1001909d f   LIBCMT:dyn_tls_init.obj
 0001:000180a3       ___scrt_fastfail           100190a3 f   LIBCMT:utility_desktop.obj
 0001:00018206       ___scrt_get_show_window_mode 10019206 f   LIBCMT:utility_desktop.obj
 0001:00018245       ___scrt_initialize_winrt   10019245 f   LIBCMT:utility_desktop.obj
 0001:00018248       ___scrt_is_managed_app     10019248 f   LIBCMT:utility_desktop.obj
 0001:0001829b       ___scrt_set_unhandled_exception_filter 1001929b f   LIBCMT:utility_desktop.obj
 0001:000182aa       ___scrt_unhandled_exception_filter@4 100192aa f   LIBCMT:utility_desktop.obj
 0001:000182fb       __crt_debugger_hook        100192fb f   LIBCMT:utility_desktop.obj
 0001:00018305       __RTC_Initialize           10019305 f   LIBCMT:_initsect_.obj
 0001:0001833c       __RTC_Terminate            1001933c f   LIBCMT:_initsect_.obj
 0001:00018380       __SEH_prolog4              10019380 f   LIBCMT:_sehprolg4_.obj
 0001:000183c6       __SEH_epilog4              100193c6 f   LIBCMT:_sehprolg4_.obj
 0001:000183f1       @_guard_check_icall_nop@4  100193f1 f i LIBCMT:guard_support.obj
 0001:000183f2       _ReadNoFence               100193f2 f i LIBCMT:guard_support.obj
 0001:000183fe       _ReadPointerNoFence        100193fe f i LIBCMT:guard_support.obj
 0001:0001840a       __guard_icall_checks_enforced 1001940a f i LIBCMT:guard_support.obj
 0001:00018420       __get_startup_argv_mode    10019420 f   LIBCMT:argv_mode.obj
 0001:00018424       ___scrt_is_ucrt_dll_in_use 10019424 f   LIBCMT:ucrt_detection.obj
 0001:00018433       _GetModuleHandleA@4        10019433 f   kernel32:KERNEL32.dll
 0001:00018439       _GetProcAddress@8          10019439 f   kernel32:KERNEL32.dll
 0001:0001843f       _UnhandledExceptionFilter@4 1001943f f   kernel32:KERNEL32.dll
 0001:00018445       _SetUnhandledExceptionFilter@4 10019445 f   kernel32:KERNEL32.dll
 0001:0001844b       _GetCurrentProcess@0       1001944b f   kernel32:KERNEL32.dll
 0001:00018451       _TerminateProcess@8        10019451 f   kernel32:KERNEL32.dll
 0001:00018457       _IsProcessorFeaturePresent@4 10019457 f   kernel32:KERNEL32.dll
 0001:0001845d       _QueryPerformanceCounter@4 1001945d f   kernel32:KERNEL32.dll
 0001:00018463       _GetCurrentProcessId@0     10019463 f   kernel32:KERNEL32.dll
 0001:00018469       _GetCurrentThreadId@0      10019469 f   kernel32:KERNEL32.dll
 0001:0001846f       _GetSystemTimeAsFileTime@4 1001946f f   kernel32:KERNEL32.dll
 0001:00018475       _InitializeSListHead@4     10019475 f   kernel32:KERNEL32.dll
 0001:0001847b       _IsDebuggerPresent@0       1001947b f   kernel32:KERNEL32.dll
 0001:00018481       _GetStartupInfoW@4         10019481 f   kernel32:KERNEL32.dll
 0001:00018487       _GetModuleHandleW@4        10019487 f   kernel32:KERNEL32.dll
 0001:00018490       _memcpy                    10019490 f   libvcruntime:memcpy.obj
 0001:00018b70       _memset                    10019b70 f   libvcruntime:memset.obj
 0001:00018d20       _strchr                    10019d20 f   libvcruntime:strchr.obj
 0001:00018d8e       ___from_strstr_to_strchr   10019d8e     libvcruntime:strchr.obj
 0001:00018ea0       _memmove                   10019ea0 f   libvcruntime:memmove.obj
 0001:000195c0       __except_handler4          1001a5c0 f   libvcruntime:_chandler4_.obj
 0001:0001977c       ??$?RD@__crt_internal_free_policy@@QBEXQBD@Z 1001a77c f i libvcruntime:std_type_info.obj
 0001:00019790       ??$?RX@__crt_internal_free_policy@@QBEXQBX@Z 1001a790 f i libvcruntime:std_type_info.obj
 0001:000197a4       ??$__crt_interlocked_compare_exchange_pointer@$$CBDPAD$$T@@YAPBDPDSBDQAD$$T@Z 1001a7a4 f i libvcruntime:std_type_info.obj
 0001:000197ba       ??$__crt_interlocked_read_pointer@$$CBD@@YAPBDPDSBD@Z 1001a7ba f i libvcruntime:std_type_info.obj
 0001:000197c6       ??0?$__crt_unique_heap_ptr@DU__crt_internal_free_policy@@@@QAE@QAD@Z 1001a7c6 f i libvcruntime:std_type_info.obj
 0001:000197d7       ??0?$__crt_unique_heap_ptr@XU__crt_internal_free_policy@@@@QAE@QAX@Z 1001a7d7 f i libvcruntime:std_type_info.obj
 0001:000197e8       ??1?$__crt_unique_heap_ptr@DU__crt_internal_free_policy@@@@QAE@XZ 1001a7e8 f i libvcruntime:std_type_info.obj
 0001:000197fc       ??1?$__crt_unique_heap_ptr@XU__crt_internal_free_policy@@@@QAE@XZ 1001a7fc f i libvcruntime:std_type_info.obj
 0001:0001981c       ??B?$__crt_unique_heap_ptr@DU__crt_internal_free_policy@@@@QBE_NXZ 1001a81c f i libvcruntime:std_type_info.obj
 0001:00019823       ??B?$__crt_unique_heap_ptr@XU__crt_internal_free_policy@@@@QBE_NXZ 1001a823 f i libvcruntime:std_type_info.obj
 0001:00019852       ?__crt_interlocked_read_32@@YAHPDH@Z 1001a852 f i libvcruntime:std_type_info.obj
 0001:0001985e       ?detach@?$__crt_unique_heap_ptr@XU__crt_internal_free_policy@@@@QAEPAXXZ 1001a85e f i libvcruntime:std_type_info.obj
 0001:00019864       ?get@?$__crt_unique_heap_ptr@DU__crt_internal_free_policy@@@@QBEPADXZ 1001a864 f i libvcruntime:std_type_info.obj
 0001:00019867       ?get@?$__crt_unique_heap_ptr@XU__crt_internal_free_policy@@@@QBEPAXXZ 1001a867 f i libvcruntime:std_type_info.obj
 0001:0001986a       ?is_valid@?$__crt_unique_heap_ptr@DU__crt_internal_free_policy@@@@QBE_NXZ 1001a86a f i libvcruntime:std_type_info.obj
 0001:00019871       ?is_valid@?$__crt_unique_heap_ptr@XU__crt_internal_free_policy@@@@QBE_NXZ 1001a871 f i libvcruntime:std_type_info.obj
 0001:00019878       ?release@?$__crt_unique_heap_ptr@DU__crt_internal_free_policy@@@@QAEXXZ 1001a878 f i libvcruntime:std_type_info.obj
 0001:0001988c       ?release@?$__crt_unique_heap_ptr@XU__crt_internal_free_policy@@@@QAEXXZ 1001a88c f i libvcruntime:std_type_info.obj
 0001:000198a0       ___std_type_info_compare   1001a8a0 f   libvcruntime:std_type_info.obj
 0001:000198eb       ___std_type_info_destroy_list 1001a8eb f   libvcruntime:std_type_info.obj
 0001:00019916       ___std_type_info_hash      1001a916 f   libvcruntime:std_type_info.obj
 0001:00019945       ___std_type_info_name      1001a945 f   libvcruntime:std_type_info.obj
 0001:00019a3b       ___vcrt_initialize         1001aa3b f   libvcruntime:initialization.obj
 0001:00019a6e       ___vcrt_thread_attach      1001aa6e f   libvcruntime:initialization.obj
 0001:00019a7b       ___vcrt_thread_detach      1001aa7b f   libvcruntime:initialization.obj
 0001:00019a88       ___vcrt_uninitialize       1001aa88 f   libvcruntime:initialization.obj
 0001:00019aae       ___vcrt_uninitialize_critical 1001aaae f   libvcruntime:initialization.obj
 0001:00019ac0       __local_unwind4            1001aac0 f   libvcruntime:_exsup4_.obj
 0001:00019b98       __seh_longjmp_unwind4@4    1001ab98 f   libvcruntime:_exsup4_.obj
 0001:00019bc0       @_EH4_CallFilterFunc@8     1001abc0 f   libvcruntime:_exsup4_.obj
 0001:00019bd8       @_EH4_TransferToHandler@8  1001abd8 f   libvcruntime:_exsup4_.obj
 0001:00019bf4       @_EH4_GlobalUnwind2@8      1001abf4 f   libvcruntime:_exsup4_.obj
 0001:00019c10       @_EH4_LocalUnwind@16       1001ac10 f   libvcruntime:_exsup4_.obj
 0001:00019c8d       ___except_validate_context_record 1001ac8d f   libvcruntime:jbcxrval.obj
 0001:00019cc9       ___except_validate_jump_buffer 1001acc9 f   libvcruntime:jbcxrval.obj
 0001:00019d01       ___except_validate_jump_buffer_common 1001ad01 f i libvcruntime:jbcxrval.obj
 0001:00019d48       ??0Block@_HeapManager@@QAE@XZ 1001ad48 f i libvcruntime:undname.obj
 0001:00019d4e       ??0DName@@QAE@AAPBDD@Z     1001ad4e f   libvcruntime:undname.obj
 0001:00019e2c       ??0DName@@QAE@ABV0@@Z      1001ae2c f i libvcruntime:undname.obj
 0001:00019e47       ??0DName@@QAE@D@Z          1001ae47 f   libvcruntime:undname.obj
 0001:00019e75       ??0DName@@QAE@PAV0@@Z      1001ae75 f   libvcruntime:undname.obj
 0001:00019ecf       ??0DName@@QAE@PBD@Z        1001aecf f   libvcruntime:undname.obj
 0001:00019f0e       ??0DName@@QAE@W4DNameStatus@@@Z 1001af0e f   libvcruntime:undname.obj
 0001:00019f4b       ??0DName@@QAE@XZ           1001af4b f i libvcruntime:undname.obj
 0001:00019f57       ??0DName@@QAE@_J@Z         1001af57 f   libvcruntime:undname.obj
 0001:0001a008       ??0DName@@QAE@_K@Z         1001b008 f   libvcruntime:undname.obj
 0001:0001a08a       ??0DNameNode@@IAE@XZ       1001b08a f i libvcruntime:undname.obj
 0001:0001a095       ??0Replicator@@QAE@XZ      1001b095 f i libvcruntime:undname.obj
 0001:0001a0a6       ??0UnDecorator@@QAE@PBDP6APADJ@ZK@Z 1001b0a6 f i libvcruntime:undname.obj
 0001:0001a105       ??0charNode@@QAE@D@Z       1001b105 f i libvcruntime:undname.obj
 0001:0001a11f       ??0pDNameNode@@QAE@PAVDName@@@Z 1001b11f f   libvcruntime:undname.obj
 0001:0001a151       ??0pairNode@@QAE@PBVDNameNode@@0@Z 1001b151 f i libvcruntime:undname.obj
 0001:0001a177       ??0pcharNode@@QAE@PBDH@Z   1001b177 f   libvcruntime:undname.obj
 0001:0001a1ed       ??2@YAPAXIAAV_HeapManager@@H@Z 1001b1ed f i libvcruntime:undname.obj
 0001:0001a207       ??4DName@@QAEAAV0@ABV0@@Z  1001b207 f   libvcruntime:undname.obj
 0001:0001a222       ??4DName@@QAEAAV0@D@Z      1001b222 f i libvcruntime:undname.obj
 0001:0001a250       ??4DName@@QAEAAV0@PAV0@@Z  1001b250 f   libvcruntime:undname.obj
 0001:0001a2a2       ??4DName@@QAEAAV0@PBD@Z    1001b2a2 f   libvcruntime:undname.obj
 0001:0001a2d7       ??4DName@@QAEAAV0@W4DNameStatus@@@Z 1001b2d7 f   libvcruntime:undname.obj
 0001:0001a300       ??AReplicator@@QBE?AVDName@@H@Z 1001b300 f   libvcruntime:undname.obj
 0001:0001a34b       ??H@YA?AVDName@@DABV0@@Z   1001b34b f i libvcruntime:undname.obj
 0001:0001a378       ??H@YA?AVDName@@PBDABV0@@Z 1001b378 f i libvcruntime:undname.obj
 0001:0001a3a5       ??H@YA?AVDName@@W4DNameStatus@@ABV0@@Z 1001b3a5 f i libvcruntime:undname.obj
 0001:0001a3d2       ??HDName@@QBE?AV0@ABV0@@Z  1001b3d2 f   libvcruntime:undname.obj
 0001:0001a3fc       ??HDName@@QBE?AV0@D@Z      1001b3fc f   libvcruntime:undname.obj
 0001:0001a426       ??HDName@@QBE?AV0@PAV0@@Z  1001b426 f   libvcruntime:undname.obj
 0001:0001a450       ??HDName@@QBE?AV0@PBD@Z    1001b450 f   libvcruntime:undname.obj
 0001:0001a47a       ??HDName@@QBE?AV0@W4DNameStatus@@@Z 1001b47a f   libvcruntime:undname.obj
 0001:0001a4a4       ??YDName@@QAEAAV0@ABV0@@Z  1001b4a4 f   libvcruntime:undname.obj
 0001:0001a4f5       ??YDName@@QAEAAV0@D@Z      1001b4f5 f   libvcruntime:undname.obj
 0001:0001a559       ??YDName@@QAEAAV0@PAV0@@Z  1001b559 f   libvcruntime:undname.obj
 0001:0001a5d7       ??YDName@@QAEAAV0@PBD@Z    1001b5d7 f   libvcruntime:undname.obj
 0001:0001a650       ??YDName@@QAEAAV0@W4DNameStatus@@@Z 1001b650 f   libvcruntime:undname.obj
 0001:0001a6ad       ??YReplicator@@QAEAAV0@ABVDName@@@Z 1001b6ad f   libvcruntime:undname.obj
 0001:0001a709       ??_5DName@@QAEAAV0@ABV0@@Z 1001b709 f   libvcruntime:undname.obj
 0001:0001a72c       ?Constructor@_HeapManager@@QAEXP6APAXI@ZP6AXPAX@Z@Z 1001b72c f i libvcruntime:undname.obj
 0001:0001a750       ?Destructor@_HeapManager@@QAEXXZ 1001b750 f i libvcruntime:undname.obj
 0001:0001a796       ?UScore@UnDecorator@@SAPBDW4Tokens@@@Z 1001b796 f   libvcruntime:undname.obj
 0001:0001a7ba       ?append@DName@@AAEXPBVDNameNode@@@Z 1001b7ba f   libvcruntime:undname.obj
 0001:0001a811       ?composeDeclaration@UnDecorator@@CA?AVDName@@ABV2@@Z 1001b811 f i libvcruntime:undname.obj
 0001:0001b8b1       ?doAccessSpecifiers@UnDecorator@@SAHXZ 1001c8b1 f i libvcruntime:undname.obj
 0001:0001b8c2       ?doAllocationLanguage@UnDecorator@@SAHXZ 1001c8c2 f i libvcruntime:undname.obj
 0001:0001b8d3       ?doAllocationModel@UnDecorator@@SAHXZ 1001c8d3 f i libvcruntime:undname.obj
 0001:0001b8e4       ?doEcsu@UnDecorator@@SAHXZ 1001c8e4 f i libvcruntime:undname.obj
 0001:0001b8f5       ?doEllipsis@UnDecorator@@SAHXZ 1001c8f5 f i libvcruntime:undname.obj
 0001:0001b906       ?doFunctionReturns@UnDecorator@@SAHXZ 1001c906 f i libvcruntime:undname.obj
 0001:0001b917       ?doMSKeywords@UnDecorator@@SAHXZ 1001c917 f i libvcruntime:undname.obj
 0001:0001b927       ?doMemberTypes@UnDecorator@@SAHXZ 1001c927 f i libvcruntime:undname.obj
 0001:0001b938       ?doNameOnly@UnDecorator@@SAHXZ 1001c938 f i libvcruntime:undname.obj
 0001:0001b945       ?doNoIdentCharCheck@UnDecorator@@SAHXZ 1001c945 f i libvcruntime:undname.obj
 0001:0001b952       ?doPchar@DName@@AAEXPBDH@Z 1001c952 f   libvcruntime:undname.obj
 0001:0001b9f9       ?doPtr64@UnDecorator@@SAHXZ 1001c9f9 f i libvcruntime:undname.obj
 0001:0001ba0a       ?doRestrictionSpec@UnDecorator@@SAHXZ 1001ca0a f i libvcruntime:undname.obj
 0001:0001ba1b       ?doThisTypes@UnDecorator@@SAHXZ 1001ca1b f i libvcruntime:undname.obj
 0001:0001ba31       ?doThrowTypes@UnDecorator@@SAHXZ 1001ca31 f i libvcruntime:undname.obj
 0001:0001ba42       ?doTypeOnly@UnDecorator@@SAHXZ 1001ca42 f i libvcruntime:undname.obj
 0001:0001ba4f       ?doUnderScore@UnDecorator@@SAHXZ 1001ca4f f i libvcruntime:undname.obj
 0001:0001ba5c       ?getArgumentList@UnDecorator@@CA?AVDName@@XZ 1001ca5c f   libvcruntime:undname.obj
 0001:0001bb92       ?getArgumentTypes@UnDecorator@@CA?AVDName@@XZ 1001cb92 f   libvcruntime:undname.obj
 0001:0001bc8c       ?getArrayType@UnDecorator@@CA?AVDName@@ABV2@@Z 1001cc8c f i libvcruntime:undname.obj
 0001:0001befe       ?getBasedType@UnDecorator@@CA?AVDName@@XZ 1001cefe f   libvcruntime:undname.obj
 0001:0001bfcb       ?getBasicDataType@UnDecorator@@CA?AVDName@@ABV2@@Z 1001cfcb f   libvcruntime:undname.obj
 0001:0001c488       ?getCHPEName@UnDecorator@@QAEPADPADH@Z 1001d488 f i libvcruntime:undname.obj
 0001:0001c5a1       ?getCallIndex@UnDecorator@@CA?AVDName@@XZ 1001d5a1 f i libvcruntime:undname.obj
 0001:0001c5ba       ?getCallingConvention@UnDecorator@@CA?AVDName@@XZ 1001d5ba f   libvcruntime:undname.obj
 0001:0001c6de       ?getDataIndirectType@UnDecorator@@CA?AVDName@@ABV2@PBD0H@Z 1001d6de f   libvcruntime:undname.obj
 0001:0001ceb0       ?getDataIndirectType@UnDecorator@@CA?AVDName@@XZ 1001deb0 f i libvcruntime:undname.obj
 0001:0001cef1       ?getDataType@UnDecorator@@CA?AVDName@@PAV2@@Z 1001def1 f   libvcruntime:undname.obj
 0001:0001cff2       ?getDecoratedName@UnDecorator@@CA?AVDName@@XZ 1001dff2 f   libvcruntime:undname.obj
 0001:0001d2e2       ?getDimension@UnDecorator@@CA?AVDName@@_N@Z 1001e2e2 f   libvcruntime:undname.obj
 0001:0001d433       ?getDispatchTarget@UnDecorator@@CA?AVDName@@XZ 1001e433 f   libvcruntime:undname.obj
 0001:0001d49a       ?getDisplacement@UnDecorator@@CA?AVDName@@XZ 1001e49a f i libvcruntime:undname.obj
 0001:0001d4b3       ?getECSUDataType@UnDecorator@@CA?AVDName@@XZ 1001e4b3 f   libvcruntime:undname.obj
 0001:0001d60d       ?getECSUName@UnDecorator@@CA?AVDName@@XZ 1001e60d f i libvcruntime:undname.obj
 0001:0001d622       ?getEnumType@UnDecorator@@CA?AVDName@@XZ 1001e622 f i libvcruntime:undname.obj
 0001:0001d744       ?getExtendedDataIndirectType@UnDecorator@@CA?AVDName@@AAPBDAA_NH@Z 1001e744 f   libvcruntime:undname.obj
 0001:0001d968       ?getExternalDataType@UnDecorator@@CA?AVDName@@ABV2@@Z 1001e968 f i libvcruntime:undname.obj
 0001:0001d9f6       ?getFunctionIndirectType@UnDecorator@@CA?AVDName@@ABV2@@Z 1001e9f6 f   libvcruntime:undname.obj
 0001:0001dee0       ?getGuardNumber@UnDecorator@@CA?AVDName@@XZ 1001eee0 f i libvcruntime:undname.obj
 0001:0001def9       ?getLastChar@DName@@QBEDXZ 1001eef9 f i libvcruntime:undname.obj
 0001:0001df21       ?getLastChar@DNameStatusNode@@UBEDXZ 1001ef21 f i libvcruntime:undname.obj
 0001:0001df30       ?getLastChar@charNode@@UBEDXZ 1001ef30 f i libvcruntime:undname.obj
 0001:0001df34       ?getLastChar@pDNameNode@@UBEDXZ 1001ef34 f i libvcruntime:undname.obj
 0001:0001df64       ?getLastChar@pairNode@@UBEDXZ 1001ef64 f i libvcruntime:undname.obj
 0001:0001dfa6       ?getLastChar@pcharNode@@UBEDXZ 1001efa6 f i libvcruntime:undname.obj
 0001:0001dfbc       ?getLexicalFrame@UnDecorator@@CA?AVDName@@XZ 1001efbc f i libvcruntime:undname.obj
 0001:0001e008       ?getMemory@_HeapManager@@QAEPAXIH@Z 1001f008 f   libvcruntime:undname.obj
 0001:0001e0b0       ?getNoexcept@UnDecorator@@CA?AVDName@@XZ 1001f0b0 f   libvcruntime:undname.obj
 0001:0001e106       ?getNumberOfDimensions@UnDecorator@@CAHXZ 1001f106 f   libvcruntime:undname.obj
 0001:0001e17f       ?getOperatorName@UnDecorator@@CA?AVDName@@_NPA_N@Z 1001f17f f i libvcruntime:undname.obj
 0001:0001e963       ?getPointerType@UnDecorator@@CA?AVDName@@ABV2@0@Z 1001f963 f i libvcruntime:undname.obj
 0001:0001e988       ?getPointerTypeArray@UnDecorator@@CA?AVDName@@ABV2@0@Z 1001f988 f i libvcruntime:undname.obj
 0001:0001e9ad       ?getPrimaryDataType@UnDecorator@@CA?AVDName@@ABV2@@Z 1001f9ad f   libvcruntime:undname.obj
 0001:0001ec07       ?getPtrRefDataType@UnDecorator@@CA?AVDName@@ABV2@H@Z 1001fc07 f   libvcruntime:undname.obj
 0001:0001ed86       ?getPtrRefType@UnDecorator@@CA?AVDName@@ABV2@0PBD@Z 1001fd86 f   libvcruntime:undname.obj
 0001:0001eec1       ?getReferenceType@UnDecorator@@CA?AVDName@@ABV2@0PBD@Z 1001fec1 f i libvcruntime:undname.obj
 0001:0001eee4       ?getRestrictionSpec@UnDecorator@@CA?AVDName@@XZ 1001fee4 f   libvcruntime:undname.obj
 0001:0001f02c       ?getReturnType@UnDecorator@@CA?AVDName@@PAV2@@Z 1002002c f   libvcruntime:undname.obj
 0001:0001f066       ?getScope@UnDecorator@@CA?AVDName@@XZ 10020066 f   libvcruntime:undname.obj
 0001:0001f504       ?getScopedName@UnDecorator@@CA?AVDName@@XZ 10020504 f   libvcruntime:undname.obj
 0001:0001f617       ?getSignedDimension@UnDecorator@@CA?AVDName@@XZ 10020617 f   libvcruntime:undname.obj
 0001:0001f67e       ?getStorageConvention@UnDecorator@@CA?AVDName@@XZ 1002067e f i libvcruntime:undname.obj
 0001:0001f693       ?getString@DName@@QBEPADPAD0@Z 10020693 f i libvcruntime:undname.obj
 0001:0001f6cb       ?getString@DName@@QBEPADPADH@Z 100206cb f i libvcruntime:undname.obj
 0001:0001f746       ?getString@DNameStatusNode@@UBEPADPAD0@Z 10020746 f i libvcruntime:undname.obj
 0001:0001f776       ?getString@charNode@@UBEPADPAD0@Z 10020776 f i libvcruntime:undname.obj
 0001:0001f790       ?getString@pDNameNode@@UBEPADPAD0@Z 10020790 f i libvcruntime:undname.obj
 0001:0001f7ac       ?getString@pairNode@@UBEPADPAD0@Z 100207ac f i libvcruntime:undname.obj
 0001:0001f803       ?getString@pcharNode@@UBEPADPAD0@Z 10020803 f i libvcruntime:undname.obj
 0001:0001f824       ?getStringEncoding@UnDecorator@@CA?AVDName@@PBDH@Z 10020824 f   libvcruntime:undname.obj
 0001:0001f8f3       ?getStringHelper@@YAPADPADPBD1H@Z 100208f3 f i libvcruntime:undname.obj
 0001:0001f937       ?getSymbolName@UnDecorator@@CA?AVDName@@XZ 10020937 f i libvcruntime:undname.obj
 0001:0001f991       ?getTemplateArgumentList@UnDecorator@@CA?AVDName@@XZ 10020991 f   libvcruntime:undname.obj
 0001:0001fcf5       ?getTemplateConstant@UnDecorator@@CA?AVDName@@XZ 10020cf5 f   libvcruntime:undname.obj
 0001:00020102       ?getTemplateName@UnDecorator@@CA?AVDName@@_N@Z 10021102 f   libvcruntime:undname.obj
 0001:000202d6       ?getThisType@UnDecorator@@CA?AVDName@@XZ 100212d6 f i libvcruntime:undname.obj
 0001:00020318       ?getThrowTypes@UnDecorator@@CA?AVDName@@XZ 10021318 f   libvcruntime:undname.obj
 0001:00020343       ?getTypeEncoding@UnDecorator@@CAHXZ 10021343 f i libvcruntime:undname.obj
 0001:0002070d       ?getUndecoratedName@UnDecorator@@QAEPADPADH@Z 1002170d f i libvcruntime:undname.obj
 0001:0002081c       ?getVCallThunkType@UnDecorator@@CA?AVDName@@XZ 1002181c f i libvcruntime:undname.obj
 0001:00020865       ?getVbTableType@UnDecorator@@CA?AVDName@@ABV2@@Z 10021865 f i libvcruntime:undname.obj
 0001:0002087f       ?getVdispMapType@UnDecorator@@CA?AVDName@@ABV2@@Z 1002187f f i libvcruntime:undname.obj
 0001:000208ea       ?getVfTableType@UnDecorator@@CA?AVDName@@ABV2@@Z 100218ea f i libvcruntime:undname.obj
 0001:00020ac7       ?getZName@UnDecorator@@CA?AVDName@@_N0@Z 10021ac7 f   libvcruntime:undname.obj
 0001:00020d57       ?haveTemplateParameters@UnDecorator@@SAHXZ 10021d57 f i libvcruntime:undname.obj
 0001:00020d64       ?isArray@DName@@QBEHXZ     10021d64 f i libvcruntime:undname.obj
 0001:00020d70       ?isComArray@DName@@QBEHXZ  10021d70 f i libvcruntime:undname.obj
 0001:00020d7c       ?isEmpty@DName@@QBEHXZ     10021d7c f i libvcruntime:undname.obj
 0001:00020d86       ?isFull@Replicator@@QBEHXZ 10021d86 f i libvcruntime:undname.obj
 0001:00020d91       ?isNoTE@DName@@QBEHXZ      10021d91 f i libvcruntime:undname.obj
 0001:00020d9d       ?isPinPtr@DName@@QBEHXZ    10021d9d f i libvcruntime:undname.obj
 0001:00020da9       ?isPtrRef@DName@@QBEHXZ    10021da9 f i libvcruntime:undname.obj
 0001:00020db5       ?isUDC@DName@@QBEHXZ       10021db5 f i libvcruntime:undname.obj
 0001:00020dca       ?isUDTThunk@DName@@QBEHXZ  10021dca f i libvcruntime:undname.obj
 0001:00020ddf       ?isVCallThunk@DName@@QBEHXZ 10021ddf f i libvcruntime:undname.obj
 0001:00020deb       ?isValid@DName@@QBEHXZ     10021deb f i libvcruntime:undname.obj
 0001:00020df7       ?length@DName@@QBEHXZ      10021df7 f i libvcruntime:undname.obj
 0001:00020e1d       ?length@DNameStatusNode@@UBEHXZ 10021e1d f i libvcruntime:undname.obj
 0001:00020e21       ?length@charNode@@UBEHXZ   10021e21 f i libvcruntime:undname.obj
 0001:00020e25       ?length@pDNameNode@@UBEHXZ 10021e25 f i libvcruntime:undname.obj
 0001:00020e54       ?length@pairNode@@UBEHXZ   10021e54 f i libvcruntime:undname.obj
 0001:00020eae       ?length@pcharNode@@UBEHXZ  10021eae f i libvcruntime:undname.obj
 0001:00020eb2       ?make@DNameStatusNode@@SAPBV1@W4DNameStatus@@@Z 10021eb2 f i libvcruntime:undname.obj
 0001:00020ed5       ?parseDecoratedName@UnDecorator@@CA?AVDName@@XZ 10021ed5 f   libvcruntime:undname.obj
 0001:00020ff8       ?setIsArray@DName@@QAEXXZ  10021ff8 f i libvcruntime:undname.obj
 0001:00021002       ?setIsComArray@DName@@QAEXXZ 10022002 f i libvcruntime:undname.obj
 0001:0002100c       ?setIsNoTE@DName@@QAEXXZ   1002200c f i libvcruntime:undname.obj
 0001:00021016       ?setIsPinPtr@DName@@QAEXXZ 10022016 f i libvcruntime:undname.obj
 0001:00021020       ?setIsUDC@DName@@QAEXXZ    10022020 f i libvcruntime:undname.obj
 0001:00021030       ?setIsVCallThunk@DName@@QAEXXZ 10022030 f i libvcruntime:undname.obj
 0001:0002103a       ?setPtrRef@DName@@QAEAAV1@XZ 1002203a f i libvcruntime:undname.obj
 0001:00021046       ?status@DName@@QBE?AW4DNameStatus@@XZ 10022046 f i libvcruntime:undname.obj
 0001:000210cb       ___unDName                 100220cb f   libvcruntime:undname.obj
 0001:000210f6       ___unDNameEx               100220f6 f   libvcruntime:undname.obj
 0001:000211b0       __vsprintf_s_l             100221b0 f i libvcruntime:undname.obj
 0001:000211e8       _sprintf_s                 100221e8 f i libvcruntime:undname.obj
 0001:0002120b       _unDNameGenerateCHPE       1002220b f   libvcruntime:undname.obj
 0001:0002127e       ??$?RU__vcrt_ptd@@@__crt_internal_free_policy@@QBEXQBU__vcrt_ptd@@@Z 1002227e f i libvcruntime:per_thread_data.obj
 0001:00021292       ??0?$__crt_unique_heap_ptr@U__vcrt_ptd@@U__crt_internal_free_policy@@@@QAE@QAU__vcrt_ptd@@@Z 10022292 f i libvcruntime:per_thread_data.obj
 0001:000212b5       ??1?$__crt_unique_heap_ptr@U__vcrt_ptd@@U__crt_internal_free_policy@@@@QAE@XZ 100222b5 f i libvcruntime:per_thread_data.obj
 0001:000212d4       ??B?$__crt_unique_heap_ptr@U__vcrt_ptd@@U__crt_internal_free_policy@@@@QBE_NXZ 100222d4 f i libvcruntime:per_thread_data.obj
 0001:000212db       ?detach@?$__crt_unique_heap_ptr@U__vcrt_ptd@@U__crt_internal_free_policy@@@@QAEPAU__vcrt_ptd@@XZ 100222db f i libvcruntime:per_thread_data.obj
 0001:000212e1       ?get@?$__crt_unique_heap_ptr@U__vcrt_ptd@@U__crt_internal_free_policy@@@@QBEPAU__vcrt_ptd@@XZ 100222e1 f i libvcruntime:per_thread_data.obj
 0001:000212e4       ?is_valid@?$__crt_unique_heap_ptr@U__vcrt_ptd@@U__crt_internal_free_policy@@@@QBE_NXZ 100222e4 f i libvcruntime:per_thread_data.obj
 0001:000212eb       ?release@?$__crt_unique_heap_ptr@U__vcrt_ptd@@U__crt_internal_free_policy@@@@QAEXXZ 100222eb f i libvcruntime:per_thread_data.obj
 0001:0002131f       ___vcrt_freefls@4          1002231f f   libvcruntime:per_thread_data.obj
 0001:00021342       ___vcrt_freeptd            10022342 f   libvcruntime:per_thread_data.obj
 0001:00021395       ___vcrt_getptd             10022395 f   libvcruntime:per_thread_data.obj
 0001:000213a6       ___vcrt_getptd_noexit      100223a6 f   libvcruntime:per_thread_data.obj
 0001:0002145c       ___vcrt_getptd_noinit      1002245c f   libvcruntime:per_thread_data.obj
 0001:000214a0       ___vcrt_initialize_ptd     100224a0 f   libvcruntime:per_thread_data.obj
 0001:000214f5       ___vcrt_uninitialize_ptd   100224f5 f   libvcruntime:per_thread_data.obj
 0001:00021516       ___vcrt_initialize_locks   10022516 f   libvcruntime:locks.obj
 0001:00021561       ___vcrt_lock               10022561 f   libvcruntime:locks.obj
 0001:0002157b       ___vcrt_uninitialize_locks 1002257b f   libvcruntime:locks.obj
 0001:000215b5       ___vcrt_unlock             100225b5 f   libvcruntime:locks.obj
 0001:000215cf       ??$?BX@__crt_fast_encoded_nullptr_t@@QBEPAXXZ 100225cf f i libvcruntime:winapi_downlevel.obj
 0001:000215d5       ??$__crt_fast_decode_pointer@PAX@@YAPAXQAX@Z 100225d5 f i libvcruntime:winapi_downlevel.obj
 0001:000215ee       ??$__crt_fast_encode_pointer@PAX@@YAPAXQAX@Z 100225ee f i libvcruntime:winapi_downlevel.obj
 0001:00021612       ??$__crt_interlocked_exchange_pointer@UHINSTANCE__@@PAU1@@@YAPAUHINSTANCE__@@PDSAU0@QAU0@@Z 10022612 f i libvcruntime:winapi_downlevel.obj
 0001:00021622       ??$__crt_interlocked_exchange_pointer@UHINSTANCE__@@PAX@@YAPAUHINSTANCE__@@PDSAU0@QAX@Z 10022622 f i libvcruntime:winapi_downlevel.obj
 0001:00021632       ??$__crt_interlocked_exchange_pointer@XPAX@@YAPAXPDSAXQAX@Z 10022632 f i libvcruntime:winapi_downlevel.obj
 0001:00021642       ??$__crt_interlocked_read_pointer@UHINSTANCE__@@@@YAPAUHINSTANCE__@@PDSAU0@@Z 10022642 f i libvcruntime:winapi_downlevel.obj
 0001:0002164e       ??$__crt_interlocked_read_pointer@X@@YAPAXPDSAX@Z 1002264e f i libvcruntime:winapi_downlevel.obj
 0001:0002165a       ?__crt_fast_encode_pointer@@YA?AU__crt_fast_encoded_nullptr_t@@$$T@Z 1002265a f i libvcruntime:winapi_downlevel.obj
 0001:00021991       ___vcrt_FlsAlloc           10022991 f   libvcruntime:winapi_downlevel.obj
 0001:000219da       ___vcrt_FlsFree            100229da f   libvcruntime:winapi_downlevel.obj
 0001:00021a23       ___vcrt_FlsGetValue        10022a23 f   libvcruntime:winapi_downlevel.obj
 0001:00021a6c       ___vcrt_FlsSetValue        10022a6c f   libvcruntime:winapi_downlevel.obj
 0001:00021ab9       ___vcrt_InitializeCriticalSectionEx 10022ab9 f   libvcruntime:winapi_downlevel.obj
 0001:00021b11       ___vcrt_initialize_winapi_thunks 10022b11 f   libvcruntime:winapi_downlevel.obj
 0001:00021b44       ___vcrt_uninitialize_winapi_thunks 10022b44 f   libvcruntime:winapi_downlevel.obj
 0001:00021b82       ??$?B$$A6AXXZ@__crt_fast_encoded_nullptr_t@@QBEP6AXXZXZ 10022b82 f i libvcruntime:purevirt_data.obj
 0001:00021b88       ??$__crt_fast_encode_pointer@P6AXXZ@@YAP6AXXZQ6AXXZ@Z 10022b88 f i libvcruntime:purevirt_data.obj
 0001:00021bac       ___vcrt_initialize_pure_virtual_call_handler 10022bac f   libvcruntime:purevirt_data.obj
 0001:00021bc0       __global_unwind2           10022bc0 f   libvcruntime:_exsup_.obj
 0001:00021c26       __local_unwind2            10022c26 f   libvcruntime:_exsup_.obj
 0001:00021caa       __abnormal_termination     10022caa f   libvcruntime:_exsup_.obj
 0001:00021cd0       __NLG_Notify1              10022cd0 f   libvcruntime:_exsup_.obj
 0001:00021cdc       __NLG_Notify               10022cdc f   libvcruntime:_exsup_.obj
 0001:00021cf3       __NLG_Dispatch             10022cf3     libvcruntime:_exsup_.obj
 0001:00021cf3       __NLG_Dispatch2            10022cf3     libvcruntime:_exsup_.obj
 0001:00021cfb       __NLG_Call                 10022cfb f   libvcruntime:_exsup_.obj
 0001:00021cfd       __NLG_Return2              10022cfd     libvcruntime:_exsup_.obj
 0001:00021d4d       ??$__crt_fast_decode_pointer@P6AXXZ@@YAP6AXXZQ6AXXZ@Z 10022d4d f i libvcruntime:purevirt.obj
 0001:00021d66       ??$__crt_interlocked_exchange_pointer@$$A6AXXZP6AXXZ@@YAP6AXXZPDS6AXXZQ6AXXZ@Z 10022d66 f i libvcruntime:purevirt.obj
 0001:00021d76       ??$__crt_interlocked_read_pointer@$$A6AXXZ@@YAP6AXXZPDS6AXXZ@Z 10022d76 f i libvcruntime:purevirt.obj
 0001:00021d82       __get_purecall_handler     10022d82 f   libvcruntime:purevirt.obj
 0001:00021d9c       __purecall                 10022d9c f   libvcruntime:purevirt.obj
 0001:00021dcf       __set_purecall_handler     10022dcf f   libvcruntime:purevirt.obj
 0001:00021dfd       ?_CallCatchBlock2@@YAPAXPAUEHRegistrationNode@@PBU_s_FuncInfo@@PAXHK@Z 10022dfd f   libvcruntime:trnsctrl.obj
 0001:00021e75       ?_CallSETranslator@@YAHPAUEHExceptionRecord@@PAUEHRegistrationNode@@PAX2PBU_s_FuncInfo@@H1@Z 10022e75 f   libvcruntime:trnsctrl.obj
 0001:00021f89       ?_GetRangeOfTrysToCheck@@YAPBU_s_TryBlockMapEntry@@PBU_s_FuncInfo@@HHPAI1@Z 10022f89 f   libvcruntime:trnsctrl.obj
 0001:0002201f       ?_JumpToContinuation@@YGXPAXPAUEHRegistrationNode@@@Z 1002301f f   libvcruntime:trnsctrl.obj
 0001:0002205d       ?_UnwindNestedFrames@@YGXPAUEHRegistrationNode@@PAUEHExceptionRecord@@@Z 1002305d f   libvcruntime:trnsctrl.obj
 0001:000220c7       __CatchGuardHandler        100230c7 f   libvcruntime:trnsctrl.obj
 0001:00022104       __CreateFrameInfo          10023104 f   libvcruntime:trnsctrl.obj
 0001:00022131       __FindAndUnlinkFrame       10023131 f   libvcruntime:trnsctrl.obj
 0001:00022187       __TranslatorGuardHandler   10023187 f   libvcruntime:trnsctrl.obj
 0001:0002224d       ___CxxFrameHandler         1002324d f   libvcruntime:trnsctrl.obj
 0001:00022290       ___CxxFrameHandler2        10023290 f   libvcruntime:trnsctrl.obj
 0001:000222d3       ___CxxFrameHandler3        100232d3 f   libvcruntime:trnsctrl.obj
 0001:00022316       ___CxxLongjmpUnwind@4      10023316 f   libvcruntime:trnsctrl.obj
 0001:00022350       __CallSettingFrame@12      10023350 f   libvcruntime:lowhelpr.obj
 0001:00022377       __NLG_Return               10023377     libvcruntime:lowhelpr.obj
 0001:000223af       ??0bad_exception@std@@QAE@ABV01@@Z 100233af f i libvcruntime:frame.obj
 0001:000223d0       ??0bad_exception@std@@QAE@XZ 100233d0 f i libvcruntime:frame.obj
 0001:000223ee       ??0exception@std@@QAE@ABV01@@Z 100233ee f i libvcruntime:frame.obj
 0001:00022425       ??0exception@std@@QAE@QBDH@Z 10023425 f i libvcruntime:frame.obj
 0001:00022449       ??1bad_exception@std@@UAE@XZ 10023449 f i libvcruntime:frame.obj
 0001:0002245e       ??1exception@std@@UAE@XZ   1002345e f i libvcruntime:frame.obj
 0001:00022473       ??8type_info@@QBE_NABV0@@Z 10023473 f i libvcruntime:frame.obj
 0001:00022499       ??_Gbad_exception@std@@UAEPAXI@Z 10023499 f i libvcruntime:frame.obj
 0001:00022499       ??_Ebad_exception@std@@UAEPAXI@Z 10023499 f i libvcruntime:frame.obj
 0001:000224d1       ??_Eexception@std@@UAEPAXI@Z 100234d1 f i libvcruntime:frame.obj
 0001:000224d1       ??_Gexception@std@@UAEPAXI@Z 100234d1 f i libvcruntime:frame.obj
 0001:00022f3b       ?_CallMemberFunction1@@YGXQAX00@Z 10023f3b f i libvcruntime:frame.obj
 0001:00022f4f       ?_CallMemberFunction2@@YGXQAX00H@Z 10023f4f f i libvcruntime:frame.obj
 0001:00022f66       ?_ValidateExecute@@YA_NP6GHXZ@Z 10023f66 f i libvcruntime:frame.obj
 0001:00022f75       ?_ValidateRead@@YA_NPBXI@Z 10023f75 f i libvcruntime:frame.obj
 0001:00022f84       ?_ValidateWrite@@YA_NPAXI@Z 10023f84 f i libvcruntime:frame.obj
 0001:00022f93       ?what@exception@std@@UBEPBDXZ 10023f93 f i libvcruntime:frame.obj
 0001:00022fa3       ___BuildCatchObject        10023fa3 f   libvcruntime:frame.obj
 0001:00023055       ___BuildCatchObjectHelper  10024055 f   libvcruntime:frame.obj
 0001:000231d6       ___FrameUnwindToState      100241d6 f   libvcruntime:frame.obj
 0001:000232d6       ___InternalCxxFrameHandler 100242d6 f   libvcruntime:frame.obj
 0001:00023412       ___TypeMatch               10024412 f   libvcruntime:frame.obj
 0001:000234c3       ___vcrt_EncodePointer      100244c3 f i libvcruntime:frame.obj
 0001:000234ed       __get_unexpected           100244ed f   libvcruntime:unexpected.obj
 0001:00023503       _set_unexpected            10024503 f   libvcruntime:unexpected.obj
 0001:00023528       _unexpected                10024528 f   libvcruntime:unexpected.obj
 0001:0002354c       ___DestructExceptionObject 1002454c f   libvcruntime:ehhelpers.obj
 0001:00023607       ?_CallMemberFunction0@@YGXQAX0@Z 10024607 f i libvcruntime:ehhelpers.obj
 0001:00023617       ?raw_name@type_info@@QBEPBDXZ 10024617 f i libvcruntime:ehhelpers.obj
 0001:0002361b       __IsExceptionObjectToBeDestroyed 1002461b f   libvcruntime:ehhelpers.obj
 0001:0002364a       __SetWinRTOutOfMemoryExceptionCallback 1002464a f   libvcruntime:ehhelpers.obj
 0001:0002365a       ___AdjustPointer           1002465a f   libvcruntime:ehhelpers.obj
 0001:00023688       ___FrameUnwindFilter       10024688 f   libvcruntime:ehhelpers.obj
 0001:000236de       ___GetPlatformExceptionInfo 100246de f   libvcruntime:ehhelpers.obj
 0001:0002373f       ___current_exception       1002473f f   libvcruntime:ehhelpers.obj
 0001:0002374a       ___current_exception_context 1002474a f   libvcruntime:ehhelpers.obj
 0001:00023755       ___processing_throw        10024755 f   libvcruntime:ehhelpers.obj
 0001:00023760       ___std_terminate           10024760 f   libvcruntime:ehhelpers.obj
 0001:00023765       __is_exception_typeof      10024765 f   libvcruntime:ehhelpers.obj
 0001:00023832       ??$?RD@__crt_public_free_policy@@QBEXQBD@Z 10024832 f i libvcruntime:std_exception.obj
 0001:00023846       ??0?$__crt_unique_heap_ptr@DU__crt_public_free_policy@@@@QAE@QAD@Z 10024846 f i libvcruntime:std_exception.obj
 0001:00023857       ??1?$__crt_unique_heap_ptr@DU__crt_public_free_policy@@@@QAE@XZ 10024857 f i libvcruntime:std_exception.obj
 0001:0002386b       ??B?$__crt_unique_heap_ptr@DU__crt_public_free_policy@@@@QBE_NXZ 1002486b f i libvcruntime:std_exception.obj
 0001:00023872       ?detach@?$__crt_unique_heap_ptr@DU__crt_public_free_policy@@@@QAEPADXZ 10024872 f i libvcruntime:std_exception.obj
 0001:00023878       ?get@?$__crt_unique_heap_ptr@DU__crt_public_free_policy@@@@QBEPADXZ 10024878 f i libvcruntime:std_exception.obj
 0001:0002387b       ?is_valid@?$__crt_unique_heap_ptr@DU__crt_public_free_policy@@@@QBE_NXZ 1002487b f i libvcruntime:std_exception.obj
 0001:00023882       ?release@?$__crt_unique_heap_ptr@DU__crt_public_free_policy@@@@QAEXXZ 10024882 f i libvcruntime:std_exception.obj
 0001:00023896       ___std_exception_copy      10024896 f   libvcruntime:std_exception.obj
 0001:00023911       ___std_exception_destroy   10024911 f   libvcruntime:std_exception.obj
 0001:00023937       __CxxThrowException@8      10024937 f   libvcruntime:throw.obj
 0001:000239c1       _malloc                    100249c1 f   libucrt:malloc.obj
 0001:000239ce       ??$?RPAU__crt_stdio_stream_data@@@__crt_internal_free_policy@@QBEXQBQAU__crt_stdio_stream_data@@@Z 100249ce f i libucrt:_file.obj
 0001:000239e4       ??0?$__crt_unique_heap_ptr@PAU__crt_stdio_stream_data@@U__crt_internal_free_policy@@@@QAE@QAPAU__crt_stdio_stream_data@@@Z 100249e4 f i libucrt:_file.obj
 0001:000239f8       ??0__crt_stdio_stream@@QAE@QAU_iobuf@@@Z 100249f8 f i libucrt:_file.obj
 0001:00023a0c       ??1?$__crt_unique_heap_ptr@PAU__crt_stdio_stream_data@@U__crt_internal_free_policy@@@@QAE@XZ 10024a0c f i libucrt:_file.obj
 0001:00023a22       ??C__crt_stdio_stream@@QBEPAU__crt_stdio_stream_data@@XZ 10024a22 f i libucrt:_file.obj
 0001:00023a25       ?detach@?$__crt_unique_heap_ptr@PAU__crt_stdio_stream_data@@U__crt_internal_free_policy@@@@QAEPAPAU__crt_stdio_stream_data@@XZ 10024a25 f i libucrt:_file.obj
 0001:00023a2b       ?release@?$__crt_unique_heap_ptr@PAU__crt_stdio_stream_data@@U__crt_internal_free_policy@@@@QAEXXZ 10024a2b f i libucrt:_file.obj
 0001:00023a41       ___acrt_initialize_stdio   10024a41 f   libucrt:_file.obj
 0001:00023b3b       ___acrt_iob_func           10024b3b f   libucrt:_file.obj
 0001:00023b4f       ___acrt_uninitialize_stdio 10024b4f f   libucrt:_file.obj
 0001:00023bae       __get_stream_buffer_pointers 10024bae f   libucrt:_file.obj
 0001:00023c05       __lock_file                10024c05 f   libucrt:_file.obj
 0001:00023c1e       __unlock_file              10024c1e f   libucrt:_file.obj
 0001:00023c37       ??$?0ABV?$stream_output_adapter@D@__crt_stdio_output@@AB_KABQBDABQAU__crt_locale_pointers@@ABQAD@?$format_validation_base@DV?$stream_output_adapter@D@__crt_stdio_output@@@__crt_stdio_output@@IAE@ABV?$stream_output_adapter@D@1@AB_KABQBDABQAU__crt_locale_pointers@@ABQAD@Z 10024c37 f i libucrt:output.obj
 0001:00023c62       ??$?0ABV?$stream_output_adapter@D@__crt_stdio_output@@AB_KABQBDABQAU__crt_locale_pointers@@ABQAD@?$positional_parameter_base@DV?$stream_output_adapter@D@__crt_stdio_output@@@__crt_stdio_output@@IAE@ABV?$stream_output_adapter@D@1@AB_KABQBDABQAU__crt_locale_pointers@@ABQAD@Z 10024c62 f i libucrt:output.obj
 0001:00023cbc       ??$?0ABV?$stream_output_adapter@D@__crt_stdio_output@@AB_KABQBDABQAU__crt_locale_pointers@@ABQAD@?$standard_base@DV?$stream_output_adapter@D@__crt_stdio_output@@@__crt_stdio_output@@IAE@ABV?$stream_output_adapter@D@1@AB_KABQBDABQAU__crt_locale_pointers@@ABQAD@Z 10024cbc f i libucrt:output.obj
 0001:00023cfe       ??$?0ABV?$stream_output_adapter@_W@__crt_stdio_output@@AB_KABQB_WABQAU__crt_locale_pointers@@ABQAD@?$format_validation_base@_WV?$stream_output_adapter@_W@__crt_stdio_output@@@__crt_stdio_output@@IAE@ABV?$stream_output_adapter@_W@1@AB_KABQB_WABQAU__crt_locale_pointers@@ABQAD@Z 10024cfe f i libucrt:output.obj
 0001:00023d29       ??$?0ABV?$stream_output_adapter@_W@__crt_stdio_output@@AB_KABQB_WABQAU__crt_locale_pointers@@ABQAD@?$positional_parameter_base@_WV?$stream_output_adapter@_W@__crt_stdio_output@@@__crt_stdio_output@@IAE@ABV?$stream_output_adapter@_W@1@AB_KABQB_WABQAU__crt_locale_pointers@@ABQAD@Z 10024d29 f i libucrt:output.obj
 0001:00023d83       ??$?0ABV?$stream_output_adapter@_W@__crt_stdio_output@@AB_KABQB_WABQAU__crt_locale_pointers@@ABQAD@?$standard_base@_WV?$stream_output_adapter@_W@__crt_stdio_output@@@__crt_stdio_output@@IAE@ABV?$stream_output_adapter@_W@1@AB_KABQB_WABQAU__crt_locale_pointers@@ABQAD@Z 10024d83 f i libucrt:output.obj
 0001:00023dc5       ??$?0ABV?$string_output_adapter@D@__crt_stdio_output@@AB_KABQBDABQAU__crt_locale_pointers@@ABQAD@?$format_validation_base@DV?$string_output_adapter@D@__crt_stdio_output@@@__crt_stdio_output@@IAE@ABV?$string_output_adapter@D@1@AB_KABQBDABQAU__crt_locale_pointers@@ABQAD@Z 10024dc5 f i libucrt:output.obj
 0001:00023df0       ??$?0ABV?$string_output_adapter@D@__crt_stdio_output@@AB_KABQBDABQAU__crt_locale_pointers@@ABQAD@?$positional_parameter_base@DV?$string_output_adapter@D@__crt_stdio_output@@@__crt_stdio_output@@IAE@ABV?$string_output_adapter@D@1@AB_KABQBDABQAU__crt_locale_pointers@@ABQAD@Z 10024df0 f i libucrt:output.obj
 0001:00023e4a       ??$?0ABV?$string_output_adapter@D@__crt_stdio_output@@AB_KABQBDABQAU__crt_locale_pointers@@ABQAD@?$standard_base@DV?$string_output_adapter@D@__crt_stdio_output@@@__crt_stdio_output@@IAE@ABV?$string_output_adapter@D@1@AB_KABQBDABQAU__crt_locale_pointers@@ABQAD@Z 10024e4a f i libucrt:output.obj
 0001:00023e8c       ??$?0ABV?$string_output_adapter@_W@__crt_stdio_output@@AB_KABQB_WABQAU__crt_locale_pointers@@ABQAD@?$format_validation_base@_WV?$string_output_adapter@_W@__crt_stdio_output@@@__crt_stdio_output@@IAE@ABV?$string_output_adapter@_W@1@AB_KABQB_WABQAU__crt_locale_pointers@@ABQAD@Z 10024e8c f i libucrt:output.obj
 0001:00023eb7       ??$?0ABV?$string_output_adapter@_W@__crt_stdio_output@@AB_KABQB_WABQAU__crt_locale_pointers@@ABQAD@?$positional_parameter_base@_WV?$string_output_adapter@_W@__crt_stdio_output@@@__crt_stdio_output@@IAE@ABV?$string_output_adapter@_W@1@AB_KABQB_WABQAU__crt_locale_pointers@@ABQAD@Z 10024eb7 f i libucrt:output.obj
 0001:00023f11       ??$?0ABV?$string_output_adapter@_W@__crt_stdio_output@@AB_KABQB_WABQAU__crt_locale_pointers@@ABQAD@?$standard_base@_WV?$string_output_adapter@_W@__crt_stdio_output@@@__crt_stdio_output@@IAE@ABV?$string_output_adapter@_W@1@AB_KABQB_WABQAU__crt_locale_pointers@@ABQAD@Z 10024f11 f i libucrt:output.obj
 0001:000242dd       ??$__crt_interlocked_read@J@@YAJPDJ@Z 100252dd f i libucrt:output.obj
 0001:00025546       ??$count@D@formatting_buffer@__crt_stdio_output@@QBEIXZ 10026546 f i libucrt:output.obj
 0001:00025564       ??$count@_W@formatting_buffer@__crt_stdio_output@@QBEIXZ 10026564 f i libucrt:output.obj
 0001:00025583       ??$data@D@formatting_buffer@__crt_stdio_output@@QAEPADXZ 10026583 f i libucrt:output.obj
 0001:00025593       ??$data@_W@formatting_buffer@__crt_stdio_output@@QAEPA_WXZ 10026593 f i libucrt:output.obj
 0001:000255a3       ??$ensure_buffer_is_big_enough@D@formatting_buffer@__crt_stdio_output@@QAE_NI@Z 100265a3 f i libucrt:output.obj
 0001:00025641       ??$ensure_buffer_is_big_enough@_W@formatting_buffer@__crt_stdio_output@@QAE_NI@Z 10026641 f i libucrt:output.obj
 0001:000256e1       ??$extract_argument_from_va_list@C_J@?$positional_parameter_base@DV?$stream_output_adapter@D@__crt_stdio_output@@@__crt_stdio_output@@IAE_NAA_J@Z 100266e1 f i libucrt:output.obj
 0001:00025778       ??$extract_argument_from_va_list@C_J@?$positional_parameter_base@DV?$string_output_adapter@D@__crt_stdio_output@@@__crt_stdio_output@@IAE_NAA_J@Z 10026778 f i libucrt:output.obj
 0001:0002580f       ??$extract_argument_from_va_list@C_J@?$positional_parameter_base@_WV?$stream_output_adapter@_W@__crt_stdio_output@@@__crt_stdio_output@@IAE_NAA_J@Z 1002680f f i libucrt:output.obj
 0001:000258a6       ??$extract_argument_from_va_list@C_J@?$positional_parameter_base@_WV?$string_output_adapter@_W@__crt_stdio_output@@@__crt_stdio_output@@IAE_NAA_J@Z 100268a6 f i libucrt:output.obj
 0001:0002593d       ??$extract_argument_from_va_list@C_J@?$standard_base@DV?$stream_output_adapter@D@__crt_stdio_output@@@__crt_stdio_output@@IAE_NAA_J@Z 1002693d f i libucrt:output.obj
 0001:00025963       ??$extract_argument_from_va_list@C_J@?$standard_base@DV?$string_output_adapter@D@__crt_stdio_output@@@__crt_stdio_output@@IAE_NAA_J@Z 10026963 f i libucrt:output.obj
 0001:00025989       ??$extract_argument_from_va_list@C_J@?$standard_base@_WV?$stream_output_adapter@_W@__crt_stdio_output@@@__crt_stdio_output@@IAE_NAA_J@Z 10026989 f i libucrt:output.obj
 0001:000259af       ??$extract_argument_from_va_list@C_J@?$standard_base@_WV?$string_output_adapter@_W@__crt_stdio_output@@@__crt_stdio_output@@IAE_NAA_J@Z 100269af f i libucrt:output.obj
 0001:000259d5       ??$extract_argument_from_va_list@E_J@?$positional_parameter_base@DV?$stream_output_adapter@D@__crt_stdio_output@@@__crt_stdio_output@@IAE_NAA_J@Z 100269d5 f i libucrt:output.obj
 0001:00025a6c       ??$extract_argument_from_va_list@E_J@?$positional_parameter_base@DV?$string_output_adapter@D@__crt_stdio_output@@@__crt_stdio_output@@IAE_NAA_J@Z 10026a6c f i libucrt:output.obj
 0001:00025b03       ??$extract_argument_from_va_list@E_J@?$positional_parameter_base@_WV?$stream_output_adapter@_W@__crt_stdio_output@@@__crt_stdio_output@@IAE_NAA_J@Z 10026b03 f i libucrt:output.obj
 0001:00025b9a       ??$extract_argument_from_va_list@E_J@?$positional_parameter_base@_WV?$string_output_adapter@_W@__crt_stdio_output@@@__crt_stdio_output@@IAE_NAA_J@Z 10026b9a f i libucrt:output.obj
 0001:00025c31       ??$extract_argument_from_va_list@E_J@?$standard_base@DV?$stream_output_adapter@D@__crt_stdio_output@@@__crt_stdio_output@@IAE_NAA_J@Z 10026c31 f i libucrt:output.obj
 0001:00025c57       ??$extract_argument_from_va_list@E_J@?$standard_base@DV?$string_output_adapter@D@__crt_stdio_output@@@__crt_stdio_output@@IAE_NAA_J@Z 10026c57 f i libucrt:output.obj
 0001:00025c7d       ??$extract_argument_from_va_list@E_J@?$standard_base@_WV?$stream_output_adapter@_W@__crt_stdio_output@@@__crt_stdio_output@@IAE_NAA_J@Z 10026c7d f i libucrt:output.obj
 0001:00025ca3       ??$extract_argument_from_va_list@E_J@?$standard_base@_WV?$string_output_adapter@_W@__crt_stdio_output@@@__crt_stdio_output@@IAE_NAA_J@Z 10026ca3 f i libucrt:output.obj
 0001:00025cc9       ??$extract_argument_from_va_list@F_J@?$positional_parameter_base@DV?$stream_output_adapter@D@__crt_stdio_output@@@__crt_stdio_output@@IAE_NAA_J@Z 10026cc9 f i libucrt:output.obj
 0001:00025d60       ??$extract_argument_from_va_list@F_J@?$positional_parameter_base@DV?$string_output_adapter@D@__crt_stdio_output@@@__crt_stdio_output@@IAE_NAA_J@Z 10026d60 f i libucrt:output.obj
 0001:00025df7       ??$extract_argument_from_va_list@F_J@?$positional_parameter_base@_WV?$stream_output_adapter@_W@__crt_stdio_output@@@__crt_stdio_output@@IAE_NAA_J@Z 10026df7 f i libucrt:output.obj
 0001:00025e8e       ??$extract_argument_from_va_list@F_J@?$positional_parameter_base@_WV?$string_output_adapter@_W@__crt_stdio_output@@@__crt_stdio_output@@IAE_NAA_J@Z 10026e8e f i libucrt:output.obj
 0001:00025f25       ??$extract_argument_from_va_list@F_J@?$standard_base@DV?$stream_output_adapter@D@__crt_stdio_output@@@__crt_stdio_output@@IAE_NAA_J@Z 10026f25 f i libucrt:output.obj
 0001:00025f4b       ??$extract_argument_from_va_list@F_J@?$standard_base@DV?$string_output_adapter@D@__crt_stdio_output@@@__crt_stdio_output@@IAE_NAA_J@Z 10026f4b f i libucrt:output.obj
 0001:00025f71       ??$extract_argument_from_va_list@F_J@?$standard_base@_WV?$stream_output_adapter@_W@__crt_stdio_output@@@__crt_stdio_output@@IAE_NAA_J@Z 10026f71 f i libucrt:output.obj
 0001:00025f97       ??$extract_argument_from_va_list@F_J@?$standard_base@_WV?$string_output_adapter@_W@__crt_stdio_output@@@__crt_stdio_output@@IAE_NAA_J@Z 10026f97 f i libucrt:output.obj
 0001:00025fbd       ??$extract_argument_from_va_list@GD@?$positional_parameter_base@DV?$stream_output_adapter@D@__crt_stdio_output@@@__crt_stdio_output@@IAE_NAAD@Z 10026fbd f i libucrt:output.obj
 0001:00026053       ??$extract_argument_from_va_list@GD@?$positional_parameter_base@DV?$string_output_adapter@D@__crt_stdio_output@@@__crt_stdio_output@@IAE_NAAD@Z 10027053 f i libucrt:output.obj
 0001:000260e9       ??$extract_argument_from_va_list@GD@?$standard_base@DV?$stream_output_adapter@D@__crt_stdio_output@@@__crt_stdio_output@@IAE_NAAD@Z 100270e9 f i libucrt:output.obj
 0001:00026109       ??$extract_argument_from_va_list@GD@?$standard_base@DV?$string_output_adapter@D@__crt_stdio_output@@@__crt_stdio_output@@IAE_NAAD@Z 10027109 f i libucrt:output.obj
 0001:00026129       ??$extract_argument_from_va_list@G_J@?$positional_parameter_base@DV?$stream_output_adapter@D@__crt_stdio_output@@@__crt_stdio_output@@IAE_NAA_J@Z 10027129 f i libucrt:output.obj
 0001:000261c0       ??$extract_argument_from_va_list@G_J@?$positional_parameter_base@DV?$string_output_adapter@D@__crt_stdio_output@@@__crt_stdio_output@@IAE_NAA_J@Z 100271c0 f i libucrt:output.obj
 0001:00026257       ??$extract_argument_from_va_list@G_J@?$positional_parameter_base@_WV?$stream_output_adapter@_W@__crt_stdio_output@@@__crt_stdio_output@@IAE_NAA_J@Z 10027257 f i libucrt:output.obj
 0001:000262ee       ??$extract_argument_from_va_list@G_J@?$positional_parameter_base@_WV?$string_output_adapter@_W@__crt_stdio_output@@@__crt_stdio_output@@IAE_NAA_J@Z 100272ee f i libucrt:output.obj
 0001:00026385       ??$extract_argument_from_va_list@G_J@?$standard_base@DV?$stream_output_adapter@D@__crt_stdio_output@@@__crt_stdio_output@@IAE_NAA_J@Z 10027385 f i libucrt:output.obj
 0001:000263ab       ??$extract_argument_from_va_list@G_J@?$standard_base@DV?$string_output_adapter@D@__crt_stdio_output@@@__crt_stdio_output@@IAE_NAA_J@Z 100273ab f i libucrt:output.obj
 0001:000263d1       ??$extract_argument_from_va_list@G_J@?$standard_base@_WV?$stream_output_adapter@_W@__crt_stdio_output@@@__crt_stdio_output@@IAE_NAA_J@Z 100273d1 f i libucrt:output.obj
 0001:000263f7       ??$extract_argument_from_va_list@G_J@?$standard_base@_WV?$string_output_adapter@_W@__crt_stdio_output@@@__crt_stdio_output@@IAE_NAA_J@Z 100273f7 f i libucrt:output.obj
 0001:0002641d       ??$extract_argument_from_va_list@H_J@?$positional_parameter_base@DV?$stream_output_adapter@D@__crt_stdio_output@@@__crt_stdio_output@@IAE_NAA_J@Z 1002741d f i libucrt:output.obj
 0001:000264b1       ??$extract_argument_from_va_list@H_J@?$positional_parameter_base@DV?$string_output_adapter@D@__crt_stdio_output@@@__crt_stdio_output@@IAE_NAA_J@Z 100274b1 f i libucrt:output.obj
 0001:00026545       ??$extract_argument_from_va_list@H_J@?$positional_parameter_base@_WV?$stream_output_adapter@_W@__crt_stdio_output@@@__crt_stdio_output@@IAE_NAA_J@Z 10027545 f i libucrt:output.obj
 0001:000265d9       ??$extract_argument_from_va_list@H_J@?$positional_parameter_base@_WV?$string_output_adapter@_W@__crt_stdio_output@@@__crt_stdio_output@@IAE_NAA_J@Z 100275d9 f i libucrt:output.obj
 0001:0002666d       ??$extract_argument_from_va_list@H_J@?$standard_base@DV?$stream_output_adapter@D@__crt_stdio_output@@@__crt_stdio_output@@IAE_NAA_J@Z 1002766d f i libucrt:output.obj
 0001:00026692       ??$extract_argument_from_va_list@H_J@?$standard_base@DV?$string_output_adapter@D@__crt_stdio_output@@@__crt_stdio_output@@IAE_NAA_J@Z 10027692 f i libucrt:output.obj
 0001:000266b7       ??$extract_argument_from_va_list@H_J@?$standard_base@_WV?$stream_output_adapter@_W@__crt_stdio_output@@@__crt_stdio_output@@IAE_NAA_J@Z 100276b7 f i libucrt:output.obj
 0001:000266dc       ??$extract_argument_from_va_list@H_J@?$standard_base@_WV?$string_output_adapter@_W@__crt_stdio_output@@@__crt_stdio_output@@IAE_NAA_J@Z 100276dc f i libucrt:output.obj
 0001:00026701       ??$extract_argument_from_va_list@I_J@?$positional_parameter_base@DV?$stream_output_adapter@D@__crt_stdio_output@@@__crt_stdio_output@@IAE_NAA_J@Z 10027701 f i libucrt:output.obj
 0001:000267a1       ??$extract_argument_from_va_list@I_J@?$positional_parameter_base@DV?$string_output_adapter@D@__crt_stdio_output@@@__crt_stdio_output@@IAE_NAA_J@Z 100277a1 f i libucrt:output.obj
 0001:00026841       ??$extract_argument_from_va_list@I_J@?$positional_parameter_base@_WV?$stream_output_adapter@_W@__crt_stdio_output@@@__crt_stdio_output@@IAE_NAA_J@Z 10027841 f i libucrt:output.obj
 0001:000268e1       ??$extract_argument_from_va_list@I_J@?$positional_parameter_base@_WV?$string_output_adapter@_W@__crt_stdio_output@@@__crt_stdio_output@@IAE_NAA_J@Z 100278e1 f i libucrt:output.obj
 0001:00026981       ??$extract_argument_from_va_list@I_J@?$standard_base@DV?$stream_output_adapter@D@__crt_stdio_output@@@__crt_stdio_output@@IAE_NAA_J@Z 10027981 f i libucrt:output.obj
 0001:000269a6       ??$extract_argument_from_va_list@I_J@?$standard_base@DV?$string_output_adapter@D@__crt_stdio_output@@@__crt_stdio_output@@IAE_NAA_J@Z 100279a6 f i libucrt:output.obj
 0001:000269cb       ??$extract_argument_from_va_list@I_J@?$standard_base@_WV?$stream_output_adapter@_W@__crt_stdio_output@@@__crt_stdio_output@@IAE_NAA_J@Z 100279cb f i libucrt:output.obj
 0001:000269f0       ??$extract_argument_from_va_list@I_J@?$standard_base@_WV?$string_output_adapter@_W@__crt_stdio_output@@@__crt_stdio_output@@IAE_NAA_J@Z 100279f0 f i libucrt:output.obj
 0001:00026a15       ??$extract_argument_from_va_list@PADPAD@?$positional_parameter_base@DV?$stream_output_adapter@D@__crt_stdio_output@@@__crt_stdio_output@@IAE_NAAPAD@Z 10027a15 f i libucrt:output.obj
 0001:00026aab       ??$extract_argument_from_va_list@PADPAD@?$positional_parameter_base@DV?$string_output_adapter@D@__crt_stdio_output@@@__crt_stdio_output@@IAE_NAAPAD@Z 10027aab f i libucrt:output.obj
 0001:00026b41       ??$extract_argument_from_va_list@PADPAD@?$positional_parameter_base@_WV?$stream_output_adapter@_W@__crt_stdio_output@@@__crt_stdio_output@@IAE_NAAPAD@Z 10027b41 f i libucrt:output.obj
 0001:00026bd7       ??$extract_argument_from_va_list@PADPAD@?$positional_parameter_base@_WV?$string_output_adapter@_W@__crt_stdio_output@@@__crt_stdio_output@@IAE_NAAPAD@Z 10027bd7 f i libucrt:output.obj
 0001:00026c6d       ??$extract_argument_from_va_list@PADPAD@?$standard_base@DV?$stream_output_adapter@D@__crt_stdio_output@@@__crt_stdio_output@@IAE_NAAPAD@Z 10027c6d f i libucrt:output.obj
 0001:00026c8d       ??$extract_argument_from_va_list@PADPAD@?$standard_base@DV?$string_output_adapter@D@__crt_stdio_output@@@__crt_stdio_output@@IAE_NAAPAD@Z 10027c8d f i libucrt:output.obj
 0001:00026cad       ??$extract_argument_from_va_list@PADPAD@?$standard_base@_WV?$stream_output_adapter@_W@__crt_stdio_output@@@__crt_stdio_output@@IAE_NAAPAD@Z 10027cad f i libucrt:output.obj
 0001:00026ccd       ??$extract_argument_from_va_list@PADPAD@?$standard_base@_WV?$string_output_adapter@_W@__crt_stdio_output@@@__crt_stdio_output@@IAE_NAAPAD@Z 10027ccd f i libucrt:output.obj
 0001:000270c5       ??$extract_argument_from_va_list@PAXPAX@?$positional_parameter_base@DV?$stream_output_adapter@D@__crt_stdio_output@@@__crt_stdio_output@@IAE_NAAPAX@Z 100280c5 f i libucrt:output.obj
 0001:0002715b       ??$extract_argument_from_va_list@PAXPAX@?$positional_parameter_base@DV?$string_output_adapter@D@__crt_stdio_output@@@__crt_stdio_output@@IAE_NAAPAX@Z 1002815b f i libucrt:output.obj
 0001:000271f1       ??$extract_argument_from_va_list@PAXPAX@?$positional_parameter_base@_WV?$stream_output_adapter@_W@__crt_stdio_output@@@__crt_stdio_output@@IAE_NAAPAX@Z 100281f1 f i libucrt:output.obj
 0001:00027287       ??$extract_argument_from_va_list@PAXPAX@?$positional_parameter_base@_WV?$string_output_adapter@_W@__crt_stdio_output@@@__crt_stdio_output@@IAE_NAAPAX@Z 10028287 f i libucrt:output.obj
 0001:0002731d       ??$extract_argument_from_va_list@PAXPAX@?$standard_base@DV?$stream_output_adapter@D@__crt_stdio_output@@@__crt_stdio_output@@IAE_NAAPAX@Z 1002831d f i libucrt:output.obj
 0001:0002733d       ??$extract_argument_from_va_list@PAXPAX@?$standard_base@DV?$string_output_adapter@D@__crt_stdio_output@@@__crt_stdio_output@@IAE_NAAPAX@Z 1002833d f i libucrt:output.obj
 0001:0002735d       ??$extract_argument_from_va_list@PAXPAX@?$standard_base@_WV?$stream_output_adapter@_W@__crt_stdio_output@@@__crt_stdio_output@@IAE_NAAPAX@Z 1002835d f i libucrt:output.obj
 0001:0002737d       ??$extract_argument_from_va_list@PAXPAX@?$standard_base@_WV?$string_output_adapter@_W@__crt_stdio_output@@@__crt_stdio_output@@IAE_NAAPAX@Z 1002837d f i libucrt:output.obj
 0001:0002739d       ??$extract_argument_from_va_list@U_CRT_DOUBLE@@U1@@?$positional_parameter_base@DV?$stream_output_adapter@D@__crt_stdio_output@@@__crt_stdio_output@@IAE_NAAU_CRT_DOUBLE@@@Z 1002839d f i libucrt:output.obj
 0001:00027444       ??$extract_argument_from_va_list@U_CRT_DOUBLE@@U1@@?$positional_parameter_base@DV?$string_output_adapter@D@__crt_stdio_output@@@__crt_stdio_output@@IAE_NAAU_CRT_DOUBLE@@@Z 10028444 f i libucrt:output.obj
 0001:000274eb       ??$extract_argument_from_va_list@U_CRT_DOUBLE@@U1@@?$positional_parameter_base@_WV?$stream_output_adapter@_W@__crt_stdio_output@@@__crt_stdio_output@@IAE_NAAU_CRT_DOUBLE@@@Z 100284eb f i libucrt:output.obj
 0001:00027592       ??$extract_argument_from_va_list@U_CRT_DOUBLE@@U1@@?$positional_parameter_base@_WV?$string_output_adapter@_W@__crt_stdio_output@@@__crt_stdio_output@@IAE_NAAU_CRT_DOUBLE@@@Z 10028592 f i libucrt:output.obj
 0001:00027639       ??$extract_argument_from_va_list@U_CRT_DOUBLE@@U1@@?$standard_base@DV?$stream_output_adapter@D@__crt_stdio_output@@@__crt_stdio_output@@IAE_NAAU_CRT_DOUBLE@@@Z 10028639 f i libucrt:output.obj
 0001:00027661       ??$extract_argument_from_va_list@U_CRT_DOUBLE@@U1@@?$standard_base@DV?$string_output_adapter@D@__crt_stdio_output@@@__crt_stdio_output@@IAE_NAAU_CRT_DOUBLE@@@Z 10028661 f i libucrt:output.obj
 0001:00027689       ??$extract_argument_from_va_list@U_CRT_DOUBLE@@U1@@?$standard_base@_WV?$stream_output_adapter@_W@__crt_stdio_output@@@__crt_stdio_output@@IAE_NAAU_CRT_DOUBLE@@@Z 10028689 f i libucrt:output.obj
 0001:000276b1       ??$extract_argument_from_va_list@U_CRT_DOUBLE@@U1@@?$standard_base@_WV?$string_output_adapter@_W@__crt_stdio_output@@@__crt_stdio_output@@IAE_NAAU_CRT_DOUBLE@@@Z 100286b1 f i libucrt:output.obj
 0001:000276d9       ??$extract_argument_from_va_list@_J_J@?$positional_parameter_base@DV?$stream_output_adapter@D@__crt_stdio_output@@@__crt_stdio_output@@IAE_NAA_J@Z 100286d9 f i libucrt:output.obj
 0001:00027780       ??$extract_argument_from_va_list@_J_J@?$positional_parameter_base@DV?$string_output_adapter@D@__crt_stdio_output@@@__crt_stdio_output@@IAE_NAA_J@Z 10028780 f i libucrt:output.obj
 0001:00027827       ??$extract_argument_from_va_list@_J_J@?$positional_parameter_base@_WV?$stream_output_adapter@_W@__crt_stdio_output@@@__crt_stdio_output@@IAE_NAA_J@Z 10028827 f i libucrt:output.obj
 0001:000278ce       ??$extract_argument_from_va_list@_J_J@?$positional_parameter_base@_WV?$string_output_adapter@_W@__crt_stdio_output@@@__crt_stdio_output@@IAE_NAA_J@Z 100288ce f i libucrt:output.obj
 0001:00027975       ??$extract_argument_from_va_list@_J_J@?$standard_base@DV?$stream_output_adapter@D@__crt_stdio_output@@@__crt_stdio_output@@IAE_NAA_J@Z 10028975 f i libucrt:output.obj
 0001:0002799d       ??$extract_argument_from_va_list@_J_J@?$standard_base@DV?$string_output_adapter@D@__crt_stdio_output@@@__crt_stdio_output@@IAE_NAA_J@Z 1002899d f i libucrt:output.obj
 0001:000279c5       ??$extract_argument_from_va_list@_J_J@?$standard_base@_WV?$stream_output_adapter@_W@__crt_stdio_output@@@__crt_stdio_output@@IAE_NAA_J@Z 100289c5 f i libucrt:output.obj
 0001:000279ed       ??$extract_argument_from_va_list@_J_J@?$standard_base@_WV?$string_output_adapter@_W@__crt_stdio_output@@@__crt_stdio_output@@IAE_NAA_J@Z 100289ed f i libucrt:output.obj
 0001:00027a15       ??$extract_argument_from_va_list@_K_J@?$positional_parameter_base@DV?$stream_output_adapter@D@__crt_stdio_output@@@__crt_stdio_output@@IAE_NAA_J@Z 10028a15 f i libucrt:output.obj
 0001:00027abc       ??$extract_argument_from_va_list@_K_J@?$positional_parameter_base@DV?$string_output_adapter@D@__crt_stdio_output@@@__crt_stdio_output@@IAE_NAA_J@Z 10028abc f i libucrt:output.obj
 0001:00027b63       ??$extract_argument_from_va_list@_K_J@?$positional_parameter_base@_WV?$stream_output_adapter@_W@__crt_stdio_output@@@__crt_stdio_output@@IAE_NAA_J@Z 10028b63 f i libucrt:output.obj
 0001:00027c0a       ??$extract_argument_from_va_list@_K_J@?$positional_parameter_base@_WV?$string_output_adapter@_W@__crt_stdio_output@@@__crt_stdio_output@@IAE_NAA_J@Z 10028c0a f i libucrt:output.obj
 0001:00027cb1       ??$extract_argument_from_va_list@_K_J@?$standard_base@DV?$stream_output_adapter@D@__crt_stdio_output@@@__crt_stdio_output@@IAE_NAA_J@Z 10028cb1 f i libucrt:output.obj
 0001:00027cd9       ??$extract_argument_from_va_list@_K_J@?$standard_base@DV?$string_output_adapter@D@__crt_stdio_output@@@__crt_stdio_output@@IAE_NAA_J@Z 10028cd9 f i libucrt:output.obj
 0001:00027d01       ??$extract_argument_from_va_list@_K_J@?$standard_base@_WV?$stream_output_adapter@_W@__crt_stdio_output@@@__crt_stdio_output@@IAE_NAA_J@Z 10028d01 f i libucrt:output.obj
 0001:00027d29       ??$extract_argument_from_va_list@_K_J@?$standard_base@_WV?$string_output_adapter@_W@__crt_stdio_output@@@__crt_stdio_output@@IAE_NAA_J@Z 10028d29 f i libucrt:output.obj
 0001:00027d51       ??$extract_argument_from_va_list@_W_W@?$positional_parameter_base@DV?$stream_output_adapter@D@__crt_stdio_output@@@__crt_stdio_output@@IAE_NAA_W@Z 10028d51 f i libucrt:output.obj
 0001:00027dec       ??$extract_argument_from_va_list@_W_W@?$positional_parameter_base@DV?$string_output_adapter@D@__crt_stdio_output@@@__crt_stdio_output@@IAE_NAA_W@Z 10028dec f i libucrt:output.obj
 0001:00027e87       ??$extract_argument_from_va_list@_W_W@?$positional_parameter_base@_WV?$stream_output_adapter@_W@__crt_stdio_output@@@__crt_stdio_output@@IAE_NAA_W@Z 10028e87 f i libucrt:output.obj
 0001:00027f22       ??$extract_argument_from_va_list@_W_W@?$positional_parameter_base@_WV?$string_output_adapter@_W@__crt_stdio_output@@@__crt_stdio_output@@IAE_NAA_W@Z 10028f22 f i libucrt:output.obj
 0001:00027fbd       ??$extract_argument_from_va_list@_W_W@?$standard_base@DV?$stream_output_adapter@D@__crt_stdio_output@@@__crt_stdio_output@@IAE_NAA_W@Z 10028fbd f i libucrt:output.obj
 0001:00027fe0       ??$extract_argument_from_va_list@_W_W@?$standard_base@DV?$string_output_adapter@D@__crt_stdio_output@@@__crt_stdio_output@@IAE_NAA_W@Z 10028fe0 f i libucrt:output.obj
 0001:00028003       ??$extract_argument_from_va_list@_W_W@?$standard_base@_WV?$stream_output_adapter@_W@__crt_stdio_output@@@__crt_stdio_output@@IAE_NAA_W@Z 10029003 f i libucrt:output.obj
 0001:00028026       ??$extract_argument_from_va_list@_W_W@?$standard_base@_WV?$string_output_adapter@_W@__crt_stdio_output@@@__crt_stdio_output@@IAE_NAA_W@Z 10029026 f i libucrt:output.obj
 0001:00028049       ??$get_parameter_type@D@?$positional_parameter_base@DV?$stream_output_adapter@D@__crt_stdio_output@@@__crt_stdio_output@@CA?AW4parameter_type@01@PAD@Z 10029049 f i libucrt:output.obj
 0001:0002804d       ??$get_parameter_type@D@?$positional_parameter_base@DV?$string_output_adapter@D@__crt_stdio_output@@@__crt_stdio_output@@CA?AW4parameter_type@01@PAD@Z 1002904d f i libucrt:output.obj
 0001:00028051       ??$get_parameter_type@D@?$positional_parameter_base@_WV?$stream_output_adapter@_W@__crt_stdio_output@@@__crt_stdio_output@@CA?AW4parameter_type@01@PAD@Z 10029051 f i libucrt:output.obj
 0001:00028055       ??$get_parameter_type@D@?$positional_parameter_base@_WV?$string_output_adapter@_W@__crt_stdio_output@@@__crt_stdio_output@@CA?AW4parameter_type@01@PAD@Z 10029055 f i libucrt:output.obj
 0001:00028069       ??$get_parameter_type@X@?$positional_parameter_base@DV?$stream_output_adapter@D@__crt_stdio_output@@@__crt_stdio_output@@CA?AW4parameter_type@01@PAX@Z 10029069 f i libucrt:output.obj
 0001:0002806d       ??$get_parameter_type@X@?$positional_parameter_base@DV?$string_output_adapter@D@__crt_stdio_output@@@__crt_stdio_output@@CA?AW4parameter_type@01@PAX@Z 1002906d f i libucrt:output.obj
 0001:00028071       ??$get_parameter_type@X@?$positional_parameter_base@_WV?$stream_output_adapter@_W@__crt_stdio_output@@@__crt_stdio_output@@CA?AW4parameter_type@01@PAX@Z 10029071 f i libucrt:output.obj
 0001:00028075       ??$get_parameter_type@X@?$positional_parameter_base@_WV?$string_output_adapter@_W@__crt_stdio_output@@@__crt_stdio_output@@CA?AW4parameter_type@01@PAX@Z 10029075 f i libucrt:output.obj
 0001:00028079       ??$is_character_specifier@D@?$positional_parameter_base@DV?$stream_output_adapter@D@__crt_stdio_output@@@__crt_stdio_output@@CA_ND@Z 10029079 f i libucrt:output.obj
 0001:00028097       ??$is_character_specifier@D@?$positional_parameter_base@DV?$string_output_adapter@D@__crt_stdio_output@@@__crt_stdio_output@@CA_ND@Z 10029097 f i libucrt:output.obj
 0001:000280b5       ??$is_character_specifier@_W@?$positional_parameter_base@_WV?$stream_output_adapter@_W@__crt_stdio_output@@@__crt_stdio_output@@CA_N_W@Z 100290b5 f i libucrt:output.obj
 0001:000280d6       ??$is_character_specifier@_W@?$positional_parameter_base@_WV?$string_output_adapter@_W@__crt_stdio_output@@@__crt_stdio_output@@CA_N_W@Z 100290d6 f i libucrt:output.obj
[...]
 0002:00011918       __sehtable$??$?RV<lambda_69a2805e680e0e292e8ba93315fe43a8>@@AAV<lambda_f03950bc5685219e0bcd2087efbe011e>@@V<lambda_03fcd07e894ec930e3f35da366ca99d6>@@@?$__crt_seh_guarded_call@H@@QAEH$$QAV<lambda_69a2805e680e0e292e8ba93315fe43a8>@@AAV<lambda_f03950bc5685219e0bcd2087efbe011e>@@$$QAV<lambda_03fcd07e894ec930e3f35da366ca99d6>@@@Z 10083918     libucrt:onexit.obj
 0002:00011938       __sehtable$_terminate      10083938     libucrt:terminate.obj
 0002:00011958       __sehtable$??$?RV<lambda_93797fb4802c957ba6a7f08e1250235b>@@AAV<lambda_1f3ce6bd48e0aa2e72a71c02eee379d3>@@V<lambda_56cae30c9364c9b6c15aeaac05d0418e>@@@?$__crt_seh_guarded_call@H@@QAEH$$QAV<lambda_93797fb4802c957ba6a7f08e1250235b>@@AAV<lambda_1f3ce6bd48e0aa2e72a71c02eee379d3>@@$$QAV<lambda_56cae30c9364c9b6c15aeaac05d0418e>@@@Z 10083958     libucrt:winapi_thunks.obj
 0002:00011978       __sehtable$__fcloseall     10083978     libucrt:closeall.obj
 0002:00011998       __sehtable$??$?RV<lambda_2866be3712abc81a800a822484c830d8>@@AAV<lambda_39ca0ed439415581b5b15c265174cece>@@V<lambda_2b24c74d71094a6cd0cb82e44167d71b>@@@?$__crt_seh_guarded_call@X@@QAEX$$QAV<lambda_2866be3712abc81a800a822484c830d8>@@AAV<lambda_39ca0ed439415581b5b15c265174cece>@@$$QAV<lambda_2b24c74d71094a6cd0cb82e44167d71b>@@@Z 10083998     libucrt:fflush.obj
 0002:000119b8       __sehtable$??$?RV<lambda_2cc53f568c5a2bb6f192f930a45d44ea>@@AAV<lambda_ab61a845afdef5b7c387490eaf3616ee>@@V<lambda_c2ffc0b7726aa6be21d5f0026187e748>@@@?$__crt_seh_guarded_call@X@@QAEX$$QAV<lambda_2cc53f568c5a2bb6f192f930a45d44ea>@@AAV<lambda_ab61a845afdef5b7c387490eaf3616ee>@@$$QAV<lambda_c2ffc0b7726aa6be21d5f0026187e748>@@@Z 100839b8     libucrt:fflush.obj
 0002:000119d8       __sehtable$??$?RV<lambda_6d20deecaf4856105ebacbad442d1079>@@AAV<lambda_9a32fed5bf61b6b509b2d3f6003082a1>@@V<lambda_63ea2239ed67c638ddbae41947fdf875>@@@?$__crt_seh_guarded_call@H@@QAEH$$QAV<lambda_6d20deecaf4856105ebacbad442d1079>@@AAV<lambda_9a32fed5bf61b6b509b2d3f6003082a1>@@$$QAV<lambda_63ea2239ed67c638ddbae41947fdf875>@@@Z 100839d8     libucrt:fflush.obj
 0002:000119f8       __sehtable$___acrt_initialize_lowio 100839f8     libucrt:ioinit.obj
 0002:00011a18       __sehtable$??$?RV<lambda_15ade71b0218206bbe3333a0c9b79046>@@AAV<lambda_da44e0f8b0f19ba52fefafb335991732>@@V<lambda_207f2d024fc103971653565357d6cd41>@@@?$__crt_seh_guarded_call@X@@QAEX$$QAV<lambda_15ade71b0218206bbe3333a0c9b79046>@@AAV<lambda_da44e0f8b0f19ba52fefafb335991732>@@$$QAV<lambda_207f2d024fc103971653565357d6cd41>@@@Z 10083a18     libucrt:per_thread_data.obj
 0002:00011a38       __sehtable$??$?RV<lambda_a7e850c220f1c8d1e6efeecdedd162c6>@@AAV<lambda_46720907175c18b6c9d2717bc0d2d362>@@V<lambda_9048902d66e8d99359bc9897bbb930a8>@@@?$__crt_seh_guarded_call@X@@QAEX$$QAV<lambda_a7e850c220f1c8d1e6efeecdedd162c6>@@AAV<lambda_46720907175c18b6c9d2717bc0d2d362>@@$$QAV<lambda_9048902d66e8d99359bc9897bbb930a8>@@@Z 10083a38     libucrt:per_thread_data.obj
 0002:00011a58       __sehtable$??$?RV<lambda_38edbb1296d33220d7e4dd0ed76b244a>@@AAV<lambda_5ce1d447e08cb34b2473517608e21441>@@V<lambda_fb385d3da700c9147fc39e65dd577a8c>@@@?$__crt_seh_guarded_call@X@@QAEX$$QAV<lambda_38edbb1296d33220d7e4dd0ed76b244a>@@AAV<lambda_5ce1d447e08cb34b2473517608e21441>@@$$QAV<lambda_fb385d3da700c9147fc39e65dd577a8c>@@@Z 10083a58     libucrt:per_thread_data.obj
 0002:00011a78       __sehtable$??$?RV<lambda_6affb1475c98b40b75cdec977db92e3c>@@AAV<lambda_b8d4b9c228a6ecc3f80208dbb4b4a104>@@V<lambda_608742c3c92a14382c1684fc64f96c88>@@@?$__crt_seh_guarded_call@X@@QAEX$$QAV<lambda_6affb1475c98b40b75cdec977db92e3c>@@AAV<lambda_b8d4b9c228a6ecc3f80208dbb4b4a104>@@$$QAV<lambda_608742c3c92a14382c1684fc64f96c88>@@@Z 10083a78     libucrt:per_thread_data.obj
 0002:00011a98       __sehtable$_fputwc         10083a98     libucrt:fputwc.obj
 0002:00011ab8       __sehtable$_fputc          10083ab8     libucrt:fputc.obj
 0002:00011ad8       __sehtable$__free_locale   10083ad8     libucrt:wsetlocale.obj
 0002:00011b08       __sehtable$??$?RV<lambda_e5124f882df8998aaf41531e079ba474>@@AAV<lambda_3e16ef9562a7dcce91392c22ab16ea36>@@V<lambda_e25ca0880e6ef98be67edffd8c599615>@@@?$__crt_seh_guarded_call@X@@QAEX$$QAV<lambda_e5124f882df8998aaf41531e079ba474>@@AAV<lambda_3e16ef9562a7dcce91392c22ab16ea36>@@$$QAV<lambda_e25ca0880e6ef98be67edffd8c599615>@@@Z 10083b08     libucrt:wsetlocale.obj
 0002:00011b28       __sehtable$??$?RV<lambda_82aef432098b982f9ede325b418aa67a>@@AAV<lambda_862e9a3f04921db6ca1ce3faa2bf3edf>@@V<lambda_ffabc152e504b53d7492b9889b10c020>@@@?$__crt_seh_guarded_call@X@@QAEX$$QAV<lambda_82aef432098b982f9ede325b418aa67a>@@AAV<lambda_862e9a3f04921db6ca1ce3faa2bf3edf>@@$$QAV<lambda_ffabc152e504b53d7492b9889b10c020>@@@Z 10083b28     libucrt:wsetlocale.obj
 0002:00011b48       __sehtable$??$?RV<lambda_6673f7c4c09a5d469d0c27ae364621ce>@@AAV<lambda_ebab98244f73a74f49db879bf13fa982>@@V<lambda_be20789b7a146653eab82509ec35b419>@@@?$__crt_seh_guarded_call@X@@QAEX$$QAV<lambda_6673f7c4c09a5d469d0c27ae364621ce>@@AAV<lambda_ebab98244f73a74f49db879bf13fa982>@@$$QAV<lambda_be20789b7a146653eab82509ec35b419>@@@Z 10083b48     libucrt:wsetlocale.obj
 0002:00011b68       __sehtable$??$?RV<lambda_4fdada1b837b2abbf20876fac97688ad>@@AAV<lambda_b57350f2640456a0859d250846f69caf>@@V<lambda_eed5e4f92b5b7d55fa22c48c484aaa54>@@@?$__crt_seh_guarded_call@X@@QAEX$$QAV<lambda_4fdada1b837b2abbf20876fac97688ad>@@AAV<lambda_b57350f2640456a0859d250846f69caf>@@$$QAV<lambda_eed5e4f92b5b7d55fa22c48c484aaa54>@@@Z 10083b68     libucrt:wsetlocale.obj
 0002:00011b88       __sehtable$??$?RV<lambda_135d2772fca65dc1248eeaa1b56e886a>@@AAV<lambda_2a444430fde8c29194d880d93eed5e8f>@@AAV<lambda_8dff2cf36a5417162780cd64fa2883ef>@@@?$__crt_seh_guarded_call@X@@QAEX$$QAV<lambda_135d2772fca65dc1248eeaa1b56e886a>@@AAV<lambda_2a444430fde8c29194d880d93eed5e8f>@@AAV<lambda_8dff2cf36a5417162780cd64fa2883ef>@@@Z 10083b88     libucrt:wsetlocale.obj
 0002:00011ba8       __sehtable$??$?RV<lambda_218ce3db14220d0be481dae8ef3383b6>@@AAV<lambda_628dfdc04ba53c8bfc02c9951375f3f5>@@V<lambda_57dc472bd5c9d5f3b2cbca59b8a843ae>@@@?$__crt_seh_guarded_call@H@@QAEH$$QAV<lambda_218ce3db14220d0be481dae8ef3383b6>@@AAV<lambda_628dfdc04ba53c8bfc02c9951375f3f5>@@$$QAV<lambda_57dc472bd5c9d5f3b2cbca59b8a843ae>@@@Z 10083ba8     libucrt:close.obj
 0002:00011bc8       __sehtable$?__acrt_stdio_allocate_stream@@YA?AV__crt_stdio_stream@@XZ 10083bc8     libucrt:stream.obj
 0002:00011be8       __sehtable$__read          10083be8     libucrt:read.obj
 0002:00011c08       __sehtable$__write         10083c08     libucrt:write.obj
 0002:00011c28       __sehtable$??$common_lseek@J@@YAJHJH@Z 10083c28     libucrt:lseek.obj
 0002:00011c48       __sehtable$??$common_lseek@_J@@YA_JH_JH@Z 10083c48     libucrt:lseek.obj
 0002:00011c68       __sehtable$___set_fpsr_sse2 10083c68     libucrt:fpctrl.obj
 0002:00011c88       __sehtable$??$?RV<lambda_70c0770dcc4f6ec6272bb01dc82d3c91>@@AAV<lambda_ca71763b3c0644891230e4f79ea54fa6>@@V<lambda_ca266f0f09348b8765c113e3a39a2bc1>@@@?$__crt_seh_guarded_call@H@@QAEH$$QAV<lambda_70c0770dcc4f6ec6272bb01dc82d3c91>@@AAV<lambda_ca71763b3c0644891230e4f79ea54fa6>@@$$QAV<lambda_ca266f0f09348b8765c113e3a39a2bc1>@@@Z 10083c88     libucrt:setvbuf.obj
 0002:00011ca8       __sehtable$_signal         10083ca8     libucrt:signal.obj
 0002:00011cc8       __sehtable$_raise          10083cc8     libucrt:signal.obj
 0002:00011ce8       __sehtable$?ctrlevent_capture@@YGHK@Z 10083ce8     libucrt:signal.obj
 0002:00011d08       __sehtable$??$?RV<lambda_cbab9ec6f41b0180b23cc171c22676b0>@@AAV<lambda_44731a7d0e6d81c3e6aa82d741081786>@@V<lambda_4b292cb8dd18144e164572427af410ab>@@@?$__crt_seh_guarded_call@P6AXH@Z@@QAEP6AXH@Z$$QAV<lambda_cbab9ec6f41b0180b23cc171c22676b0>@@AAV<lambda_44731a7d0e6d81c3e6aa82d741081786>@@$$QAV<lambda_4b292cb8dd18144e164572427af410ab>@@@Z 10083d08     libucrt:signal.obj
 0002:00011d28       __sehtable$?update_thread_multibyte_data_internal@@YAPAU__crt_multibyte_data@@QAU__acrt_ptd@@QAPAU1@@Z 10083d28     libucrt:mbctype.obj
 0002:00011d48       __sehtable$??$?RV<lambda_ceb1ee4838e85a9d631eb091e2fbe199>@@AAV<lambda_ae742caa10f662c28703da3d2ea5e57e>@@V<lambda_cd08b5d6af4937fe54fc07d0c9bf6b37>@@@?$__crt_seh_guarded_call@X@@QAEX$$QAV<lambda_ceb1ee4838e85a9d631eb091e2fbe199>@@AAV<lambda_ae742caa10f662c28703da3d2ea5e57e>@@$$QAV<lambda_cd08b5d6af4937fe54fc07d0c9bf6b37>@@@Z 10083d48     libucrt:mbctype.obj
 0002:00011d68       __sehtable$__query_new_handler 10083d68     libucrt:new_handler.obj
 0002:00011d88       __sehtable$__set_new_handler 10083d88     libucrt:new_handler.obj
 0002:00011da8       __sehtable$??$?RV<lambda_9e9de3de5fa147e2223d7db92bc10aa6>@@AAV<lambda_38ce7e780aa69e748d6df282ebc68efe>@@V<lambda_8ca6da459f0f6780f1cff60fdc3d00e5>@@@?$__crt_seh_guarded_call@H@@QAEH$$QAV<lambda_9e9de3de5fa147e2223d7db92bc10aa6>@@AAV<lambda_38ce7e780aa69e748d6df282ebc68efe>@@$$QAV<lambda_8ca6da459f0f6780f1cff60fdc3d00e5>@@@Z 10083da8     libucrt:commit.obj
 0002:00011dc8       __sehtable$__open_osfhandle 10083dc8     libucrt:osfinfo.obj
 0002:00011de8       __sehtable$__alloc_osfhnd  10083de8     libucrt:osfinfo.obj
 0002:00011e08       __sehtable$___acrt_lowio_ensure_fh_exists 10083e08     libucrt:osfinfo.obj
 0002:00011e28       __sehtable$___acrt_update_thread_locale_data 10083e28     libucrt:locale_refcounting.obj
 0002:00011e48       __sehtable$??$common_open@D@@YAHQBDHH@Z 10083e48     libucrt:open.obj
 0002:00011e68       __sehtable$??$common_open@_W@@YAHQB_WHH@Z 10083e68     libucrt:open.obj
 0002:00011e88       __sehtable$??$common_sopen_dispatch@D@@YAHQBDHHHQAHH@Z 10083e88     libucrt:open.obj
 0002:00011ea8       __sehtable$??$common_sopen_dispatch@_W@@YAHQB_WHHHQAHH@Z 10083ea8     libucrt:open.obj
 0002:00011ec8       __sehtable$??$?RV<lambda_f828341fbe69b7c0d4c527b01f22877f>@@AAV<lambda_9e0b6ab72a5b3ae37ad997d08b519f50>@@V<lambda_f01deac0a8d65d6e0411edf7e0af5775>@@@?$__crt_seh_guarded_call@G@@QAEG$$QAV<lambda_f828341fbe69b7c0d4c527b01f22877f>@@AAV<lambda_9e0b6ab72a5b3ae37ad997d08b519f50>@@$$QAV<lambda_f01deac0a8d65d6e0411edf7e0af5775>@@@Z 10083ec8     libucrt:putwch.obj
 0002:00011ee8       __sehtable$__setmode       10083ee8     libucrt:setmode.obj
 0002:00011f08       __sehtable$??$?RV<lambda_3b12a17125e8c5b5e6e6f6c6050db0c1>@@AAV<lambda_522ac1b1e1a1180d6f374a882b81d1c8>@@V<lambda_e92b96cac182f562f30acc9fb7872857>@@@?$__crt_seh_guarded_call@H@@QAEH$$QAV<lambda_3b12a17125e8c5b5e6e6f6c6050db0c1>@@AAV<lambda_522ac1b1e1a1180d6f374a882b81d1c8>@@$$QAV<lambda_e92b96cac182f562f30acc9fb7872857>@@@Z 10083f08     libucrt:chsize.obj
 0002:00011f28       __unwindtable$?_wcstombs_l_helper@@YAIPADPB_WIPAU__crt_locale_pointers@@@Z 10083f28     libucrt:wcstombs.obj
 0002:00011f30       __ehfuncinfo$?_wcstombs_l_helper@@YAIPADPB_WIPAU__crt_locale_pointers@@@Z 10083f30     libucrt:wcstombs.obj
 0002:00011f58       __sehtable$__IsNonwritableInCurrentImage 10083f58     LIBCMT:pesect.obj
 0002:000121c0       .edata                     100841c0     speed_controllerDec10_slrt.exp
 0002:000121e8       rgpv                       100841e8     speed_controllerDec10_slrt.exp
 0002:00012204       rgszName                   10084204     speed_controllerDec10_slrt.exp
 0002:00012220       rgwOrd                     10084220     speed_controllerDec10_slrt.exp
 0002:0001222e       szName                     1008422e     speed_controllerDec10_slrt.exp
 0002:0001224d       $N00001                    1008424d     speed_controllerDec10_slrt.exp
 0002:00012258       $N00002                    10084258     speed_controllerDec10_slrt.exp
 0002:00012261       $N00003                    10084261     speed_controllerDec10_slrt.exp
 0002:0001226e       $N00004                    1008426e     speed_controllerDec10_slrt.exp
 0002:00012278       $N00005                    10084278     speed_controllerDec10_slrt.exp
 0002:00012288       $N00006                    10084288     speed_controllerDec10_slrt.exp
 0002:00012296       $N00007                    10084296     speed_controllerDec10_slrt.exp
 0003:00000000       _rtDataAddrMap             10085000     speed_controllerDec10_capi.obj
 0003:00000208       _mmiStatic                 10085208     speed_controllerDec10_capi.obj
 0003:000008c0       _rtwCAPI_mallocError       100858c0     rtw_modelmap_utils.obj
 0003:000008d8       _mdlInfo                   100858d8     xpctarget.obj
 0003:00000a20       ?__vcrt_flsindex@@3KA      10085a20     libvcruntime:per_thread_data.obj
 0003:00000b24       ?errno_no_memory@@3HA      10085b24     libucrt:errno.obj
 0003:00000b28       ?doserrno_no_memory@@3KA   10085b28     libucrt:errno.obj
 0003:00000b6c       ?__acrt_flsindex@@3KA      10085b6c     libucrt:per_thread_data.obj
 0003:00000b70       __ctype_loc_style          10085b70     libucrt:wsetlocale.obj
 0003:00000d9c       ?__DAZ_ENABLED@?1??__set_fpsr_sse2@@9@9 10085d9c     libucrt:fpctrl.obj
 0003:00001030       __mbctypes                 10086030     libucrt:mbctype.obj
 0003:00001168       __mbcasemaps               10086168     libucrt:mbctype.obj
 0003:0000129c       ?__rgctypeflag@@3PADA      1008629c     libucrt:mbctype.obj
 0003:000012a0       ?__rgcode_page_info@@3PAUcode_page_info@@A 100862a0     libucrt:mbctype.obj
 0003:00001440       ?__dcrt_lowio_console_output_handle@@3PAXA 10086440     libucrt:initcon.obj
 0003:000017e0       ?rt_DataLoggingInfo@?4??speed_controllerDec10@@9@9 100867e0     speed_controllerDec10.obj
 0003:00001838       ?dims@?1??rt_mxGetDimensions@@9@9 10086838     rt_matrx.obj
 0003:00001848       _rtVarDimsAddrMap          10086848     speed_controllerDec10_capi.obj
 0003:000018c0       _rtm                       100868c0     xpctarget.obj
 0003:000018d8       _msg                       100868d8     sg_IO101_da_s.obj
 0003:00001a10       _msg                       10086a10     sg_IO101_setup_s.obj
 0003:00001b48       _msg                       10086b48     sg_IO106_ad_s.obj
 0003:00001c80       _msg                       10086c80     sg_IO106_setup_s.obj
 0003:00001db4       _registered_modules        10086db4     sglibc_MSVC140_vc:sglibc.obj
 0003:00001db8       _GS_ExceptionRecord        10086db8     LIBCMT:gs_report.obj
 0003:00001e08       _GS_ContextRecord          10086e08     LIBCMT:gs_report.obj
 0003:00002180       ?__proc_attached@@3HA      10087180     LIBCMT:dll_dllmain.obj
 0003:000021b4       ?module_local_atexit_table@@3U_onexit_table_t@@A 100871b4     LIBCMT:utility.obj
 0003:000021c0       ?module_local_at_quick_exit_table@@3U_onexit_table_t@@A 100871c0     LIBCMT:utility.obj
 0003:000021cc       ?module_local_atexit_table_initialized@@3_NA 100871cc     LIBCMT:utility.obj
 0003:000021d8       ?is_initialized_as_dll@@3_NA 100871d8     LIBCMT:utility.obj
 0003:0000220c       ?heap@@3V_HeapManager@@A   1008720c     libvcruntime:undname.obj
 0003:0000222c       ?__vcrt_startup_thread_ptd@@3U__vcrt_ptd@@A 1008722c     libvcruntime:per_thread_data.obj
 0003:0000225c       ___vcrt_lock_table         1008725c     libvcruntime:locks.obj
 0003:00002274       ___vcrt_locks_initialized  10087274     libvcruntime:locks.obj
 0003:00002280       ?module_handles@@3PAPAUHINSTANCE__@@A 10087280     libvcruntime:winapi_downlevel.obj
 0003:0000228c       ?encoded_function_pointers@@3PAPAXA 1008728c     libvcruntime:winapi_downlevel.obj
 0003:000022c0       ?c_termination_complete@@3JA 100872c0     libucrt:exit.obj
 0003:000022c4       ?thread_local_exit_callback_func@@3P6GXPAXK0@ZA 100872c4     libucrt:exit.obj
 0003:000022d0       ?program_name@?1???$common_configure_argv@D@@YAHW4_crt_argv_mode@@@Z@4PADA 100872d0     libucrt:argv_parsing.obj
 0003:00002410       ?program_name@?1???$common_configure_argv@_W@@YAHW4_crt_argv_mode@@@Z@4PA_WA 10087410     libucrt:argv_parsing.obj
 0003:000026b8       ?__acrt_invalid_parameter_handler@@3V?$dual_state_global@P6AXPB_W00II@Z@__crt_state_management@@A 100876b8     libucrt:invalid_parameter.obj
 0003:000026c0       ?module_handles@@3PAPAUHINSTANCE__@@A 100876c0     libucrt:winapi_thunks.obj
 0003:00002710       ?encoded_function_pointers@@3PAPAXA 10087710     libucrt:winapi_thunks.obj
 0003:000027c4       ?static_enum_proc@?1??enum_system_locales_ex_nolock@@YAHQ6GHPA_WKJ@Z@Z@4P6GH0KJ@ZA 100877c4     libucrt:winapi_thunks.obj
 0003:00002a34       ?internal_state@?1??_mbtowc_l@@9@4U_Mbstatet@@A 10087a34     libucrt:mbtowc.obj
 0003:00002a40       ?enable_percent_n@@3IA     10087a40     libucrt:printf_count_output.obj
 0003:00002a58       ?__acrt_lock_table@@3PAU_RTL_CRITICAL_SECTION@@A 10087a58     libucrt:locks.obj
 0003:00002ba8       ?__acrt_locks_initialized@@3IA 10087ba8     libucrt:locks.obj
 0003:00002bf0       ?state_cache@?1???$get_cached_win_policy@Ubegin_thread_init_policy_properties@?1??__acrt_get_begin_thread_init_policy@@YA?AW4begin_thread_init_policy@@XZ@@@YA?AW4begin_thread_init_policy@@W4AppPolicyThreadInitializationType@@@Z@4JA 10087bf0     libucrt:win_policies.obj
 0003:00002bf4       ?state_cache@?1???$get_cached_win_policy@Udeveloper_information_policy_properties@?1??__acrt_get_developer_information_policy@@YA?AW4developer_information_policy@@XZ@@@YA?AW4developer_information_policy@@W4AppPolicyShowDeveloperDiagnostic@@@Z@4JA 10087bf4     libucrt:win_policies.obj
 0003:00002bf8       ?state_cache@?1???$get_cached_win_policy@Uwindowing_model_policy_properties@?1??__acrt_get_windowing_model_policy@@YA?AW4windowing_model_policy@@XZ@@@YA?AW4windowing_model_policy@@W4AppPolicyWindowingModel@@@Z@4JA 10087bf8     libucrt:win_policies.obj
 0003:00002bfc       ?__acrt_app_type@@3W4_crt_app_type@@A 10087bfc     libucrt:report_runtime_error.obj
 0003:00002c00       ?outmsg@?9??__acrt_report_runtime_error@@9@4PA_WA 10087c00     libucrt:report_runtime_error.obj
 0003:00003364       ___acrt_error_mode         10088364     libucrt:set_error_mode.obj
 0003:00003368       ?console_ctrl_handler_installed@@3_NA 10088368     libucrt:signal.obj
 0003:0000336c       ?ctrlc_action@@3V?$dual_state_global@P6AXH@Z@__crt_state_management@@A 1008836c     libucrt:signal.obj
 0003:00003370       ?ctrlbreak_action@@3V?$dual_state_global@P6AXH@Z@__crt_state_management@@A 10088370     libucrt:signal.obj
 0003:00003374       ?abort_action@@3V?$dual_state_global@P6AXH@Z@__crt_state_management@@A 10088374     libucrt:signal.obj
 0003:00003378       ?term_action@@3V?$dual_state_global@P6AXH@Z@__crt_state_management@@A 10088378     libucrt:signal.obj
 0003:00003380       ?user_matherr@@3V?$dual_state_global@P6AHPAU_exception@@@Z@__crt_state_management@@A 10088380     libucrt:matherr.obj
 0003:00003390       ?fSystemSet@@3HA           10088390     libucrt:mbctype.obj
 0003:00003397       ?initialized@?1??__acrt_initialize_multibyte@@9@4_NA 10088397     libucrt:mbctype.obj
 0003:000033b8       ?__acrt_new_handler@@3V?$dual_state_global@P6AHI@Z@__crt_state_management@@A 100883b8     libucrt:new_handler.obj
 0003:000033bc       ?__acrt_global_new_mode@@3V?$dual_state_global@J@__crt_state_management@@A 100883bc     libucrt:new_mode.obj
 0003:000033c0       ?mbst@?1??mbrlen@@9@4U_Mbstatet@@A 100883c0     libucrt:mbrtowc.obj
 0003:000033cc       ?mbst@?1??mbrtowc@@9@4U_Mbstatet@@A 100883cc     libucrt:mbrtowc.obj
 0003:000033d8       ?mbst@?1??_mbsrtowcs_helper@@YAIPA_WPAPBDIPAU_Mbstatet@@@Z@4U2@A 100883d8     libucrt:mbrtowc.obj
 0003:000033ec       ?internal_pst@?1??__mbrtoc32_utf8@__crt_mbstring@@YAIPA_UPBDIPAU_Mbstatet@@@Z@4U3@A 100883ec     libucrt:mbrtoc32.obj
 0003:00003400       __pmatherr_set             10088400     libucrt:libm_error.obj
 0003:00003408       ?internal_pst@?1??__c16rtomb_utf8@__crt_mbstring@@YAIPAD_SPAU_Mbstatet@@@Z@4U3@A 10088408     libucrt:c16rtomb.obj
 0004:000004e4       .idata$6                   1009d4e4     kernel32:KERNEL32.dll
